core_cm7.h:1907:22:__NVIC_EnableIRQ	16	static
core_cm7.h:2037:22:__NVIC_SetPriority	16	static
core_cm7.h:2255:26:SysTick_Config	16	static
stm32f7xx_ll_bus.h:311:22:LL_AHB1_GRP1_EnableClock	24	static
stm32f7xx_ll_bus.h:885:22:LL_AHB3_GRP1_EnableClock	24	static
stm32f7xx_ll_bus.h:1073:22:LL_APB1_GRP1_EnableClock	24	static
stm32f7xx_ll_bus.h:1297:22:LL_APB1_GRP1_ForceReset	16	static
stm32f7xx_ll_bus.h:1369:22:LL_APB1_GRP1_ReleaseReset	16	static
stm32f7xx_ll_bus.h:1589:22:LL_APB2_GRP1_EnableClock	24	static
stm32f7xx_ll_rcc.h:1974:22:LL_RCC_HSE_Enable	4	static
stm32f7xx_ll_rcc.h:1994:26:LL_RCC_HSE_IsReady	4	static
stm32f7xx_ll_rcc.h:2216:22:LL_RCC_SetSysClkSource	16	static
stm32f7xx_ll_rcc.h:2229:26:LL_RCC_GetSysClkSource	4	static
stm32f7xx_ll_rcc.h:2249:22:LL_RCC_SetAHBPrescaler	16	static
stm32f7xx_ll_rcc.h:2265:22:LL_RCC_SetAPB1Prescaler	16	static
stm32f7xx_ll_rcc.h:2281:22:LL_RCC_SetAPB2Prescaler	16	static
stm32f7xx_ll_rcc.h:3134:22:LL_RCC_PLL_Enable	4	static
stm32f7xx_ll_rcc.h:3155:26:LL_RCC_PLL_IsReady	4	static
stm32f7xx_ll_rcc.h:3243:22:LL_RCC_PLL_ConfigDomain_SYS	24	static
stm32f7xx_ll_rcc.h:4161:22:LL_RCC_PLLSAI_Enable	4	static
stm32f7xx_ll_rcc.h:4171:22:LL_RCC_PLLSAI_Disable	4	static
stm32f7xx_ll_rcc.h:4181:26:LL_RCC_PLLSAI_IsReady	4	static
stm32f7xx_ll_system.h:513:22:LL_SYSCFG_SetEXTISource	32	static
stm32f7xx_ll_system.h:891:22:LL_FLASH_SetLatency	16	static
stm32f7xx_ll_system.h:917:26:LL_FLASH_GetLatency	4	static
stm32f7xx_ll_pwr.h:234:22:LL_PWR_EnableOverDriveSwitching	4	static
stm32f7xx_ll_pwr.h:264:22:LL_PWR_EnableOverDriveMode	4	static
stm32f7xx_ll_pwr.h:879:26:LL_PWR_IsActiveFlag_OD	4	static
stm32f7xx_ll_pwr.h:889:26:LL_PWR_IsActiveFlag_ODSW	4	static
stm32f7xx_ll_exti.h:268:22:LL_EXTI_EnableIT_0_31	16	static
stm32f7xx_ll_exti.h:533:22:LL_EXTI_EnableRisingTrig_0_31	16	static
stm32f7xx_ll_exti.h:662:22:LL_EXTI_EnableFallingTrig_0_31	16	static
stm32f7xx_ll_exti.h:905:22:LL_EXTI_ClearFlag_0_31	16	static
stm32f7xx_ll_gpio.h:274:22:LL_GPIO_SetPinMode	48	static
stm32f7xx_ll_gpio.h:343:22:LL_GPIO_SetPinOutputType	24	static
stm32f7xx_ll_gpio.h:414:22:LL_GPIO_SetPinSpeed	48	static
stm32f7xx_ll_gpio.h:485:22:LL_GPIO_SetPinPull	48	static
stm32f7xx_ll_gpio.h:557:22:LL_GPIO_SetAFPin_0_7	48	static
stm32f7xx_ll_gpio.h:634:22:LL_GPIO_SetAFPin_8_15	48	static
stm32f7xx_ll_gpio.h:882:22:LL_GPIO_SetOutputPin	16	static
stm32f7xx_ll_gpio.h:911:22:LL_GPIO_ResetOutputPin	16	static
inits.c:17:6:Timers_init	8	static
inits.c:33:6:TimQE_init	8	static
inits.c:69:6:TimADC_init	24	static
inits.c:98:6:TimTS_init	8	static
inits.c:117:6:TimMeas_init	8	static
inits.c:136:6:ADC_init	8	static
inits.c:150:6:ADC_Ch1_init	8	static
inits.c:193:6:ADC_Ch1_reinit	4	static
inits.c:212:6:ADC_Ch2_init	8	static
inits.c:255:6:ADC_Ch2_reinit	4	static
inits.c:274:6:LEDs_Buttons_init	8	static
inits.c:312:6:LTDC_init	8	static
inits.c:411:6:SDRAM_init	8	static
inits.c:526:6:DMA2D_init	8	static
inits.c:567:6:I2C_TS_init	8	static
inits.c:609:6:SystemClock_Config	8	static
inits.c:664:6:CPU_CACHE_Enable	24	static
