ui.c:392:13:drawGridHoriz	0	static
ui.c:420:13:drawGridVerti	0	static
ui.c:585:13:window_2_callback	0	static
ui.c:681:13:window_5_callback	16	static
ui.c:1025:13:selectField	16	static
ui.c:380:6:drawGrid	8	static
ui.c:165:6:initUI	56	static
ui.c:741:13:window_4_callback	16	static
ui.c:591:13:window_3_callback	16	static
ui.c:548:13:window_1_callback	16	static
ui.c:441:6:voltsToStr	24	static
ui.c:483:6:hertzToStr	24	static
ui.c:528:6:secToStr	24	static
ui.c:827:6:switchNextWindow	8	static
ui.c:870:6:DisplayMeasurements	16	static
ui.c:982:9:getCurrField	0	static
ui.c:992:6:goToField	16	static
ui.c:1008:6:switchNextField	8	static
ui.c:1093:6:changeFieldValue	24	static
ui.c:778:13:window_6_callback	8	static
ui.c:1402:6:dispToff	24	static
ui.c:1427:6:initFields	24	static
ui.c:1560:6:drawRedBorder	16	static
ui.c:1583:6:clearRedBorder	16	static
