ui.c:432:13:drawGridHoriz	0	static
ui.c:460:13:drawGridVerti	0	static
ui.c:642:13:window_2_callback	0	static
ui.c:959:13:window_8_callback	0	static
ui.c:738:13:window_5_callback	16	static
ui.c:1178:13:selectField	16	static
ui.c:420:6:drawGrid	8	static
ui.c:178:6:initUI	56	static
ui.c:798:13:window_4_callback	16	static
ui.c:648:13:window_3_callback	16	static
ui.c:604:13:window_1_callback	16	static
ui.c:481:6:voltsToStr	24	static
ui.c:523:6:hertzToStr	24	static
ui.c:584:6:secToStr	24	static
ui.c:969:6:switchNextWindow	8	static
ui.c:1023:6:DisplayMeasurements	16	static
ui.c:1135:9:getCurrField	0	static
ui.c:1145:6:goToField	16	static
ui.c:1161:6:switchNextField	8	static
ui.c:1246:6:changeFieldValue	32	static
ui.c:897:13:window_7_callback	24	static
ui.c:850:13:window_6_callback	8	static
ui.c:1570:6:dispToff	24	static
ui.c:1595:6:initFields	24	static
ui.c:1728:6:drawRedBorder	16	static
ui.c:1751:6:clearRedBorder	16	static
