ui.c:559:13:drawGridHoriz	0	static
ui.c:587:13:drawGridVerti	0	static
ui.c:796:13:window_2_callback	0	static
ui.c:1160:13:window_8_callback	0	static
ui.c:892:13:window_5_callback	16	static
ui.c:1589:13:selectField	16	static
ui.c:547:6:drawGrid	8	static
ui.c:222:6:initUI	56	static
ui.c:802:13:window_3_callback	16	static
ui.c:608:6:voltsToStr	24	static
ui.c:650:6:hertzToStr	24	static
ui.c:711:6:secToStr	24	static
ui.c:1351:6:switchNextWindow	8	static
ui.c:1415:6:clearWind4Submenus	16	static
ui.c:952:13:window_4_callback	24	static
ui.c:1434:6:DisplayMeasurements	16	static
ui.c:1546:9:getCurrField	0	static
ui.c:1556:6:goToField	16	static
ui.c:1572:6:switchNextField	8	static
ui.c:1995:6:dispToff	24	static
ui.c:2212:9:getCurrMathField	0	static
ui.c:2222:9:getCurrCursorField	0	static
ui.c:2232:6:initFields	24	static
ui.c:2373:6:drawRedBorder	16	static
ui.c:2085:6:changeFieldValueCursor	40	static
ui.c:1657:6:changeFieldValue	32	static
ui.c:1104:13:window_7_callback	24	static
ui.c:1057:13:window_6_callback	8	static
ui.c:2020:6:changeFieldValueMath	24	static
ui.c:1166:13:window_9_callback	16	static
ui.c:1255:13:window_10_callback	16	static
ui.c:731:13:window_1_callback	24	static
ui.c:2396:6:clearRedBorder	16	static
