ui.c:559:13:drawGridHoriz	0	static
ui.c:587:13:drawGridVerti	0	static
ui.c:778:13:window_2_callback	0	static
ui.c:1142:13:window_8_callback	0	static
ui.c:874:13:window_5_callback	16	static
ui.c:1566:13:selectField	16	static
ui.c:547:6:drawGrid	8	static
ui.c:222:6:initUI	56	static
ui.c:784:13:window_3_callback	16	static
ui.c:608:6:voltsToStr	24	static
ui.c:650:6:hertzToStr	24	static
ui.c:711:6:secToStr	24	static
ui.c:1328:6:switchNextWindow	8	static
ui.c:1392:6:clearWind4Submenus	16	static
ui.c:934:13:window_4_callback	24	static
ui.c:731:13:window_1_callback	16	static
ui.c:1411:6:DisplayMeasurements	16	static
ui.c:1523:9:getCurrField	0	static
ui.c:1533:6:goToField	16	static
ui.c:1549:6:switchNextField	8	static
ui.c:1634:6:changeFieldValue	32	static
ui.c:1086:13:window_7_callback	24	static
ui.c:1039:13:window_6_callback	8	static
ui.c:1965:6:dispToff	24	static
ui.c:1990:6:changeFieldValueMath	24	static
ui.c:1148:13:window_9_callback	16	static
ui.c:2038:6:changeFieldValueCursor	40	static
ui.c:1237:13:window_10_callback	16	static
ui.c:2156:9:getCurrMathField	0	static
ui.c:2166:9:getCurrCursorField	0	static
ui.c:2176:6:initFields	24	static
ui.c:2317:6:drawRedBorder	16	static
ui.c:2340:6:clearRedBorder	16	static
