ui.c:364:13:drawGridHoriz	0	static
ui.c:390:13:drawGridVerti	0	static
ui.c:553:6:window_2_callback	0	static
ui.c:649:6:window_4_callback	0	static
ui.c:671:6:window_5_callback	16	static
ui.c:929:13:selectField	16	static
ui.c:352:6:drawGrid	8	static
ui.c:153:6:initUI	56	static
ui.c:518:6:window_1_callback	16	static
ui.c:559:6:window_3_callback	16	static
ui.c:411:6:voltsToStr	24	static
ui.c:453:6:hertzToStr	24	static
ui.c:498:6:secToStr	24	static
ui.c:735:6:switchNextWindow	8	static
ui.c:774:6:DisplayMeasurements	16	static
ui.c:886:9:getCurrField	0	static
ui.c:896:6:goToField	16	static
ui.c:912:6:switchNextField	8	static
ui.c:997:6:changeFieldValue	24	static
ui.c:1244:6:dispToff	24	static
ui.c:1269:6:initFields	24	static
ui.c:1366:6:drawRedBorder	16	static
ui.c:1389:6:clearRedBorder	16	static
