ui.c:129:6:initUI	24	static
ui.c:328:6:drawGrid	8	static
ui.c:340:13:drawGridHoriz	24	static
ui.c:366:13:drawGridVerti	24	static
ui.c:387:6:voltsToStr	40	static
ui.c:429:6:hertzToStr	40	static
ui.c:474:6:secToStr	24	static
ui.c:494:6:window_1_callback	24	static
ui.c:529:6:window_2_callback	16	static
ui.c:535:6:window_3_callback	24	static
ui.c:624:6:window_4_callback	16	static
ui.c:646:6:window_5_callback	24	static
ui.c:710:6:switchNextWindow	8	static
ui.c:749:6:DisplayMeasurements	16	static
ui.c:861:6:goToField	16	static
ui.c:877:6:switchNextField	8	static
ui.c:894:13:selectField	24	static
ui.c:962:6:changeFieldValue	64	static
ui.c:1172:6:initFields	40	static
