ui.c:493:13:drawGridHoriz	0	static
ui.c:521:13:drawGridVerti	0	static
ui.c:705:13:window_2_callback	0	static
ui.c:1039:13:window_8_callback	0	static
ui.c:801:13:window_5_callback	16	static
ui.c:1350:13:selectField	16	static
ui.c:481:6:drawGrid	8	static
ui.c:203:6:initUI	56	static
ui.c:861:13:window_4_callback	24	static
ui.c:711:13:window_3_callback	16	static
ui.c:665:13:window_1_callback	16	static
ui.c:542:6:voltsToStr	24	static
ui.c:584:6:hertzToStr	24	static
ui.c:645:6:secToStr	24	static
ui.c:1136:6:switchNextWindow	8	static
ui.c:1195:6:DisplayMeasurements	16	static
ui.c:1307:9:getCurrField	0	static
ui.c:1317:6:goToField	16	static
ui.c:1333:6:switchNextField	8	static
ui.c:1418:6:changeFieldValue	32	static
ui.c:983:13:window_7_callback	24	static
ui.c:936:13:window_6_callback	8	static
ui.c:1749:6:dispToff	24	static
ui.c:1774:6:changeFieldValueMath	24	static
ui.c:1045:13:window_9_callback	16	static
ui.c:1822:9:getCurrMathField	0	static
ui.c:1832:6:initFields	24	static
ui.c:1973:6:drawRedBorder	16	static
ui.c:1996:6:clearRedBorder	16	static
