Archive member included to satisfy reference by file (symbol)

C:/Users/Anirudh/STM32Cube/Repository/CMSIS-PACK\ARM\CMSIS\5.7.0\CMSIS\DSP\Lib\GCC\libarm_cortexM7lfsp_math.a(arm_max_f32.o)
                              Src\measure.o (arm_max_f32)
C:/Users/Anirudh/STM32Cube/Repository/CMSIS-PACK\ARM\CMSIS\5.7.0\CMSIS\DSP\Lib\GCC\libarm_cortexM7lfsp_math.a(arm_cfft_init_f32.o)
                              Src\measure.o (arm_cfft_init_f32)
C:/Users/Anirudh/STM32Cube/Repository/CMSIS-PACK\ARM\CMSIS\5.7.0\CMSIS\DSP\Lib\GCC\libarm_cortexM7lfsp_math.a(arm_rfft_fast_init_f32.o)
                              Src\measure.o (arm_rfft_fast_init_f32)
C:/Users/Anirudh/STM32Cube/Repository/CMSIS-PACK\ARM\CMSIS\5.7.0\CMSIS\DSP\Lib\GCC\libarm_cortexM7lfsp_math.a(arm_rfft_fast_f32.o)
                              Src\measure.o (arm_rfft_fast_f32)
C:/Users/Anirudh/STM32Cube/Repository/CMSIS-PACK\ARM\CMSIS\5.7.0\CMSIS\DSP\Lib\GCC\libarm_cortexM7lfsp_math.a(arm_cfft_f32.o)
                              Src\measure.o (arm_cfft_f32)
C:/Users/Anirudh/STM32Cube/Repository/CMSIS-PACK\ARM\CMSIS\5.7.0\CMSIS\DSP\Lib\GCC\libarm_cortexM7lfsp_math.a(arm_bitreversal2.o)
                              C:/Users/Anirudh/STM32Cube/Repository/CMSIS-PACK\ARM\CMSIS\5.7.0\CMSIS\DSP\Lib\GCC\libarm_cortexM7lfsp_math.a(arm_cfft_f32.o) (arm_bitreversal_32)
C:/Users/Anirudh/STM32Cube/Repository/CMSIS-PACK\ARM\CMSIS\5.7.0\CMSIS\DSP\Lib\GCC\libarm_cortexM7lfsp_math.a(arm_fir_interpolate_init_f32.o)
                              Src\triggers.o (arm_fir_interpolate_init_f32)
C:/Users/Anirudh/STM32Cube/Repository/CMSIS-PACK\ARM\CMSIS\5.7.0\CMSIS\DSP\Lib\GCC\libarm_cortexM7lfsp_math.a(arm_fir_interpolate_f32.o)
                              Src\triggers.o (arm_fir_interpolate_f32)
C:/Users/Anirudh/STM32Cube/Repository/CMSIS-PACK\ARM\CMSIS\5.7.0\CMSIS\DSP\Lib\GCC\libarm_cortexM7lfsp_math.a(arm_fir_decimate_init_f32.o)
                              Src\triggers.o (arm_fir_decimate_init_f32)
C:/Users/Anirudh/STM32Cube/Repository/CMSIS-PACK\ARM\CMSIS\5.7.0\CMSIS\DSP\Lib\GCC\libarm_cortexM7lfsp_math.a(arm_fir_decimate_f32.o)
                              Src\triggers.o (arm_fir_decimate_f32)
C:/Users/Anirudh/STM32Cube/Repository/CMSIS-PACK\ARM\CMSIS\5.7.0\CMSIS\DSP\Lib\GCC\libarm_cortexM7lfsp_math.a(arm_cmplx_mult_cmplx_f32.o)
                              Src\measure.o (arm_cmplx_mult_cmplx_f32)
C:/Users/Anirudh/STM32Cube/Repository/CMSIS-PACK\ARM\CMSIS\5.7.0\CMSIS\DSP\Lib\GCC\libarm_cortexM7lfsp_math.a(arm_cmplx_mag_squared_f32.o)
                              Src\measure.o (arm_cmplx_mag_squared_f32)
C:/Users/Anirudh/STM32Cube/Repository/CMSIS-PACK\ARM\CMSIS\5.7.0\CMSIS\DSP\Lib\GCC\libarm_cortexM7lfsp_math.a(arm_sin_f32.o)
                              Src\measure.o (arm_sin_f32)
C:/Users/Anirudh/STM32Cube/Repository/CMSIS-PACK\ARM\CMSIS\5.7.0\CMSIS\DSP\Lib\GCC\libarm_cortexM7lfsp_math.a(arm_cos_f32.o)
                              Src\measure.o (arm_cos_f32)
C:/Users/Anirudh/STM32Cube/Repository/CMSIS-PACK\ARM\CMSIS\5.7.0\CMSIS\DSP\Lib\GCC\libarm_cortexM7lfsp_math.a(arm_const_structs.o)
                              C:/Users/Anirudh/STM32Cube/Repository/CMSIS-PACK\ARM\CMSIS\5.7.0\CMSIS\DSP\Lib\GCC\libarm_cortexM7lfsp_math.a(arm_cfft_init_f32.o) (arm_cfft_sR_f32_len4096)
C:/Users/Anirudh/STM32Cube/Repository/CMSIS-PACK\ARM\CMSIS\5.7.0\CMSIS\DSP\Lib\GCC\libarm_cortexM7lfsp_math.a(arm_common_tables.o)
                              C:/Users/Anirudh/STM32Cube/Repository/CMSIS-PACK\ARM\CMSIS\5.7.0\CMSIS\DSP\Lib\GCC\libarm_cortexM7lfsp_math.a(arm_sin_f32.o) (sinTable_f32)
C:/Users/Anirudh/STM32Cube/Repository/CMSIS-PACK\ARM\CMSIS\5.7.0\CMSIS\DSP\Lib\GCC\libarm_cortexM7lfsp_math.a(arm_cfft_radix8_f32.o)
                              C:/Users/Anirudh/STM32Cube/Repository/CMSIS-PACK\ARM\CMSIS\5.7.0\CMSIS\DSP\Lib\GCC\libarm_cortexM7lfsp_math.a(arm_cfft_f32.o) (arm_radix8_butterfly_f32)
c:/program files (x86)/atollic/truestudio for stm32 9.3.0/armtools/bin/../lib/gcc/arm-atollic-eabi/6.3.1/../../../../arm-atollic-eabi/lib/armv7e-m/fpu/fpv5-sp-d16\libc.a(lib_a-efgcvt.o)
                              Src\ui.o (gcvt)
c:/program files (x86)/atollic/truestudio for stm32 9.3.0/armtools/bin/../lib/gcc/arm-atollic-eabi/6.3.1/../../../../arm-atollic-eabi/lib/armv7e-m/fpu/fpv5-sp-d16\libc.a(lib_a-impure.o)
                              c:/program files (x86)/atollic/truestudio for stm32 9.3.0/armtools/bin/../lib/gcc/arm-atollic-eabi/6.3.1/../../../../arm-atollic-eabi/lib/armv7e-m/fpu/fpv5-sp-d16\libc.a(lib_a-efgcvt.o) (_impure_ptr)
c:/program files (x86)/atollic/truestudio for stm32 9.3.0/armtools/bin/../lib/gcc/arm-atollic-eabi/6.3.1/../../../../arm-atollic-eabi/lib/armv7e-m/fpu/fpv5-sp-d16\libc.a(lib_a-init.o)
                              Src\startup_stm32f746xx.o (__libc_init_array)
c:/program files (x86)/atollic/truestudio for stm32 9.3.0/armtools/bin/../lib/gcc/arm-atollic-eabi/6.3.1/../../../../arm-atollic-eabi/lib/armv7e-m/fpu/fpv5-sp-d16\libc.a(lib_a-itoa.o)
[...]
Memory Configuration

Name             Origin             Length             Attributes
RAM              0x20000000         0x00050000         xrw
FLASH            0x08000000         0x00100000         xr
*default*        0x00000000         0xffffffff

Linker script and memory map

LOAD c:/program files (x86)/atollic/truestudio for stm32 9.3.0/armtools/bin/../lib/gcc/arm-atollic-eabi/6.3.1/armv7e-m/fpu/fpv5-sp-d16/crti.o
LOAD c:/program files (x86)/atollic/truestudio for stm32 9.3.0/armtools/bin/../lib/gcc/arm-atollic-eabi/6.3.1/armv7e-m/fpu/fpv5-sp-d16/crtbegin.o
LOAD Drivers\STM32F7xx_LL_Driver\stm32f7xx_ll_adc.o
LOAD Drivers\STM32F7xx_LL_Driver\stm32f7xx_ll_crc.o
LOAD Drivers\STM32F7xx_LL_Driver\stm32f7xx_ll_dac.o
LOAD Drivers\STM32F7xx_LL_Driver\stm32f7xx_ll_dma.o
LOAD Drivers\STM32F7xx_LL_Driver\stm32f7xx_ll_dma2d.o
LOAD Drivers\STM32F7xx_LL_Driver\stm32f7xx_ll_exti.o
LOAD Drivers\STM32F7xx_LL_Driver\stm32f7xx_ll_gpio.o
LOAD Drivers\STM32F7xx_LL_Driver\stm32f7xx_ll_i2c.o
LOAD Drivers\STM32F7xx_LL_Driver\stm32f7xx_ll_pwr.o
LOAD Drivers\STM32F7xx_LL_Driver\stm32f7xx_ll_rcc.o
LOAD Drivers\STM32F7xx_LL_Driver\stm32f7xx_ll_rng.o
LOAD Drivers\STM32F7xx_LL_Driver\stm32f7xx_ll_spi.o
LOAD Drivers\STM32F7xx_LL_Driver\stm32f7xx_ll_tim.o
LOAD Drivers\STM32F7xx_LL_Driver\stm32f7xx_ll_usart.o
LOAD Drivers\STM32F7xx_LL_Driver\stm32f7xx_ll_utils.o
LOAD Src\diskio.o
LOAD Src\display.o
LOAD Src\ff.o
LOAD Src\globals.o
LOAD Src\i2c.o
LOAD Src\inits.o
LOAD Src\main.o
LOAD Src\measure.o
LOAD Src\qspif.o
LOAD Src\startup_stm32f746xx.o
LOAD Src\stm32f7xx_it.o
LOAD Src\system_stm32f7xx.o
LOAD Src\touch.o
LOAD Src\triggers.o
LOAD Src\ugui.o
LOAD Src\ui.o
LOAD C:/Users/Anirudh/STM32Cube/Repository/CMSIS-PACK\ARM\CMSIS\5.7.0\CMSIS\DSP\Lib\GCC\libarm_cortexM7lfsp_math.a
                0x00000080                malloc_getpagesize_P = 0x80
START GROUP
LOAD c:/program files (x86)/atollic/truestudio for stm32 9.3.0/armtools/bin/../lib/gcc/arm-atollic-eabi/6.3.1/../../../../arm-atollic-eabi/lib/armv7e-m/fpu/fpv5-sp-d16\libc.a
LOAD c:/program files (x86)/atollic/truestudio for stm32 9.3.0/armtools/bin/../lib/gcc/arm-atollic-eabi/6.3.1/../../../../arm-atollic-eabi/lib/armv7e-m/fpu/fpv5-sp-d16\libm.a
END GROUP
START GROUP
LOAD c:/program files (x86)/atollic/truestudio for stm32 9.3.0/armtools/bin/../lib/gcc/arm-atollic-eabi/6.3.1/armv7e-m/fpu/fpv5-sp-d16\libgcc.a
LOAD c:/program files (x86)/atollic/truestudio for stm32 9.3.0/armtools/bin/../lib/gcc/arm-atollic-eabi/6.3.1/../../../../arm-atollic-eabi/lib/armv7e-m/fpu/fpv5-sp-d16\libc.a
END GROUP
START GROUP
LOAD c:/program files (x86)/atollic/truestudio for stm32 9.3.0/armtools/bin/../lib/gcc/arm-atollic-eabi/6.3.1/armv7e-m/fpu/fpv5-sp-d16\libgcc.a
LOAD c:/program files (x86)/atollic/truestudio for stm32 9.3.0/armtools/bin/../lib/gcc/arm-atollic-eabi/6.3.1/../../../../arm-atollic-eabi/lib/armv7e-m/fpu/fpv5-sp-d16\libc.a
LOAD c:/program files (x86)/atollic/truestudio for stm32 9.3.0/armtools/bin/../lib/gcc/arm-atollic-eabi/6.3.1/../../../../arm-atollic-eabi/lib/armv7e-m/fpu/fpv5-sp-d16\libnosys.a
END GROUP
LOAD c:/program files (x86)/atollic/truestudio for stm32 9.3.0/armtools/bin/../lib/gcc/arm-atollic-eabi/6.3.1/armv7e-m/fpu/fpv5-sp-d16/crtend.o
LOAD c:/program files (x86)/atollic/truestudio for stm32 9.3.0/armtools/bin/../lib/gcc/arm-atollic-eabi/6.3.1/armv7e-m/fpu/fpv5-sp-d16/crtn.o
                0x20050000                _estack = 0x20050000
                0x00000000                _Min_Heap_Size = 0x0
                0x00000800                _Min_Stack_Size = 0x800

.isr_vector     0x08000000      0x1c8
                0x08000000                . = ALIGN (0x4)
 *(.isr_vector)
 .isr_vector    0x08000000      0x1c8 Src\startup_stm32f746xx.o
                0x08000000                g_pfnVectors
                0x080001c8                . = ALIGN (0x4)

.text           0x080001d0    0x13af0
                0x080001d0                . = ALIGN (0x4)
 *(.text)
 .text          0x080001d0       0x40 c:/program files (x86)/atollic/truestudio for stm32 9.3.0/armtools/bin/../lib/gcc/arm-atollic-eabi/6.3.1/armv7e-m/fpu/fpv5-sp-d16/crtbegin.o
 .text          0x08000210       0x10 c:/program files (x86)/atollic/truestudio for stm32 9.3.0/armtools/bin/../lib/gcc/arm-atollic-eabi/6.3.1/../../../../arm-atollic-eabi/lib/armv7e-m/fpu/fpv5-sp-d16\libc.a(lib_a-strlen.o)
                0x08000210                strlen
 .text          0x08000220       0xa0 c:/program files (x86)/atollic/truestudio for stm32 9.3.0/armtools/bin/../lib/gcc/arm-atollic-eabi/6.3.1/../../../../arm-atollic-eabi/lib/armv7e-m/fpu/fpv5-sp-d16\libc.a(lib_a-memchr.o)
                0x08000220                memchr
 .text          0x080002c0      0x370 c:/program files (x86)/atollic/truestudio for stm32 9.3.0/armtools/bin/../lib/gcc/arm-atollic-eabi/6.3.1/armv7e-m/fpu/fpv5-sp-d16\libgcc.a(_arm_addsubdf3.o)
                0x080002c0                __aeabi_drsub
                0x080002c8                __aeabi_dsub
                0x080002c8                __subdf3
                0x080002cc                __aeabi_dadd
                0x080002cc                __adddf3
                0x08000544                __floatunsidf
                0x08000544                __aeabi_ui2d
                0x08000564                __floatsidf
                0x08000564                __aeabi_i2d
                0x08000588                __aeabi_f2d
                0x08000588                __extendsfdf2
                0x080005c4                __floatundidf
                0x080005c4                __aeabi_ul2d
                0x080005d4                __floatdidf
                0x080005d4                __aeabi_l2d
 .text          0x08000630      0x424 c:/program files (x86)/atollic/truestudio for stm32 9.3.0/armtools/bin/../lib/gcc/arm-atollic-eabi/6.3.1/armv7e-m/fpu/fpv5-sp-d16\libgcc.a(_arm_muldivdf3.o)
                0x08000630                __aeabi_dmul
                0x08000630                __muldf3
                0x08000884                __divdf3
                0x08000884                __aeabi_ddiv
 .text          0x08000a54      0x110 c:/program files (x86)/atollic/truestudio for stm32 9.3.0/armtools/bin/../lib/gcc/arm-atollic-eabi/6.3.1/armv7e-m/fpu/fpv5-sp-d16\libgcc.a(_arm_cmpdf2.o)
                0x08000a54                __gtdf2
                0x08000a54                __gedf2
                0x08000a5c                __ltdf2
                0x08000a5c                __ledf2
                0x08000a64                __nedf2
                0x08000a64                __eqdf2
                0x08000a64                __cmpdf2
                0x08000ae0                __aeabi_cdrcmple
                0x08000af0                __aeabi_cdcmpeq
                0x08000af0                __aeabi_cdcmple
                0x08000b00                __aeabi_dcmpeq
                0x08000b14                __aeabi_dcmplt
                0x08000b28                __aeabi_dcmple
                0x08000b3c                __aeabi_dcmpge
                0x08000b50                __aeabi_dcmpgt
 .text          0x08000b64       0x2c c:/program files (x86)/atollic/truestudio for stm32 9.3.0/armtools/bin/../lib/gcc/arm-atollic-eabi/6.3.1/armv7e-m/fpu/fpv5-sp-d16\libgcc.a(_arm_unorddf2.o)
                0x08000b64                __unorddf2
                0x08000b64                __aeabi_dcmpun
 .text          0x08000b90       0x50 c:/program files (x86)/atollic/truestudio for stm32 9.3.0/armtools/bin/../lib/gcc/arm-atollic-eabi/6.3.1/armv7e-m/fpu/fpv5-sp-d16\libgcc.a(_arm_fixdfsi.o)
                0x08000b90                __aeabi_d2iz
                0x08000b90                __fixdfsi
 .text          0x08000be0       0x40 c:/program files (x86)/atollic/truestudio for stm32 9.3.0/armtools/bin/../lib/gcc/arm-atollic-eabi/6.3.1/armv7e-m/fpu/fpv5-sp-d16\libgcc.a(_arm_fixunsdfsi.o)
                0x08000be0                __aeabi_d2uiz
                0x08000be0                __fixunsdfsi
 .text          0x08000c20       0xa0 c:/program files (x86)/atollic/truestudio for stm32 9.3.0/armtools/bin/../lib/gcc/arm-atollic-eabi/6.3.1/armv7e-m/fpu/fpv5-sp-d16\libgcc.a(_arm_truncdfsf2.o)
                0x08000c20                __truncdfsf2
                0x08000c20                __aeabi_d2f
 .text          0x08000cc0       0x30 c:/program files (x86)/atollic/truestudio for stm32 9.3.0/armtools/bin/../lib/gcc/arm-atollic-eabi/6.3.1/armv7e-m/fpu/fpv5-sp-d16\libgcc.a(_aeabi_uldivmod.o)
                0x08000cc0                __aeabi_uldivmod
 .text          0x08000cf0      0x2dc c:/program files (x86)/atollic/truestudio for stm32 9.3.0/armtools/bin/../lib/gcc/arm-atollic-eabi/6.3.1/armv7e-m/fpu/fpv5-sp-d16\libgcc.a(_udivmoddi4.o)
                0x08000cf0                __udivmoddi4
 .text          0x08000fcc        0x4 c:/program files (x86)/atollic/truestudio for stm32 9.3.0/armtools/bin/../lib/gcc/arm-atollic-eabi/6.3.1/armv7e-m/fpu/fpv5-sp-d16\libgcc.a(_dvmd_tls.o)
                0x08000fcc                __aeabi_idiv0
                0x08000fcc                __aeabi_ldiv0
 *(.text*)
 .text.LL_mDelay
                0x08000fd0       0x2c Drivers\STM32F7xx_LL_Driver\stm32f7xx_ll_utils.o
                0x08000fd0                LL_mDelay
 .text.disk_status
                0x08000ffc        0x4 Src\diskio.o
                0x08000ffc                disk_status
 .text.disk_initialize
                0x08001000        0xa Src\diskio.o
                0x08001000                disk_initialize
 .text.disk_read
                0x0800100a       0x2c Src\diskio.o
                0x0800100a                disk_read
 .text.disk_write
                0x08001036       0x2c Src\diskio.o
                0x08001036                disk_write
 .text.disk_ioctl
                0x08001062       0x24 Src\diskio.o
                0x08001062                disk_ioctl
 *fill*         0x08001086        0x2 
 .text.pset     0x08001088       0x1c Src\display.o
                0x08001088                pset
 .text.clearScreen
                0x080010a4       0x4c Src\display.o
                0x080010a4                clearScreen
 .text.fillScreenWave
                0x080010f0       0x50 Src\display.o
                0x080010f0                fillScreenWave
 .text.fillFrameUGUI
                0x08001140       0x84 Src\display.o
                0x08001140                fillFrameUGUI
 .text.drawLineUGUI
                0x080011c4       0xa4 Src\display.o
                0x080011c4                drawLineUGUI
 .text.updateToScreen
                0x08001268       0x6c Src\display.o
                0x08001268                updateToScreen
 .text.ld_word  0x080012d4        0xa Src\ff.o
 .text.ld_dword
                0x080012de       0x16 Src\ff.o
 .text.st_word  0x080012f4        0x8 Src\ff.o
 .text.st_dword
                0x080012fc       0x14 Src\ff.o
 .text.dbc_1st  0x08001310        0x4 Src\ff.o
 .text.dbc_2nd  0x08001314        0x4 Src\ff.o
 .text.clst2sect
                0x08001318       0x18 Src\ff.o
 .text.ld_clust
                0x08001330       0x26 Src\ff.o
 .text.st_clust
                0x08001356       0x26 Src\ff.o
 .text.get_ldnumber
                0x0800137c       0x54 Src\ff.o
 .text.validate
                0x080013d0       0x46 Src\ff.o
 .text.sync_window
                0x08001416       0x50 Src\ff.o
 .text.move_window
                0x08001466       0x36 Src\ff.o
 .text.check_fs
                0x0800149c       0xd8 Src\ff.o
 .text.find_volume
                0x08001574       0x84 Src\ff.o
 .text.mount_volume
                0x080015f8      0x2ac Src\ff.o
 .text.put_fat  0x080018a4      0x10e Src\ff.o
 .text.get_fat  0x080019b2       0xd2 Src\ff.o
 .text.dir_sdi  0x08001a84       0xb0 Src\ff.o
 .text.create_chain
                0x08001b34      0x128 Src\ff.o
 .text.remove_chain
                0x08001c5c       0x7e Src\ff.o
 .text.dir_clear
                0x08001cda       0x52 Src\ff.o
 .text.dir_next
                0x08001d2c       0xd6 Src\ff.o
 .text.dir_find
                0x08001e02       0x5a Src\ff.o
 .text.dir_alloc
                0x08001e5c       0x4e Src\ff.o
 *fill*         0x08001eaa        0x2 
 .text.create_name
                0x08001eac      0x120 Src\ff.o
 .text.follow_path
                0x08001fcc       0x8c Src\ff.o
 .text.dir_register
                0x08002058       0x46 Src\ff.o
 *fill*         0x0800209e        0x2 
 .text.sync_fs  0x080020a0       0x8c Src\ff.o
 .text.create_partition
                0x0800212c      0x130 Src\ff.o
 .text.f_mount  0x0800225c       0x50 Src\ff.o
                0x0800225c                f_mount
 .text.f_open   0x080022ac      0x214 Src\ff.o
                0x080022ac                f_open
 .text.f_read   0x080024c0      0x176 Src\ff.o
                0x080024c0                f_read
 .text.f_write  0x08002636      0x1b0 Src\ff.o
                0x08002636                f_write
 *fill*         0x080027e6        0x2 
 .text.f_sync   0x080027e8       0xa0 Src\ff.o
                0x080027e8                f_sync
 .text.f_close  0x08002888       0x28 Src\ff.o
                0x08002888                f_close
 .text.f_mkfs   0x080028b0      0x644 Src\ff.o
                0x080028b0                f_mkfs
 .text.I2C_ReadSingle
                0x08002ef4      0x130 Src\i2c.o
                0x08002ef4                I2C_ReadSingle
 .text.TimQE_init
                0x08003024      0x244 Src\inits.o
                0x08003024                TimQE_init
 .text.TimADC_init
                0x08003268       0x74 Src\inits.o
                0x08003268                TimADC_init
 .text.TimTS_init
                0x080032dc       0x5c Src\inits.o
                0x080032dc                TimTS_init
 .text.TimMeas_init
                0x08003338       0x5c Src\inits.o
                0x08003338                TimMeas_init
 .text.Timers_init
                0x08003394       0x20 Src\inits.o
                0x08003394                Timers_init
 .text.ADC_Ch1_init
                0x080033b4      0x124 Src\inits.o
                0x080033b4                ADC_Ch1_init
 .text.ADC_Ch1_reinit
                0x080034d8       0x3c Src\inits.o
                0x080034d8                ADC_Ch1_reinit
 .text.ADC_Ch2_init
                0x08003514      0x128 Src\inits.o
                0x08003514                ADC_Ch2_init
 .text.ADC_init
                0x0800363c        0xc Src\inits.o
                0x0800363c                ADC_init
 .text.ADC_Ch2_reinit
                0x08003648       0x3c Src\inits.o
                0x08003648                ADC_Ch2_reinit
 .text.LEDs_Buttons_init
                0x08003684      0x2ac Src\inits.o
                0x08003684                LEDs_Buttons_init
 .text.LTDC_init
                0x08003930      0x2c4 Src\inits.o
                0x08003930                LTDC_init
 .text.SDRAM_init
                0x08003bf4      0x2ac Src\inits.o
                0x08003bf4                SDRAM_init
 .text.DMA2D_init
                0x08003ea0       0xa4 Src\inits.o
                0x08003ea0                DMA2D_init
 .text.I2C_TS_init
                0x08003f44      0x200 Src\inits.o
                0x08003f44                I2C_TS_init
 .text.SystemClock_Config
                0x08004144      0x110 Src\inits.o
                0x08004144                SystemClock_Config
 .text.CPU_CACHE_Enable
                0x08004254       0x98 Src\inits.o
                0x08004254                CPU_CACHE_Enable
 .text.MPU_Config
                0x080042ec       0x2c Src\inits.o
                0x080042ec                MPU_Config
 .text.Get_tick
                0x08004318        0xc Src\main.o
                0x08004318                Get_tick
 .text.hangFirmware
                0x08004324       0x18 Src\main.o
                0x08004324                hangFirmware
 .text.main     0x0800433c      0xb08 Src\main.o
                0x0800433c                main
 .text.calcVmax
                0x08004e44       0x20 Src\measure.o
 .text.calcVmin
                0x08004e64       0x20 Src\measure.o
 .text.calcVpp  0x08004e84       0x16 Src\measure.o
 *fill*         0x08004e9a        0x2 
 .text.calcVavg
                0x08004e9c       0x24 Src\measure.o
 .text.czt      0x08004ec0      0x22c Src\measure.o
 .text.calcFreq
                0x080050ec      0x1bc Src\measure.o
 .text.calcDuty
                0x080052a8       0xe4 Src\measure.o
 .text.calcVrms
                0x0800538c       0x6c Src\measure.o
 .text.measure_init
                0x080053f8       0x20 Src\measure.o
                0x080053f8                measure_init
 .text.calcMeasure
                0x08005418       0x94 Src\measure.o
                0x08005418                calcMeasure
 *fill*         0x080054ac        0x4 
 .text.calcSpectrum
                0x080054b0      0x12c Src\measure.o
                0x080054b0                calcSpectrum
 .text.QSPI_flash_statuspoll_single
                0x080055dc       0x7c Src\qspif.o
 .text.QSPI_flash_wren_single
                0x08005658       0x68 Src\qspif.o
 .text.QSPI_flash_statuspoll_quad
                0x080056c0       0x74 Src\qspif.o
 .text.QSPI_flash_wren_quad
                0x08005734       0x64 Src\qspif.o
 .text.QSPI_flash_read_reg_quad
                0x08005798       0x68 Src\qspif.o
 .text.QSPI_flash_clr_errors_quad
                0x08005800       0x64 Src\qspif.o
 .text.QSPI_flash_erase_subsector
                0x08005864       0xa0 Src\qspif.o
 .text.QSPI_DMA_config_read
                0x08005904       0x48 Src\qspif.o
 .text.QSPI_DMA_config_write
                0x0800594c       0x48 Src\qspif.o
 .text.QSPI_init
                0x08005994      0x630 Src\qspif.o
                0x08005994                QSPI_init
 .text.QSPI_flash_init
                0x08005fc4      0x190 Src\qspif.o
                0x08005fc4                QSPI_flash_init
 .text.QSPI_flash_read
                0x08006154       0xcc Src\qspif.o
                0x08006154                QSPI_flash_read
 .text.QSPI_flash_write
                0x08006220      0x180 Src\qspif.o
                0x08006220                QSPI_flash_write
 .text.Reset_Handler
                0x080063a0       0x50 Src\startup_stm32f746xx.o
                0x080063a0                Reset_Handler
 .text.Default_Handler
                0x080063f0        0x2 Src\startup_stm32f746xx.o
                0x080063f0                RTC_Alarm_IRQHandler
                0x080063f0                EXTI2_IRQHandler
                0x080063f0                TIM8_CC_IRQHandler
                0x080063f0                UART8_IRQHandler
                0x080063f0                SPI4_IRQHandler
                0x080063f0                TIM1_CC_IRQHandler
                0x080063f0                DMA2_Stream5_IRQHandler
                0x080063f0                DMA1_Stream5_IRQHandler
                0x080063f0                PVD_IRQHandler
                0x080063f0                TAMP_STAMP_IRQHandler
                0x080063f0                CAN2_RX1_IRQHandler
                0x080063f0                EXTI3_IRQHandler
                0x080063f0                TIM8_TRG_COM_TIM14_IRQHandler
                0x080063f0                TIM1_UP_TIM10_IRQHandler
                0x080063f0                TIM8_UP_TIM13_IRQHandler
                0x080063f0                I2C3_ER_IRQHandler
                0x080063f0                EXTI0_IRQHandler
                0x080063f0                I2C2_EV_IRQHandler
                0x080063f0                DMA1_Stream2_IRQHandler
                0x080063f0                CAN1_RX0_IRQHandler
                0x080063f0                FPU_IRQHandler
                0x080063f0                OTG_HS_WKUP_IRQHandler
                0x080063f0                CAN2_SCE_IRQHandler
                0x080063f0                DMA2_Stream2_IRQHandler
                0x080063f0                SPI1_IRQHandler
                0x080063f0                TIM6_DAC_IRQHandler
                0x080063f0                TIM1_BRK_TIM9_IRQHandler
                0x080063f0                DCMI_IRQHandler
                0x080063f0                CAN2_RX0_IRQHandler
                0x080063f0                DMA2_Stream3_IRQHandler
                0x080063f0                SAI2_IRQHandler
                0x080063f0                USART6_IRQHandler
                0x080063f0                USART3_IRQHandler
                0x080063f0                CAN1_RX1_IRQHandler
                0x080063f0                UART5_IRQHandler
                0x080063f0                QUADSPI_IRQHandler
                0x080063f0                I2C1_EV_IRQHandler
                0x080063f0                DMA1_Stream6_IRQHandler
                0x080063f0                DMA1_Stream1_IRQHandler
                0x080063f0                UART4_IRQHandler
                0x080063f0                RCC_IRQHandler
                0x080063f0                TIM8_BRK_TIM12_IRQHandler
                0x080063f0                Default_Handler
                0x080063f0                CEC_IRQHandler
                0x080063f0                ADC_IRQHandler
                0x080063f0                DMA1_Stream7_IRQHandler
                0x080063f0                SPI5_IRQHandler
                0x080063f0                TIM7_IRQHandler
                0x080063f0                SDMMC1_IRQHandler
                0x080063f0                CAN2_TX_IRQHandler
                0x080063f0                TIM5_IRQHandler
                0x080063f0                I2C3_EV_IRQHandler
                0x080063f0                RTC_WKUP_IRQHandler
                0x080063f0                LTDC_IRQHandler
                0x080063f0                ETH_WKUP_IRQHandler
                0x080063f0                SPDIF_RX_IRQHandler
                0x080063f0                SPI2_IRQHandler
                0x080063f0                OTG_HS_EP1_IN_IRQHandler
                0x080063f0                DMA1_Stream0_IRQHandler
                0x080063f0                CAN1_TX_IRQHandler
                0x080063f0                EXTI4_IRQHandler
                0x080063f0                RNG_IRQHandler
                0x080063f0                ETH_IRQHandler
                0x080063f0                OTG_HS_EP1_OUT_IRQHandler
                0x080063f0                WWDG_IRQHandler
                0x080063f0                SPI6_IRQHandler
                0x080063f0                I2C4_EV_IRQHandler
                0x080063f0                TIM2_IRQHandler
                0x080063f0                OTG_FS_WKUP_IRQHandler
                0x080063f0                TIM1_TRG_COM_TIM11_IRQHandler
                0x080063f0                OTG_HS_IRQHandler
                0x080063f0                EXTI1_IRQHandler
                0x080063f0                UART7_IRQHandler
                0x080063f0                USART2_IRQHandler
                0x080063f0                I2C2_ER_IRQHandler
                0x080063f0                CAN1_SCE_IRQHandler
                0x080063f0                FLASH_IRQHandler
                0x080063f0                DMA2_Stream4_IRQHandler
                0x080063f0                USART1_IRQHandler
                0x080063f0                OTG_FS_IRQHandler
                0x080063f0                SPI3_IRQHandler
                0x080063f0                DMA1_Stream4_IRQHandler
                0x080063f0                I2C1_ER_IRQHandler
                0x080063f0                FMC_IRQHandler
                0x080063f0                LPTIM1_IRQHandler
                0x080063f0                I2C4_ER_IRQHandler
                0x080063f0                DMA2_Stream6_IRQHandler
                0x080063f0                SAI1_IRQHandler
                0x080063f0                DMA1_Stream3_IRQHandler
 .text.NMI_Handler
                0x080063f2        0x2 Src\stm32f7xx_it.o
                0x080063f2                NMI_Handler
 .text.HardFault_Handler
                0x080063f4        0x2 Src\stm32f7xx_it.o
                0x080063f4                HardFault_Handler
 .text.MemManage_Handler
                0x080063f6        0x2 Src\stm32f7xx_it.o
                0x080063f6                MemManage_Handler
 .text.BusFault_Handler
                0x080063f8        0x2 Src\stm32f7xx_it.o
                0x080063f8                BusFault_Handler
 .text.UsageFault_Handler
                0x080063fa        0x2 Src\stm32f7xx_it.o
                0x080063fa                UsageFault_Handler
 .text.SVC_Handler
                0x080063fc        0x2 Src\stm32f7xx_it.o
                0x080063fc                SVC_Handler
 .text.DebugMon_Handler
                0x080063fe        0x2 Src\stm32f7xx_it.o
                0x080063fe                DebugMon_Handler
 .text.PendSV_Handler
                0x08006400        0x2 Src\stm32f7xx_it.o
                0x08006400                PendSV_Handler
 *fill*         0x08006402        0x2 
 .text.SysTick_Handler
                0x08006404       0x10 Src\stm32f7xx_it.o
                0x08006404                SysTick_Handler
 .text.EXTI9_5_IRQHandler
                0x08006414       0x30 Src\stm32f7xx_it.o
                0x08006414                EXTI9_5_IRQHandler
 .text.EXTI15_10_IRQHandler
                0x08006444       0x10 Src\stm32f7xx_it.o
                0x08006444                EXTI15_10_IRQHandler
 .text.DMA2_Stream0_IRQHandler
                0x08006454       0x38 Src\stm32f7xx_it.o
                0x08006454                DMA2_Stream0_IRQHandler
 .text.DMA2_Stream1_IRQHandler
                0x0800648c       0x38 Src\stm32f7xx_it.o
                0x0800648c                DMA2_Stream1_IRQHandler
 .text.DMA2_Stream7_IRQHandler
                0x080064c4        0x2 Src\stm32f7xx_it.o
                0x080064c4                DMA2_Stream7_IRQHandler
 *fill*         0x080064c6        0x2 
 .text.LTDC_ER_IRQHandler
                0x080064c8       0x24 Src\stm32f7xx_it.o
                0x080064c8                LTDC_ER_IRQHandler
 .text.DMA2D_IRQHandler
                0x080064ec       0x24 Src\stm32f7xx_it.o
                0x080064ec                DMA2D_IRQHandler
 .text.TIM4_IRQHandler
                0x08006510       0x1c Src\stm32f7xx_it.o
                0x08006510                TIM4_IRQHandler
 .text.TIM3_IRQHandler
                0x0800652c       0x1c Src\stm32f7xx_it.o
                0x0800652c                TIM3_IRQHandler
 .text.SystemInit
                0x08006548       0x50 Src\system_stm32f7xx.o
                0x08006548                SystemInit
 .text._write   0x08006598       0x48 Src\system_stm32f7xx.o
                0x08006598                _write
 .text.TS_ReadSingle
                0x080065e0       0x14 Src\touch.o
                0x080065e0                TS_ReadSingle
 .text.TS_DetectNumTouches
                0x080065f4       0x10 Src\touch.o
                0x080065f4                TS_DetectNumTouches
 .text.TS_GetXY
                0x08006604       0x38 Src\touch.o
                0x08006604                TS_GetXY
 .text.calcFilters
                0x0800663c      0x588 Src\triggers.o
 .text.findNextMultiple
                0x08006bc4       0x10 Src\triggers.o
 .text.getFiltDelay
                0x08006bd4       0x10 Src\triggers.o
 .text.processTriggers
                0x08006be4       0xf4 Src\triggers.o
                0x08006be4                processTriggers
 .text.chkTrigResampSig
                0x08006cd8       0xc4 Src\triggers.o
                0x08006cd8                chkTrigResampSig
 .text.resampleChannels
                0x08006d9c      0x8d0 Src\triggers.o
                0x08006d9c                resampleChannels
 .text.UG_Init  0x0800766c       0x80 Src\ugui.o
                0x0800766c                UG_Init
 .text.UG_FillFrame
                0x080076ec       0x70 Src\ugui.o
                0x080076ec                UG_FillFrame
 .text.UG_FillScreen
                0x0800775c       0x28 Src\ugui.o
                0x0800775c                UG_FillScreen
 .text.UG_DrawLine
                0x08007784      0x10c Src\ugui.o
                0x08007784                UG_DrawLine
 .text.UG_DrawFrame
                0x08007890       0x4a Src\ugui.o
                0x08007890                UG_DrawFrame
 *fill*         0x080078da        0x2 
 .text.UG_GetXDim
                0x080078dc       0x10 Src\ugui.o
                0x080078dc                UG_GetXDim
 .text.UG_GetYDim
                0x080078ec       0x10 Src\ugui.o
                0x080078ec                UG_GetYDim
 .text._UG_PutChar
                0x080078fc      0x364 Src\ugui.o
                0x080078fc                _UG_PutChar
 .text._UG_PutText
                0x08007c60      0x160 Src\ugui.o
                0x08007c60                _UG_PutText
 .text._UG_GetFreeObject
                0x08007dc0       0x2a Src\ugui.o
                0x08007dc0                _UG_GetFreeObject
 .text._UG_SearchObject
                0x08007dea       0x36 Src\ugui.o
                0x08007dea                _UG_SearchObject
 .text._UG_ProcessTouchData
                0x08007e20       0xbc Src\ugui.o
                0x08007e20                _UG_ProcessTouchData
 .text._UG_UpdateObjects
                0x08007edc       0x5a Src\ugui.o
                0x08007edc                _UG_UpdateObjects
 *fill*         0x08007f36        0x2 
 .text._UG_HandleEvents
                0x08007f38       0x58 Src\ugui.o
                0x08007f38                _UG_HandleEvents
 .text._UG_DrawObjectFrame
                0x08007f90      0x12c Src\ugui.o
                0x08007f90                _UG_DrawObjectFrame
 .text._UG_SendObjectPrerenderEvent
                0x080080bc       0x28 Src\ugui.o
                0x080080bc                _UG_SendObjectPrerenderEvent
 .text._UG_SendObjectPostrenderEvent
                0x080080e4       0x2a Src\ugui.o
                0x080080e4                _UG_SendObjectPostrenderEvent
 *fill*         0x0800810e        0x2 
 .text.UG_DriverRegister
                0x08008110       0x1c Src\ugui.o
                0x08008110                UG_DriverRegister
 .text.UG_DriverEnable
                0x0800812c       0x2c Src\ugui.o
                0x0800812c                UG_DriverEnable
 .text.UG_TouchUpdate
                0x08008158       0x10 Src\ugui.o
                0x08008158                UG_TouchUpdate
 .text.UG_WindowCreate
                0x08008168       0xac Src\ugui.o
                0x08008168                UG_WindowCreate
 .text.UG_WindowShow
                0x08008214       0x24 Src\ugui.o
                0x08008214                UG_WindowShow
 .text.UG_WindowResize
                0x08008238      0x13c Src\ugui.o
                0x08008238                UG_WindowResize
 .text.UG_WindowSetBackColor
                0x08008374       0x22 Src\ugui.o
                0x08008374                UG_WindowSetBackColor
 .text.UG_WindowSetStyle
                0x08008396       0x52 Src\ugui.o
                0x08008396                UG_WindowSetStyle
 .text.UG_WindowGetXStart
                0x080083e8       0x1c Src\ugui.o
                0x080083e8                UG_WindowGetXStart
 .text.UG_WindowGetArea
                0x08008404       0x68 Src\ugui.o
                0x08008404                UG_WindowGetArea
 .text._UG_ButtonUpdate
                0x0800846c      0x234 Src\ugui.o
                0x0800846c                _UG_ButtonUpdate
 .text._UG_TextboxUpdate
                0x080086a0      0x100 Src\ugui.o
                0x080086a0                _UG_TextboxUpdate
 .text._UG_WindowDrawTitle
                0x080087a0       0xf0 Src\ugui.o
                0x080087a0                _UG_WindowDrawTitle
 .text._UG_WindowUpdate
                0x08008890       0xe0 Src\ugui.o
                0x08008890                _UG_WindowUpdate
 .text.UG_Update
                0x08008970       0xb0 Src\ugui.o
                0x08008970                UG_Update
 .text._UG_WindowClear
                0x08008a20       0x70 Src\ugui.o
                0x08008a20                _UG_WindowClear
 .text.UG_WindowHide
                0x08008a90       0x84 Src\ugui.o
                0x08008a90                UG_WindowHide
 .text.UG_ButtonCreate
                0x08008b14       0x98 Src\ugui.o
                0x08008b14                UG_ButtonCreate
 .text.UG_ButtonSetBackColor
                0x08008bac       0x24 Src\ugui.o
                0x08008bac                UG_ButtonSetBackColor
 .text.UG_ButtonSetText
                0x08008bd0       0x24 Src\ugui.o
                0x08008bd0                UG_ButtonSetText
 .text.UG_ButtonSetFont
                0x08008bf4       0x24 Src\ugui.o
                0x08008bf4                UG_ButtonSetFont
 .text.UG_TextboxCreate
                0x08008c18       0x88 Src\ugui.o
                0x08008c18                UG_TextboxCreate
 .text.UG_TextboxSetBackColor
                0x08008ca0       0x24 Src\ugui.o
                0x08008ca0                UG_TextboxSetBackColor
 .text.UG_TextboxSetText
                0x08008cc4       0x24 Src\ugui.o
                0x08008cc4                UG_TextboxSetText
 .text.UG_TextboxSetFont
                0x08008ce8       0x24 Src\ugui.o
                0x08008ce8                UG_TextboxSetFont
 .text.UG_TextboxSetAlignment
                0x08008d0c       0x24 Src\ugui.o
                0x08008d0c                UG_TextboxSetAlignment
 .text.drawGridHoriz
                0x08008d30       0x58 Src\ui.o
 .text.drawGridVerti
                0x08008d88       0x30 Src\ui.o
 .text.window_2_callback
                0x08008db8        0x2 Src\ui.o
 .text.window_8_callback
                0x08008dba        0x2 Src\ui.o
 .text.window_5_callback
                0x08008dbc       0xf0 Src\ui.o
 .text.selectField
                0x08008eac       0xc4 Src\ui.o
 .text.drawGrid
                0x08008f70        0xc Src\ui.o
                0x08008f70                drawGrid
 .text.initUI   0x08008f7c      0xf0c Src\ui.o
                0x08008f7c                initUI
 .text.window_3_callback
                0x08009e88      0x228 Src\ui.o
 .text.voltsToStr
                0x0800a0b0      0x10c Src\ui.o
                0x0800a0b0                voltsToStr
 .text.hertzToStr
                0x0800a1bc      0x1c8 Src\ui.o
                0x0800a1bc                hertzToStr
 .text.secToStr
                0x0800a384      0x104 Src\ui.o
                0x0800a384                secToStr
 .text.switchNextWindow
                0x0800a488      0x18c Src\ui.o
                0x0800a488                switchNextWindow
 .text.clearWind4Submenus
                0x0800a614       0x88 Src\ui.o
                0x0800a614                clearWind4Submenus
 .text.window_4_callback
                0x0800a69c      0x1c0 Src\ui.o
 .text.DisplayMeasurements
                0x0800a85c      0x4a0 Src\ui.o
                0x0800a85c                DisplayMeasurements
 .text.goToField
                0x0800acfc       0x20 Src\ui.o
                0x0800acfc                goToField
 .text.switchNextField
                0x0800ad1c       0x38 Src\ui.o
                0x0800ad1c                switchNextField
 .text.dispToff
                0x0800ad54       0xc4 Src\ui.o
                0x0800ad54                dispToff
 .text.getCurrMathField
                0x0800ae18        0xc Src\ui.o
                0x0800ae18                getCurrMathField
 .text.getCurrCursorField
                0x0800ae24        0xc Src\ui.o
                0x0800ae24                getCurrCursorField
 .text.initFields
                0x0800ae30      0x634 Src\ui.o
                0x0800ae30                initFields
 .text.drawRedBorder
                0x0800b464       0x92 Src\ui.o
                0x0800b464                drawRedBorder
 *fill*         0x0800b4f6        0x2 
 .text.changeFieldValueCursor
                0x0800b4f8      0x7b8 Src\ui.o
                0x0800b4f8                changeFieldValueCursor
 .text.changeFieldValue
                0x0800bcb0      0xe18 Src\ui.o
                0x0800bcb0                changeFieldValue
 .text.window_7_callback
                0x0800cac8      0x148 Src\ui.o
 .text.window_6_callback
                0x0800cc10       0xe0 Src\ui.o
 .text.changeFieldValueMath
                0x0800ccf0      0x2a0 Src\ui.o
                0x0800ccf0                changeFieldValueMath
 .text.window_9_callback
                0x0800cf90      0x1ac Src\ui.o
 .text.window_10_callback
                0x0800d13c      0x1e4 Src\ui.o
 .text.window_1_callback
                0x0800d320      0x114 Src\ui.o
 .text.clearRedBorder
                0x0800d434       0x94 Src\ui.o
                0x0800d434                clearRedBorder
 .text.arm_max_f32
                0x0800d4c8       0xd4 C:/Users/Anirudh/STM32Cube/Repository/CMSIS-PACK\ARM\CMSIS\5.7.0\CMSIS\DSP\Lib\GCC\libarm_cortexM7lfsp_math.a(arm_max_f32.o)
                0x0800d4c8                arm_max_f32
 .text.arm_cfft_init_f32
                0x0800d59c       0xa0 C:/Users/Anirudh/STM32Cube/Repository/CMSIS-PACK\ARM\CMSIS\5.7.0\CMSIS\DSP\Lib\GCC\libarm_cortexM7lfsp_math.a(arm_cfft_init_f32.o)
                0x0800d59c                arm_cfft_init_f32
 .text.arm_rfft_32_fast_init_f32
                0x0800d63c       0x24 C:/Users/Anirudh/STM32Cube/Repository/CMSIS-PACK\ARM\CMSIS\5.7.0\CMSIS\DSP\Lib\GCC\libarm_cortexM7lfsp_math.a(arm_rfft_fast_init_f32.o)
 .text.arm_rfft_64_fast_init_f32
                0x0800d660       0x24 C:/Users/Anirudh/STM32Cube/Repository/CMSIS-PACK\ARM\CMSIS\5.7.0\CMSIS\DSP\Lib\GCC\libarm_cortexM7lfsp_math.a(arm_rfft_fast_init_f32.o)
 .text.arm_rfft_128_fast_init_f32
                0x0800d684       0x24 C:/Users/Anirudh/STM32Cube/Repository/CMSIS-PACK\ARM\CMSIS\5.7.0\CMSIS\DSP\Lib\GCC\libarm_cortexM7lfsp_math.a(arm_rfft_fast_init_f32.o)
 .text.arm_rfft_256_fast_init_f32
                0x0800d6a8       0x24 C:/Users/Anirudh/STM32Cube/Repository/CMSIS-PACK\ARM\CMSIS\5.7.0\CMSIS\DSP\Lib\GCC\libarm_cortexM7lfsp_math.a(arm_rfft_fast_init_f32.o)
 .text.arm_rfft_512_fast_init_f32
                0x0800d6cc       0x28 C:/Users/Anirudh/STM32Cube/Repository/CMSIS-PACK\ARM\CMSIS\5.7.0\CMSIS\DSP\Lib\GCC\libarm_cortexM7lfsp_math.a(arm_rfft_fast_init_f32.o)
 .text.arm_rfft_1024_fast_init_f32
                0x0800d6f4       0x28 C:/Users/Anirudh/STM32Cube/Repository/CMSIS-PACK\ARM\CMSIS\5.7.0\CMSIS\DSP\Lib\GCC\libarm_cortexM7lfsp_math.a(arm_rfft_fast_init_f32.o)
 .text.arm_rfft_2048_fast_init_f32
                0x0800d71c       0x28 C:/Users/Anirudh/STM32Cube/Repository/CMSIS-PACK\ARM\CMSIS\5.7.0\CMSIS\DSP\Lib\GCC\libarm_cortexM7lfsp_math.a(arm_rfft_fast_init_f32.o)
 .text.arm_rfft_4096_fast_init_f32
                0x0800d744       0x28 C:/Users/Anirudh/STM32Cube/Repository/CMSIS-PACK\ARM\CMSIS\5.7.0\CMSIS\DSP\Lib\GCC\libarm_cortexM7lfsp_math.a(arm_rfft_fast_init_f32.o)
 .text.arm_rfft_fast_init_f32
                0x0800d76c       0x74 C:/Users/Anirudh/STM32Cube/Repository/CMSIS-PACK\ARM\CMSIS\5.7.0\CMSIS\DSP\Lib\GCC\libarm_cortexM7lfsp_math.a(arm_rfft_fast_init_f32.o)
                0x0800d76c                arm_rfft_fast_init_f32
 .text.stage_rfft_f32
                0x0800d7e0       0xbc C:/Users/Anirudh/STM32Cube/Repository/CMSIS-PACK\ARM\CMSIS\5.7.0\CMSIS\DSP\Lib\GCC\libarm_cortexM7lfsp_math.a(arm_rfft_fast_f32.o)
                0x0800d7e0                stage_rfft_f32
 .text.merge_rfft_f32
                0x0800d89c       0xac C:/Users/Anirudh/STM32Cube/Repository/CMSIS-PACK\ARM\CMSIS\5.7.0\CMSIS\DSP\Lib\GCC\libarm_cortexM7lfsp_math.a(arm_rfft_fast_f32.o)
                0x0800d89c                merge_rfft_f32
 .text.arm_rfft_fast_f32
                0x0800d948       0x38 C:/Users/Anirudh/STM32Cube/Repository/CMSIS-PACK\ARM\CMSIS\5.7.0\CMSIS\DSP\Lib\GCC\libarm_cortexM7lfsp_math.a(arm_rfft_fast_f32.o)
                0x0800d948                arm_rfft_fast_f32
 .text.arm_cfft_radix8by2_f32
                0x0800d980      0x19c C:/Users/Anirudh/STM32Cube/Repository/CMSIS-PACK\ARM\CMSIS\5.7.0\CMSIS\DSP\Lib\GCC\libarm_cortexM7lfsp_math.a(arm_cfft_f32.o)
                0x0800d980                arm_cfft_radix8by2_f32
 .text.arm_cfft_radix8by4_f32
                0x0800db1c      0x4bc C:/Users/Anirudh/STM32Cube/Repository/CMSIS-PACK\ARM\CMSIS\5.7.0\CMSIS\DSP\Lib\GCC\libarm_cortexM7lfsp_math.a(arm_cfft_f32.o)
                0x0800db1c                arm_cfft_radix8by4_f32
 .text.arm_cfft_f32
                0x0800dfd8       0xec C:/Users/Anirudh/STM32Cube/Repository/CMSIS-PACK\ARM\CMSIS\5.7.0\CMSIS\DSP\Lib\GCC\libarm_cortexM7lfsp_math.a(arm_cfft_f32.o)
                0x0800dfd8                arm_cfft_f32
 .text.arm_bitreversal_32
                0x0800e0c4       0x50 C:/Users/Anirudh/STM32Cube/Repository/CMSIS-PACK\ARM\CMSIS\5.7.0\CMSIS\DSP\Lib\GCC\libarm_cortexM7lfsp_math.a(arm_bitreversal2.o)
                0x0800e0c4                arm_bitreversal_32
 .text.arm_fir_interpolate_init_f32
                0x0800e114       0x34 C:/Users/Anirudh/STM32Cube/Repository/CMSIS-PACK\ARM\CMSIS\5.7.0\CMSIS\DSP\Lib\GCC\libarm_cortexM7lfsp_math.a(arm_fir_interpolate_init_f32.o)
                0x0800e114                arm_fir_interpolate_init_f32
 .text.arm_fir_interpolate_f32
                0x0800e148      0x4a0 C:/Users/Anirudh/STM32Cube/Repository/CMSIS-PACK\ARM\CMSIS\5.7.0\CMSIS\DSP\Lib\GCC\libarm_cortexM7lfsp_math.a(arm_fir_interpolate_f32.o)
                0x0800e148                arm_fir_interpolate_f32
 .text.arm_fir_decimate_init_f32
                0x0800e5e8       0x3c C:/Users/Anirudh/STM32Cube/Repository/CMSIS-PACK\ARM\CMSIS\5.7.0\CMSIS\DSP\Lib\GCC\libarm_cortexM7lfsp_math.a(arm_fir_decimate_init_f32.o)
                0x0800e5e8                arm_fir_decimate_init_f32
 .text.arm_fir_decimate_f32
                0x0800e624      0x374 C:/Users/Anirudh/STM32Cube/Repository/CMSIS-PACK\ARM\CMSIS\5.7.0\CMSIS\DSP\Lib\GCC\libarm_cortexM7lfsp_math.a(arm_fir_decimate_f32.o)
                0x0800e624                arm_fir_decimate_f32
 .text.arm_cmplx_mult_cmplx_f32
                0x0800e998      0x194 C:/Users/Anirudh/STM32Cube/Repository/CMSIS-PACK\ARM\CMSIS\5.7.0\CMSIS\DSP\Lib\GCC\libarm_cortexM7lfsp_math.a(arm_cmplx_mult_cmplx_f32.o)
                0x0800e998                arm_cmplx_mult_cmplx_f32
 .text.arm_cmplx_mag_squared_f32
                0x0800eb2c       0xe0 C:/Users/Anirudh/STM32Cube/Repository/CMSIS-PACK\ARM\CMSIS\5.7.0\CMSIS\DSP\Lib\GCC\libarm_cortexM7lfsp_math.a(arm_cmplx_mag_squared_f32.o)
                0x0800eb2c                arm_cmplx_mag_squared_f32
 .text.arm_sin_f32
                0x0800ec0c       0x8c C:/Users/Anirudh/STM32Cube/Repository/CMSIS-PACK\ARM\CMSIS\5.7.0\CMSIS\DSP\Lib\GCC\libarm_cortexM7lfsp_math.a(arm_sin_f32.o)
                0x0800ec0c                arm_sin_f32
 .text.arm_cos_f32
                0x0800ec98       0x94 C:/Users/Anirudh/STM32Cube/Repository/CMSIS-PACK\ARM\CMSIS\5.7.0\CMSIS\DSP\Lib\GCC\libarm_cortexM7lfsp_math.a(arm_cos_f32.o)
                0x0800ec98                arm_cos_f32
 .text.arm_radix8_butterfly_f32
                0x0800ed2c      0x580 C:/Users/Anirudh/STM32Cube/Repository/CMSIS-PACK\ARM\CMSIS\5.7.0\CMSIS\DSP\Lib\GCC\libarm_cortexM7lfsp_math.a(arm_cfft_radix8_f32.o)
                0x0800ed2c                arm_radix8_butterfly_f32
 .text.gcvt     0x0800f2ac       0x58 c:/program files (x86)/atollic/truestudio for stm32 9.3.0/armtools/bin/../lib/gcc/arm-atollic-eabi/6.3.1/../../../../arm-atollic-eabi/lib/armv7e-m/fpu/fpv5-sp-d16\libc.a(lib_a-efgcvt.o)
                0x0800f2ac                gcvt
 .text.__libc_init_array
                0x0800f304       0x48 c:/program files (x86)/atollic/truestudio for stm32 9.3.0/armtools/bin/../lib/gcc/arm-atollic-eabi/6.3.1/../../../../arm-atollic-eabi/lib/armv7e-m/fpu/fpv5-sp-d16\libc.a(lib_a-init.o)
                0x0800f304                __libc_init_array
 .text.__itoa   0x0800f34c       0x30 c:/program files (x86)/atollic/truestudio for stm32 9.3.0/armtools/bin/../lib/gcc/arm-atollic-eabi/6.3.1/../../../../arm-atollic-eabi/lib/armv7e-m/fpu/fpv5-sp-d16\libc.a(lib_a-itoa.o)
                0x0800f34c                __itoa
 .text.itoa     0x0800f37c        0x4 c:/program files (x86)/atollic/truestudio for stm32 9.3.0/armtools/bin/../lib/gcc/arm-atollic-eabi/6.3.1/../../../../arm-atollic-eabi/lib/armv7e-m/fpu/fpv5-sp-d16\libc.a(lib_a-itoa.o)
                0x0800f37c                itoa
 .text.memcmp   0x0800f380       0x1e c:/program files (x86)/atollic/truestudio for stm32 9.3.0/armtools/bin/../lib/gcc/arm-atollic-eabi/6.3.1/../../../../arm-atollic-eabi/lib/armv7e-m/fpu/fpv5-sp-d16\libc.a(lib_a-memcmp.o)
                0x0800f380                memcmp
 .text.memcpy   0x0800f39e       0x16 c:/program files (x86)/atollic/truestudio for stm32 9.3.0/armtools/bin/../lib/gcc/arm-atollic-eabi/6.3.1/../../../../arm-atollic-eabi/lib/armv7e-m/fpu/fpv5-sp-d16\libc.a(lib_a-memcpy-stub.o)
                0x0800f39e                memcpy
 .text.memset   0x0800f3b4       0x10 c:/program files (x86)/atollic/truestudio for stm32 9.3.0/armtools/bin/../lib/gcc/arm-atollic-eabi/6.3.1/../../../../arm-atollic-eabi/lib/armv7e-m/fpu/fpv5-sp-d16\libc.a(lib_a-memset.o)
                0x0800f3b4                memset
 .text.printf   0x0800f3c4       0x30 c:/program files (x86)/atollic/truestudio for stm32 9.3.0/armtools/bin/../lib/gcc/arm-atollic-eabi/6.3.1/../../../../arm-atollic-eabi/lib/armv7e-m/fpu/fpv5-sp-d16\libc.a(lib_a-printf.o)
                0x0800f3c4                printf
 .text._puts_r  0x0800f3f4       0xc0 c:/program files (x86)/atollic/truestudio for stm32 9.3.0/armtools/bin/../lib/gcc/arm-atollic-eabi/6.3.1/../../../../arm-atollic-eabi/lib/armv7e-m/fpu/fpv5-sp-d16\libc.a(lib_a-puts.o)
                0x0800f3f4                _puts_r
 .text.puts     0x0800f4b4       0x10 c:/program files (x86)/atollic/truestudio for stm32 9.3.0/armtools/bin/../lib/gcc/arm-atollic-eabi/6.3.1/../../../../arm-atollic-eabi/lib/armv7e-m/fpu/fpv5-sp-d16\libc.a(lib_a-puts.o)
                0x0800f4b4                puts
 .text.strcat   0x0800f4c4       0x1e c:/program files (x86)/atollic/truestudio for stm32 9.3.0/armtools/bin/../lib/gcc/arm-atollic-eabi/6.3.1/../../../../arm-atollic-eabi/lib/armv7e-m/fpu/fpv5-sp-d16\libc.a(lib_a-strcat.o)
                0x0800f4c4                strcat
 .text.strchr   0x0800f4e2       0x1c c:/program files (x86)/atollic/truestudio for stm32 9.3.0/armtools/bin/../lib/gcc/arm-atollic-eabi/6.3.1/../../../../arm-atollic-eabi/lib/armv7e-m/fpu/fpv5-sp-d16\libc.a(lib_a-strchr.o)
                0x0800f4e2                strchr
 .text.strcpy   0x0800f4fe       0x10 c:/program files (x86)/atollic/truestudio for stm32 9.3.0/armtools/bin/../lib/gcc/arm-atollic-eabi/6.3.1/../../../../arm-atollic-eabi/lib/armv7e-m/fpu/fpv5-sp-d16\libc.a(lib_a-strcpy.o)
                0x0800f4fe                strcpy
 *fill*         0x0800f50e        0x2 
 .text.__utoa   0x0800f510       0x80 c:/program files (x86)/atollic/truestudio for stm32 9.3.0/armtools/bin/../lib/gcc/arm-atollic-eabi/6.3.1/../../../../arm-atollic-eabi/lib/armv7e-m/fpu/fpv5-sp-d16\libc.a(lib_a-utoa.o)
                0x0800f510                __utoa
 .text._vfprintf_r
                0x0800f590     0x1078 c:/program files (x86)/atollic/truestudio for stm32 9.3.0/armtools/bin/../lib/gcc/arm-atollic-eabi/6.3.1/../../../../arm-atollic-eabi/lib/armv7e-m/fpu/fpv5-sp-d16\libc.a(lib_a-vfprintf.o)
                0x0800f590                _vfprintf_r
 .text.__sbprintf
                0x08010608       0x80 c:/program files (x86)/atollic/truestudio for stm32 9.3.0/armtools/bin/../lib/gcc/arm-atollic-eabi/6.3.1/../../../../arm-atollic-eabi/lib/armv7e-m/fpu/fpv5-sp-d16\libc.a(lib_a-vfprintf.o)
 .text.__swsetup_r
                0x08010688       0xdc c:/program files (x86)/atollic/truestudio for stm32 9.3.0/armtools/bin/../lib/gcc/arm-atollic-eabi/6.3.1/../../../../arm-atollic-eabi/lib/armv7e-m/fpu/fpv5-sp-d16\libc.a(lib_a-wsetup.o)
                0x08010688                __swsetup_r
 .text.quorem   0x08010764      0x118 c:/program files (x86)/atollic/truestudio for stm32 9.3.0/armtools/bin/../lib/gcc/arm-atollic-eabi/6.3.1/../../../../arm-atollic-eabi/lib/armv7e-m/fpu/fpv5-sp-d16\libc.a(lib_a-dtoa.o)
 *fill*         0x0801087c        0x4 
 .text._dtoa_r  0x08010880      0xb9c c:/program files (x86)/atollic/truestudio for stm32 9.3.0/armtools/bin/../lib/gcc/arm-atollic-eabi/6.3.1/../../../../arm-atollic-eabi/lib/armv7e-m/fpu/fpv5-sp-d16\libc.a(lib_a-dtoa.o)
                0x08010880                _dtoa_r
 .text.print_e  0x0801141c       0xe8 c:/program files (x86)/atollic/truestudio for stm32 9.3.0/armtools/bin/../lib/gcc/arm-atollic-eabi/6.3.1/../../../../arm-atollic-eabi/lib/armv7e-m/fpu/fpv5-sp-d16\libc.a(lib_a-ecvtbuf.o)
 *fill*         0x08011504        0x4 
 .text._gcvt    0x08011508      0x18c c:/program files (x86)/atollic/truestudio for stm32 9.3.0/armtools/bin/../lib/gcc/arm-atollic-eabi/6.3.1/../../../../arm-atollic-eabi/lib/armv7e-m/fpu/fpv5-sp-d16\libc.a(lib_a-ecvtbuf.o)
                0x08011508                _gcvt
 .text.__sflush_r
                0x08011694      0x124 c:/program files (x86)/atollic/truestudio for stm32 9.3.0/armtools/bin/../lib/gcc/arm-atollic-eabi/6.3.1/../../../../arm-atollic-eabi/lib/armv7e-m/fpu/fpv5-sp-d16\libc.a(lib_a-fflush.o)
                0x08011694                __sflush_r
 .text._fflush_r
                0x080117b8       0x78 c:/program files (x86)/atollic/truestudio for stm32 9.3.0/armtools/bin/../lib/gcc/arm-atollic-eabi/6.3.1/../../../../arm-atollic-eabi/lib/armv7e-m/fpu/fpv5-sp-d16\libc.a(lib_a-fflush.o)
                0x080117b8                _fflush_r
 .text._cleanup_r
                0x08011830        0xc c:/program files (x86)/atollic/truestudio for stm32 9.3.0/armtools/bin/../lib/gcc/arm-atollic-eabi/6.3.1/../../../../arm-atollic-eabi/lib/armv7e-m/fpu/fpv5-sp-d16\libc.a(lib_a-findfp.o)
                0x08011830                _cleanup_r
 .text.std.isra.0
                0x0801183c       0x48 c:/program files (x86)/atollic/truestudio for stm32 9.3.0/armtools/bin/../lib/gcc/arm-atollic-eabi/6.3.1/../../../../arm-atollic-eabi/lib/armv7e-m/fpu/fpv5-sp-d16\libc.a(lib_a-findfp.o)
 .text.__sfmoreglue
                0x08011884       0x2c c:/program files (x86)/atollic/truestudio for stm32 9.3.0/armtools/bin/../lib/gcc/arm-atollic-eabi/6.3.1/../../../../arm-atollic-eabi/lib/armv7e-m/fpu/fpv5-sp-d16\libc.a(lib_a-findfp.o)
                0x08011884                __sfmoreglue
 .text.__sfp_lock_acquire
                0x080118b0        0xc c:/program files (x86)/atollic/truestudio for stm32 9.3.0/armtools/bin/../lib/gcc/arm-atollic-eabi/6.3.1/../../../../arm-atollic-eabi/lib/armv7e-m/fpu/fpv5-sp-d16\libc.a(lib_a-findfp.o)
                0x080118b0                __sfp_lock_acquire
 .text.__sfp_lock_release
                0x080118bc        0xc c:/program files (x86)/atollic/truestudio for stm32 9.3.0/armtools/bin/../lib/gcc/arm-atollic-eabi/6.3.1/../../../../arm-atollic-eabi/lib/armv7e-m/fpu/fpv5-sp-d16\libc.a(lib_a-findfp.o)
                0x080118bc                __sfp_lock_release
 .text.__sinit_lock_acquire
                0x080118c8        0xc c:/program files (x86)/atollic/truestudio for stm32 9.3.0/armtools/bin/../lib/gcc/arm-atollic-eabi/6.3.1/../../../../arm-atollic-eabi/lib/armv7e-m/fpu/fpv5-sp-d16\libc.a(lib_a-findfp.o)
                0x080118c8                __sinit_lock_acquire
 .text.__sinit_lock_release
                0x080118d4        0xc c:/program files (x86)/atollic/truestudio for stm32 9.3.0/armtools/bin/../lib/gcc/arm-atollic-eabi/6.3.1/../../../../arm-atollic-eabi/lib/armv7e-m/fpu/fpv5-sp-d16\libc.a(lib_a-findfp.o)
                0x080118d4                __sinit_lock_release
 .text.__sinit  0x080118e0       0x74 c:/program files (x86)/atollic/truestudio for stm32 9.3.0/armtools/bin/../lib/gcc/arm-atollic-eabi/6.3.1/../../../../arm-atollic-eabi/lib/armv7e-m/fpu/fpv5-sp-d16\libc.a(lib_a-findfp.o)
                0x080118e0                __sinit
 .text.__sfp    0x08011954       0x8c c:/program files (x86)/atollic/truestudio for stm32 9.3.0/armtools/bin/../lib/gcc/arm-atollic-eabi/6.3.1/../../../../arm-atollic-eabi/lib/armv7e-m/fpu/fpv5-sp-d16\libc.a(lib_a-findfp.o)
                0x08011954                __sfp
 .text._malloc_trim_r
                0x080119e0       0xac c:/program files (x86)/atollic/truestudio for stm32 9.3.0/armtools/bin/../lib/gcc/arm-atollic-eabi/6.3.1/../../../../arm-atollic-eabi/lib/armv7e-m/fpu/fpv5-sp-d16\libc.a(lib_a-freer.o)
                0x080119e0                _malloc_trim_r
 .text._free_r  0x08011a8c      0x178 c:/program files (x86)/atollic/truestudio for stm32 9.3.0/armtools/bin/../lib/gcc/arm-atollic-eabi/6.3.1/../../../../arm-atollic-eabi/lib/armv7e-m/fpu/fpv5-sp-d16\libc.a(lib_a-freer.o)
                0x08011a8c                _free_r
 .text.__sfvwrite_r
                0x08011c04      0x29c c:/program files (x86)/atollic/truestudio for stm32 9.3.0/armtools/bin/../lib/gcc/arm-atollic-eabi/6.3.1/../../../../arm-atollic-eabi/lib/armv7e-m/fpu/fpv5-sp-d16\libc.a(lib_a-fvwrite.o)
                0x08011c04                __sfvwrite_r
 .text._fwalk_reent
                0x08011ea0       0x3c c:/program files (x86)/atollic/truestudio for stm32 9.3.0/armtools/bin/../lib/gcc/arm-atollic-eabi/6.3.1/../../../../arm-atollic-eabi/lib/armv7e-m/fpu/fpv5-sp-d16\libc.a(lib_a-fwalk.o)
                0x08011ea0                _fwalk_reent
 .text._localeconv_r
                0x08011edc       0x1c c:/program files (x86)/atollic/truestudio for stm32 9.3.0/armtools/bin/../lib/gcc/arm-atollic-eabi/6.3.1/../../../../arm-atollic-eabi/lib/armv7e-m/fpu/fpv5-sp-d16\libc.a(lib_a-localeconv.o)
                0x08011edc                _localeconv_r
 .text.__retarget_lock_init_recursive
                0x08011ef8        0x2 c:/program files (x86)/atollic/truestudio for stm32 9.3.0/armtools/bin/../lib/gcc/arm-atollic-eabi/6.3.1/../../../../arm-atollic-eabi/lib/armv7e-m/fpu/fpv5-sp-d16\libc.a(lib_a-lock.o)
                0x08011ef8                __retarget_lock_init_recursive
 .text.__retarget_lock_close_recursive
                0x08011efa        0x2 c:/program files (x86)/atollic/truestudio for stm32 9.3.0/armtools/bin/../lib/gcc/arm-atollic-eabi/6.3.1/../../../../arm-atollic-eabi/lib/armv7e-m/fpu/fpv5-sp-d16\libc.a(lib_a-lock.o)
                0x08011efa                __retarget_lock_close_recursive
 .text.__retarget_lock_acquire_recursive
                0x08011efc        0x2 c:/program files (x86)/atollic/truestudio for stm32 9.3.0/armtools/bin/../lib/gcc/arm-atollic-eabi/6.3.1/../../../../arm-atollic-eabi/lib/armv7e-m/fpu/fpv5-sp-d16\libc.a(lib_a-lock.o)
                0x08011efc                __retarget_lock_acquire_recursive
 .text.__retarget_lock_release_recursive
                0x08011efe        0x2 c:/program files (x86)/atollic/truestudio for stm32 9.3.0/armtools/bin/../lib/gcc/arm-atollic-eabi/6.3.1/../../../../arm-atollic-eabi/lib/armv7e-m/fpu/fpv5-sp-d16\libc.a(lib_a-lock.o)
                0x08011efe                __retarget_lock_release_recursive
 .text.__swhatbuf_r
                0x08011f00       0x56 c:/program files (x86)/atollic/truestudio for stm32 9.3.0/armtools/bin/../lib/gcc/arm-atollic-eabi/6.3.1/../../../../arm-atollic-eabi/lib/armv7e-m/fpu/fpv5-sp-d16\libc.a(lib_a-makebuf.o)
                0x08011f00                __swhatbuf_r
 *fill*         0x08011f56        0x2 
 .text.__smakebuf_r
                0x08011f58       0x80 c:/program files (x86)/atollic/truestudio for stm32 9.3.0/armtools/bin/../lib/gcc/arm-atollic-eabi/6.3.1/../../../../arm-atollic-eabi/lib/armv7e-m/fpu/fpv5-sp-d16\libc.a(lib_a-makebuf.o)
                0x08011f58                __smakebuf_r
 .text.malloc   0x08011fd8       0x10 c:/program files (x86)/atollic/truestudio for stm32 9.3.0/armtools/bin/../lib/gcc/arm-atollic-eabi/6.3.1/../../../../arm-atollic-eabi/lib/armv7e-m/fpu/fpv5-sp-d16\libc.a(lib_a-malloc.o)
                0x08011fd8                malloc
 .text._malloc_r
                0x08011fe8      0x41c c:/program files (x86)/atollic/truestudio for stm32 9.3.0/armtools/bin/../lib/gcc/arm-atollic-eabi/6.3.1/../../../../arm-atollic-eabi/lib/armv7e-m/fpu/fpv5-sp-d16\libc.a(lib_a-mallocr.o)
                0x08011fe8                _malloc_r
 .text.memmove  0x08012404       0x34 c:/program files (x86)/atollic/truestudio for stm32 9.3.0/armtools/bin/../lib/gcc/arm-atollic-eabi/6.3.1/../../../../arm-atollic-eabi/lib/armv7e-m/fpu/fpv5-sp-d16\libc.a(lib_a-memmove.o)
                0x08012404                memmove
 .text.__malloc_lock
                0x08012438        0xc c:/program files (x86)/atollic/truestudio for stm32 9.3.0/armtools/bin/../lib/gcc/arm-atollic-eabi/6.3.1/../../../../arm-atollic-eabi/lib/armv7e-m/fpu/fpv5-sp-d16\libc.a(lib_a-mlock.o)
                0x08012438                __malloc_lock
 .text.__malloc_unlock
                0x08012444        0xc c:/program files (x86)/atollic/truestudio for stm32 9.3.0/armtools/bin/../lib/gcc/arm-atollic-eabi/6.3.1/../../../../arm-atollic-eabi/lib/armv7e-m/fpu/fpv5-sp-d16\libc.a(lib_a-mlock.o)
                0x08012444                __malloc_unlock
 .text._Balloc  0x08012450       0x68 c:/program files (x86)/atollic/truestudio for stm32 9.3.0/armtools/bin/../lib/gcc/arm-atollic-eabi/6.3.1/../../../../arm-atollic-eabi/lib/armv7e-m/fpu/fpv5-sp-d16\libc.a(lib_a-mprec.o)
                0x08012450                _Balloc
 .text._Bfree   0x080124b8       0x2e c:/program files (x86)/atollic/truestudio for stm32 9.3.0/armtools/bin/../lib/gcc/arm-atollic-eabi/6.3.1/../../../../arm-atollic-eabi/lib/armv7e-m/fpu/fpv5-sp-d16\libc.a(lib_a-mprec.o)
                0x080124b8                _Bfree
 .text.__multadd
                0x080124e6       0x76 c:/program files (x86)/atollic/truestudio for stm32 9.3.0/armtools/bin/../lib/gcc/arm-atollic-eabi/6.3.1/../../../../arm-atollic-eabi/lib/armv7e-m/fpu/fpv5-sp-d16\libc.a(lib_a-mprec.o)
                0x080124e6                __multadd
 .text.__hi0bits
                0x0801255c       0x3e c:/program files (x86)/atollic/truestudio for stm32 9.3.0/armtools/bin/../lib/gcc/arm-atollic-eabi/6.3.1/../../../../arm-atollic-eabi/lib/armv7e-m/fpu/fpv5-sp-d16\libc.a(lib_a-mprec.o)
                0x0801255c                __hi0bits
 .text.__lo0bits
                0x0801259a       0x5e c:/program files (x86)/atollic/truestudio for stm32 9.3.0/armtools/bin/../lib/gcc/arm-atollic-eabi/6.3.1/../../../../arm-atollic-eabi/lib/armv7e-m/fpu/fpv5-sp-d16\libc.a(lib_a-mprec.o)
                0x0801259a                __lo0bits
 .text.__i2b    0x080125f8       0x12 c:/program files (x86)/atollic/truestudio for stm32 9.3.0/armtools/bin/../lib/gcc/arm-atollic-eabi/6.3.1/../../../../arm-atollic-eabi/lib/armv7e-m/fpu/fpv5-sp-d16\libc.a(lib_a-mprec.o)
                0x080125f8                __i2b
 .text.__multiply
                0x0801260a      0x11a c:/program files (x86)/atollic/truestudio for stm32 9.3.0/armtools/bin/../lib/gcc/arm-atollic-eabi/6.3.1/../../../../arm-atollic-eabi/lib/armv7e-m/fpu/fpv5-sp-d16\libc.a(lib_a-mprec.o)
                0x0801260a                __multiply
 .text.__pow5mult
                0x08012724       0x9c c:/program files (x86)/atollic/truestudio for stm32 9.3.0/armtools/bin/../lib/gcc/arm-atollic-eabi/6.3.1/../../../../arm-atollic-eabi/lib/armv7e-m/fpu/fpv5-sp-d16\libc.a(lib_a-mprec.o)
                0x08012724                __pow5mult
 .text.__lshift
                0x080127c0       0xa2 c:/program files (x86)/atollic/truestudio for stm32 9.3.0/armtools/bin/../lib/gcc/arm-atollic-eabi/6.3.1/../../../../arm-atollic-eabi/lib/armv7e-m/fpu/fpv5-sp-d16\libc.a(lib_a-mprec.o)
                0x080127c0                __lshift
 .text.__mcmp   0x08012862       0x34 c:/program files (x86)/atollic/truestudio for stm32 9.3.0/armtools/bin/../lib/gcc/arm-atollic-eabi/6.3.1/../../../../arm-atollic-eabi/lib/armv7e-m/fpu/fpv5-sp-d16\libc.a(lib_a-mprec.o)
                0x08012862                __mcmp
 .text.__mdiff  0x08012896       0xbc c:/program files (x86)/atollic/truestudio for stm32 9.3.0/armtools/bin/../lib/gcc/arm-atollic-eabi/6.3.1/../../../../arm-atollic-eabi/lib/armv7e-m/fpu/fpv5-sp-d16\libc.a(lib_a-mprec.o)
                0x08012896                __mdiff
 .text.__d2b    0x08012952       0x9e c:/program files (x86)/atollic/truestudio for stm32 9.3.0/armtools/bin/../lib/gcc/arm-atollic-eabi/6.3.1/../../../../arm-atollic-eabi/lib/armv7e-m/fpu/fpv5-sp-d16\libc.a(lib_a-mprec.o)
                0x08012952                __d2b
 .text._mprec_log10
                0x080129f0       0x3c c:/program files (x86)/atollic/truestudio for stm32 9.3.0/armtools/bin/../lib/gcc/arm-atollic-eabi/6.3.1/../../../../arm-atollic-eabi/lib/armv7e-m/fpu/fpv5-sp-d16\libc.a(lib_a-mprec.o)
                0x080129f0                _mprec_log10
 .text._realloc_r
                0x08012a2c      0x300 c:/program files (x86)/atollic/truestudio for stm32 9.3.0/armtools/bin/../lib/gcc/arm-atollic-eabi/6.3.1/../../../../arm-atollic-eabi/lib/armv7e-m/fpu/fpv5-sp-d16\libc.a(lib_a-reallocr.o)
                0x08012a2c                _realloc_r
 .text._sbrk_r  0x08012d2c       0x20 c:/program files (x86)/atollic/truestudio for stm32 9.3.0/armtools/bin/../lib/gcc/arm-atollic-eabi/6.3.1/../../../../arm-atollic-eabi/lib/armv7e-m/fpu/fpv5-sp-d16\libc.a(lib_a-sbrkr.o)
                0x08012d2c                _sbrk_r
 .text.__sread  0x08012d4c       0x22 c:/program files (x86)/atollic/truestudio for stm32 9.3.0/armtools/bin/../lib/gcc/arm-atollic-eabi/6.3.1/../../../../arm-atollic-eabi/lib/armv7e-m/fpu/fpv5-sp-d16\libc.a(lib_a-stdio.o)
                0x08012d4c                __sread
 .text.__swrite
                0x08012d6e       0x38 c:/program files (x86)/atollic/truestudio for stm32 9.3.0/armtools/bin/../lib/gcc/arm-atollic-eabi/6.3.1/../../../../arm-atollic-eabi/lib/armv7e-m/fpu/fpv5-sp-d16\libc.a(lib_a-stdio.o)
                0x08012d6e                __swrite
 .text.__sseek  0x08012da6       0x24 c:/program files (x86)/atollic/truestudio for stm32 9.3.0/armtools/bin/../lib/gcc/arm-atollic-eabi/6.3.1/../../../../arm-atollic-eabi/lib/armv7e-m/fpu/fpv5-sp-d16\libc.a(lib_a-stdio.o)
                0x08012da6                __sseek
 .text.__sclose
                0x08012dca        0x8 c:/program files (x86)/atollic/truestudio for stm32 9.3.0/armtools/bin/../lib/gcc/arm-atollic-eabi/6.3.1/../../../../arm-atollic-eabi/lib/armv7e-m/fpu/fpv5-sp-d16\libc.a(lib_a-stdio.o)
                0x08012dca                __sclose
 .text.__sprint_r
                0x08012dd2       0x6a c:/program files (x86)/atollic/truestudio for stm32 9.3.0/armtools/bin/../lib/gcc/arm-atollic-eabi/6.3.1/../../../../arm-atollic-eabi/lib/armv7e-m/fpu/fpv5-sp-d16\libc.a(lib_a-vfiprintf.o)
                0x08012dd2                __sprint_r
 .text._write_r
                0x08012e3c       0x24 c:/program files (x86)/atollic/truestudio for stm32 9.3.0/armtools/bin/../lib/gcc/arm-atollic-eabi/6.3.1/../../../../arm-atollic-eabi/lib/armv7e-m/fpu/fpv5-sp-d16\libc.a(lib_a-writer.o)
                0x08012e3c                _write_r
 .text._calloc_r
                0x08012e60       0x5a c:/program files (x86)/atollic/truestudio for stm32 9.3.0/armtools/bin/../lib/gcc/arm-atollic-eabi/6.3.1/../../../../arm-atollic-eabi/lib/armv7e-m/fpu/fpv5-sp-d16\libc.a(lib_a-callocr.o)
                0x08012e60                _calloc_r
 *fill*         0x08012eba        0x2 
 .text._close_r
                0x08012ebc       0x20 c:/program files (x86)/atollic/truestudio for stm32 9.3.0/armtools/bin/../lib/gcc/arm-atollic-eabi/6.3.1/../../../../arm-atollic-eabi/lib/armv7e-m/fpu/fpv5-sp-d16\libc.a(lib_a-closer.o)
                0x08012ebc                _close_r
 .text._fclose_r
                0x08012edc       0xd8 c:/program files (x86)/atollic/truestudio for stm32 9.3.0/armtools/bin/../lib/gcc/arm-atollic-eabi/6.3.1/../../../../arm-atollic-eabi/lib/armv7e-m/fpu/fpv5-sp-d16\libc.a(lib_a-fclose.o)
                0x08012edc                _fclose_r
 .text.__fputwc
                0x08012fb4       0x82 c:/program files (x86)/atollic/truestudio for stm32 9.3.0/armtools/bin/../lib/gcc/arm-atollic-eabi/6.3.1/../../../../arm-atollic-eabi/lib/armv7e-m/fpu/fpv5-sp-d16\libc.a(lib_a-fputwc.o)
                0x08012fb4                __fputwc
 .text._fputwc_r
                0x08013036       0x52 c:/program files (x86)/atollic/truestudio for stm32 9.3.0/armtools/bin/../lib/gcc/arm-atollic-eabi/6.3.1/../../../../arm-atollic-eabi/lib/armv7e-m/fpu/fpv5-sp-d16\libc.a(lib_a-fputwc.o)
                0x08013036                _fputwc_r
 .text._fstat_r
                0x08013088       0x24 c:/program files (x86)/atollic/truestudio for stm32 9.3.0/armtools/bin/../lib/gcc/arm-atollic-eabi/6.3.1/../../../../arm-atollic-eabi/lib/armv7e-m/fpu/fpv5-sp-d16\libc.a(lib_a-fstatr.o)
                0x08013088                _fstat_r
 .text._isatty_r
                0x080130ac       0x20 c:/program files (x86)/atollic/truestudio for stm32 9.3.0/armtools/bin/../lib/gcc/arm-atollic-eabi/6.3.1/../../../../arm-atollic-eabi/lib/armv7e-m/fpu/fpv5-sp-d16\libc.a(lib_a-isattyr.o)
                0x080130ac                _isatty_r
 .text.__locale_mb_cur_max
                0x080130cc       0x1c c:/program files (x86)/atollic/truestudio for stm32 9.3.0/armtools/bin/../lib/gcc/arm-atollic-eabi/6.3.1/../../../../arm-atollic-eabi/lib/armv7e-m/fpu/fpv5-sp-d16\libc.a(lib_a-locale.o)
                0x080130cc                __locale_mb_cur_max
 .text._lseek_r
                0x080130e8       0x24 c:/program files (x86)/atollic/truestudio for stm32 9.3.0/armtools/bin/../lib/gcc/arm-atollic-eabi/6.3.1/../../../../arm-atollic-eabi/lib/armv7e-m/fpu/fpv5-sp-d16\libc.a(lib_a-lseekr.o)
                0x080130e8                _lseek_r
 .text.__ascii_mbtowc
                0x0801310c       0x24 c:/program files (x86)/atollic/truestudio for stm32 9.3.0/armtools/bin/../lib/gcc/arm-atollic-eabi/6.3.1/../../../../arm-atollic-eabi/lib/armv7e-m/fpu/fpv5-sp-d16\libc.a(lib_a-mbtowc_r.o)
                0x0801310c                __ascii_mbtowc
 .text._read_r  0x08013130       0x24 c:/program files (x86)/atollic/truestudio for stm32 9.3.0/armtools/bin/../lib/gcc/arm-atollic-eabi/6.3.1/../../../../arm-atollic-eabi/lib/armv7e-m/fpu/fpv5-sp-d16\libc.a(lib_a-readr.o)
                0x08013130                _read_r
 .text.__swbuf_r
                0x08013154       0xbc c:/program files (x86)/atollic/truestudio for stm32 9.3.0/armtools/bin/../lib/gcc/arm-atollic-eabi/6.3.1/../../../../arm-atollic-eabi/lib/armv7e-m/fpu/fpv5-sp-d16\libc.a(lib_a-wbuf.o)
                0x08013154                __swbuf_r
 .text._wcrtomb_r
                0x08013210       0x50 c:/program files (x86)/atollic/truestudio for stm32 9.3.0/armtools/bin/../lib/gcc/arm-atollic-eabi/6.3.1/../../../../arm-atollic-eabi/lib/armv7e-m/fpu/fpv5-sp-d16\libc.a(lib_a-wcrtomb.o)
                0x08013210                _wcrtomb_r
 .text.__ascii_wctomb
                0x08013260       0x1a c:/program files (x86)/atollic/truestudio for stm32 9.3.0/armtools/bin/../lib/gcc/arm-atollic-eabi/6.3.1/../../../../arm-atollic-eabi/lib/armv7e-m/fpu/fpv5-sp-d16\libc.a(lib_a-wctomb_r.o)
                0x08013260                __ascii_wctomb
 *fill*         0x0801327a        0x6 
 .text.ceil     0x08013280      0x108 c:/program files (x86)/atollic/truestudio for stm32 9.3.0/armtools/bin/../lib/gcc/arm-atollic-eabi/6.3.1/../../../../arm-atollic-eabi/lib/armv7e-m/fpu/fpv5-sp-d16\libm.a(lib_a-s_ceil.o)
                0x08013280                ceil
 .text.floor    0x08013388      0x108 c:/program files (x86)/atollic/truestudio for stm32 9.3.0/armtools/bin/../lib/gcc/arm-atollic-eabi/6.3.1/../../../../arm-atollic-eabi/lib/armv7e-m/fpu/fpv5-sp-d16\libm.a(lib_a-s_floor.o)
                0x08013388                floor
 .text.round    0x08013490       0x8c c:/program files (x86)/atollic/truestudio for stm32 9.3.0/armtools/bin/../lib/gcc/arm-atollic-eabi/6.3.1/../../../../arm-atollic-eabi/lib/armv7e-m/fpu/fpv5-sp-d16\libm.a(lib_a-s_round.o)
                0x08013490                round
 .text.log10    0x0801351c      0x100 c:/program files (x86)/atollic/truestudio for stm32 9.3.0/armtools/bin/../lib/gcc/arm-atollic-eabi/6.3.1/../../../../arm-atollic-eabi/lib/armv7e-m/fpu/fpv5-sp-d16\libm.a(lib_a-w_log10.o)
                0x0801351c                log10
 .text.sqrtf    0x0801361c       0xa0 c:/program files (x86)/atollic/truestudio for stm32 9.3.0/armtools/bin/../lib/gcc/arm-atollic-eabi/6.3.1/../../../../arm-atollic-eabi/lib/armv7e-m/fpu/fpv5-sp-d16\libm.a(lib_a-wf_sqrt.o)
                0x0801361c                sqrtf
 *fill*         0x080136bc        0x4 
 .text.__ieee754_log10
                0x080136c0      0x11c c:/program files (x86)/atollic/truestudio for stm32 9.3.0/armtools/bin/../lib/gcc/arm-atollic-eabi/6.3.1/../../../../arm-atollic-eabi/lib/armv7e-m/fpu/fpv5-sp-d16\libm.a(lib_a-e_log10.o)
                0x080136c0                __ieee754_log10
 .text.__ieee754_sqrtf
                0x080137dc       0x8e c:/program files (x86)/atollic/truestudio for stm32 9.3.0/armtools/bin/../lib/gcc/arm-atollic-eabi/6.3.1/../../../../arm-atollic-eabi/lib/armv7e-m/fpu/fpv5-sp-d16\libm.a(lib_a-ef_sqrt.o)
                0x080137dc                __ieee754_sqrtf
 .text.matherr  0x0801386a        0x4 c:/program files (x86)/atollic/truestudio for stm32 9.3.0/armtools/bin/../lib/gcc/arm-atollic-eabi/6.3.1/../../../../arm-atollic-eabi/lib/armv7e-m/fpu/fpv5-sp-d16\libm.a(lib_a-s_matherr.o)
                0x0801386a                matherr
 *fill*         0x0801386e        0x2 
 .text.nan      0x08013870       0x10 c:/program files (x86)/atollic/truestudio for stm32 9.3.0/armtools/bin/../lib/gcc/arm-atollic-eabi/6.3.1/../../../../arm-atollic-eabi/lib/armv7e-m/fpu/fpv5-sp-d16\libm.a(lib_a-s_nan.o)
                0x08013870                nan
 .text.__ieee754_log
                0x08013880      0x3b0 c:/program files (x86)/atollic/truestudio for stm32 9.3.0/armtools/bin/../lib/gcc/arm-atollic-eabi/6.3.1/../../../../arm-atollic-eabi/lib/armv7e-m/fpu/fpv5-sp-d16\libm.a(lib_a-e_log.o)
                0x08013880                __ieee754_log
 .text.__errno  0x08013c30        0xc c:/program files (x86)/atollic/truestudio for stm32 9.3.0/armtools/bin/../lib/gcc/arm-atollic-eabi/6.3.1/../../../../arm-atollic-eabi/lib/armv7e-m/fpu/fpv5-sp-d16\libc.a(lib_a-errno.o)
                0x08013c30                __errno
 .text._close   0x08013c3c       0x10 c:/program files (x86)/atollic/truestudio for stm32 9.3.0/armtools/bin/../lib/gcc/arm-atollic-eabi/6.3.1/../../../../arm-atollic-eabi/lib/armv7e-m/fpu/fpv5-sp-d16\libnosys.a(close.o)
                0x08013c3c                _close
 .text._fstat   0x08013c4c       0x10 c:/program files (x86)/atollic/truestudio for stm32 9.3.0/armtools/bin/../lib/gcc/arm-atollic-eabi/6.3.1/../../../../arm-atollic-eabi/lib/armv7e-m/fpu/fpv5-sp-d16\libnosys.a(fstat.o)
                0x08013c4c                _fstat
 .text._isatty  0x08013c5c       0x10 c:/program files (x86)/atollic/truestudio for stm32 9.3.0/armtools/bin/../lib/gcc/arm-atollic-eabi/6.3.1/../../../../arm-atollic-eabi/lib/armv7e-m/fpu/fpv5-sp-d16\libnosys.a(isatty.o)
                0x08013c5c                _isatty
 .text._lseek   0x08013c6c       0x10 c:/program files (x86)/atollic/truestudio for stm32 9.3.0/armtools/bin/../lib/gcc/arm-atollic-eabi/6.3.1/../../../../arm-atollic-eabi/lib/armv7e-m/fpu/fpv5-sp-d16\libnosys.a(lseek.o)
                0x08013c6c                _lseek
 .text._read    0x08013c7c       0x10 c:/program files (x86)/atollic/truestudio for stm32 9.3.0/armtools/bin/../lib/gcc/arm-atollic-eabi/6.3.1/../../../../arm-atollic-eabi/lib/armv7e-m/fpu/fpv5-sp-d16\libnosys.a(read.o)
                0x08013c7c                _read
 .text._sbrk    0x08013c8c       0x1c c:/program files (x86)/atollic/truestudio for stm32 9.3.0/armtools/bin/../lib/gcc/arm-atollic-eabi/6.3.1/../../../../arm-atollic-eabi/lib/armv7e-m/fpu/fpv5-sp-d16\libnosys.a(sbrk.o)
                0x08013c8c                _sbrk
 *(.glue_7)
 .glue_7        0x08013ca8        0x0 linker stubs
 *(.glue_7t)
 .glue_7t       0x08013ca8        0x0 linker stubs
 *(.eh_frame)
 .eh_frame      0x08013ca8        0x0 c:/program files (x86)/atollic/truestudio for stm32 9.3.0/armtools/bin/../lib/gcc/arm-atollic-eabi/6.3.1/armv7e-m/fpu/fpv5-sp-d16/crtbegin.o
 *(.init)
 .init          0x08013ca8        0x4 c:/program files (x86)/atollic/truestudio for stm32 9.3.0/armtools/bin/../lib/gcc/arm-atollic-eabi/6.3.1/armv7e-m/fpu/fpv5-sp-d16/crti.o
                0x08013ca8                _init
 .init          0x08013cac        0x8 c:/program files (x86)/atollic/truestudio for stm32 9.3.0/armtools/bin/../lib/gcc/arm-atollic-eabi/6.3.1/armv7e-m/fpu/fpv5-sp-d16/crtn.o
 *(.fini)
 .fini          0x08013cb4        0x4 c:/program files (x86)/atollic/truestudio for stm32 9.3.0/armtools/bin/../lib/gcc/arm-atollic-eabi/6.3.1/armv7e-m/fpu/fpv5-sp-d16/crti.o
                0x08013cb4                _fini
 .fini          0x08013cb8        0x8 c:/program files (x86)/atollic/truestudio for stm32 9.3.0/armtools/bin/../lib/gcc/arm-atollic-eabi/6.3.1/armv7e-m/fpu/fpv5-sp-d16/crtn.o
                0x08013cc0                . = ALIGN (0x4)
                0x08013cc0                _etext = .

.vfp11_veneer   0x08013cc0        0x0
 .vfp11_veneer  0x08013cc0        0x0 linker stubs

.v4_bx          0x08013cc0        0x0
 .v4_bx         0x08013cc0        0x0 linker stubs

.iplt           0x08013cc0        0x0
 .iplt          0x08013cc0        0x0 c:/program files (x86)/atollic/truestudio for stm32 9.3.0/armtools/bin/../lib/gcc/arm-atollic-eabi/6.3.1/armv7e-m/fpu/fpv5-sp-d16/crtbegin.o

.rodata         0x08013cc0    0x27f24
                0x08013cc0                . = ALIGN (0x4)
 *(.rodata)
 *(.rodata*)
 .rodata.ExCvt  0x08013cc0       0x80 Src\ff.o
 .rodata.check_fs.str1.4
                0x08013d40        0x9 Src\ff.o
 *fill*         0x08013d49        0x3 
 .rodata.create_name.str1.4
                0x08013d4c        0xf Src\ff.o
 *fill*         0x08013d5b        0x1 
 .rodata.cst.16619
                0x08013d5c        0xe Src\ff.o
 *fill*         0x08013d6a        0x2 
 .rodata.cst32.16620
                0x08013d6c        0xe Src\ff.o
 *fill*         0x08013d7a        0x2 
 .rodata.defopt.16621
                0x08013d7c       0x10 Src\ff.o
 .rodata.f_mkfs.str1.4
                0x08013d8c       0x34 Src\ff.o
 .rodata.mkfsParam
                0x08013dc0       0x10 Src\globals.o
                0x08013dc0                mkfsParam
 .rodata.runstopDispVals
                0x08013dd0        0xa Src\globals.o
                0x08013dd0                runstopDispVals
 *fill*         0x08013dda        0x2 
 .rodata.runstopVals
                0x08013ddc        0x2 Src\globals.o
                0x08013ddc                runstopVals
 *fill*         0x08013dde        0x2 
 .rodata.samprateVals
                0x08013de0       0x1c Src\globals.o
                0x08013de0                samprateVals
 .rodata.trigmodeDispVals
                0x08013dfc        0xf Src\globals.o
                0x08013dfc                trigmodeDispVals
 *fill*         0x08013e0b        0x1 
 .rodata.trigmodeVals
                0x08013e0c        0x3 Src\globals.o
                0x08013e0c                trigmodeVals
 *fill*         0x08013e0f        0x1 
 .rodata.trigsrcVals
                0x08013e10        0x2 Src\globals.o
                0x08013e10                trigsrcVals
 *fill*         0x08013e12        0x2 
 .rodata.trigtypeDispVals
                0x08013e14        0xc Src\globals.o
                0x08013e14                trigtypeDispVals
 .rodata.trigtypeVals
                0x08013e20        0x3 Src\globals.o
                0x08013e20                trigtypeVals
 *fill*         0x08013e23        0x1 
 .rodata.tscaleDispVals
                0x08013e24       0x31 Src\globals.o
                0x08013e24                tscaleDispVals
 *fill*         0x08013e55        0x3 
 .rodata.vscaleDispVals
                0x08013e58       0x30 Src\globals.o
                0x08013e58                vscaleDispVals
 .rodata.vscaleVals
                0x08013e88       0x20 Src\globals.o
                0x08013e88                vscaleVals
 .rodata.main.str1.4
                0x08013ea8       0xd3 Src\main.o
                                 0xd7 (size before relaxing)
 *fill*         0x08013f7b        0x1 
 .rodata.chrp480
                0x08013f7c     0x1108 Src\measure.o
 .rodata.chrp545
                0x08015084     0x1108 Src\measure.o
 .rodata.fftchrp480
                0x0801618c     0x2000 Src\measure.o
 .rodata.fftchrp545
                0x0801818c     0x2000 Src\measure.o
 .rodata.hann480
                0x0801a18c      0x780 Src\measure.o
 .rodata.measParamTexts
                0x0801a90c       0x28 Src\measure.o
                0x0801a90c                measParamTexts
 .rodata.firlp10
                0x0801a934      0x1b8 Src\triggers.o
 .rodata.firlp2
                0x0801aaec      0x198 Src\triggers.o
 .rodata.firlp23
                0x0801ac84      0x3f4 Src\triggers.o
 .rodata.firlp4
                0x0801b078      0x1a0 Src\triggers.o
 .rodata.firlp5
                0x0801b218      0x1a4 Src\triggers.o
 .rodata.firlp6
                0x0801b3bc      0x198 Src\triggers.o
 .rodata.firlp8
                0x0801b554      0x1a0 Src\triggers.o
 .rodata.FONT_6X8
                0x0801b6f4       0x14 Src\ugui.o
                0x0801b6f4                FONT_6X8
 .rodata.FONT_7X12
                0x0801b708       0x14 Src\ugui.o
                0x0801b708                FONT_7X12
 .rodata.FONT_8X12
                0x0801b71c       0x14 Src\ugui.o
                0x0801b71c                FONT_8X12
 .rodata.UG_ButtonCreate.str1.4
                0x0801b730        0x2 Src\ugui.o
 *fill*         0x0801b732        0x2 
 .rodata.font_6x8
                0x0801b734      0x800 Src\ugui.o
                0x0801b734                font_6x8
 .rodata.font_7x12
                0x0801bf34      0xc00 Src\ugui.o
                0x0801bf34                font_7x12
 .rodata.font_8x12
                0x0801cb34      0xc00 Src\ugui.o
                0x0801cb34                font_8x12
 .rodata.pal_button_pressed
                0x0801d734       0x18 Src\ugui.o
                0x0801d734                pal_button_pressed
 .rodata.pal_button_released
                0x0801d74c       0x18 Src\ugui.o
                0x0801d74c                pal_button_released
 .rodata.pal_window
                0x0801d764       0x18 Src\ugui.o
                0x0801d764                pal_window
 .rodata.DisplayMeasurements.str1.4
                0x0801d77c        0x6 Src\ui.o
                                  0xa (size before relaxing)
 *fill*         0x0801d782        0x2 
 .rodata.ch1RefCursorImg
                0x0801d784       0x82 Src\ui.o
 *fill*         0x0801d806        0x2 
 .rodata.ch2RefCursorImg
                0x0801d808       0x82 Src\ui.o
 *fill*         0x0801d88a        0x2 
 .rodata.hertzToStr.str1.4
                0x0801d88c       0x1c Src\ui.o
 .rodata.initUI.str1.4
                0x0801d8a8       0xdd Src\ui.o
 *fill*         0x0801d985        0x3 
 .rodata.mathRefCursorImg
                0x0801d988       0x82 Src\ui.o
 *fill*         0x0801da0a        0x2 
 .rodata.secToStr.str1.4
                0x0801da0c        0x7 Src\ui.o
 *fill*         0x0801da13        0x1 
 .rodata.toffCursorImg
                0x0801da14       0x82 Src\ui.o
 *fill*         0x0801da96        0x2 
 .rodata.toffLeftCursorImg
                0x0801da98       0x82 Src\ui.o
 *fill*         0x0801db1a        0x2 
 .rodata.toffRightCursorImg
                0x0801db1c       0x82 Src\ui.o
 *fill*         0x0801db9e        0x2 
 .rodata.trigCursorImg
                0x0801dba0       0x82 Src\ui.o
 *fill*         0x0801dc22        0x2 
 .rodata.voltsToStr.str1.4
                0x0801dc24        0x7 Src\ui.o
                                 0x12 (size before relaxing)
 *fill*         0x0801dc2b        0x1 
 .rodata.window_10_callback.str1.4
                0x0801dc2c       0x13 Src\ui.o
 *fill*         0x0801dc3f        0x1 
 .rodata.window_5_callback.str1.4
                0x0801dc40        0x8 Src\ui.o
 .rodata.window_6_callback.str1.4
                0x0801dc48        0xe Src\ui.o
 *fill*         0x0801dc56        0x2 
 .rodata.window_9_callback.str1.4
                0x0801dc58       0x20 Src\ui.o
                                 0x1e (size before relaxing)
 .rodata.arm_cfft_sR_f32_len1024
                0x0801dc78       0x10 C:/Users/Anirudh/STM32Cube/Repository/CMSIS-PACK\ARM\CMSIS\5.7.0\CMSIS\DSP\Lib\GCC\libarm_cortexM7lfsp_math.a(arm_const_structs.o)
                0x0801dc78                arm_cfft_sR_f32_len1024
 .rodata.arm_cfft_sR_f32_len128
                0x0801dc88       0x10 C:/Users/Anirudh/STM32Cube/Repository/CMSIS-PACK\ARM\CMSIS\5.7.0\CMSIS\DSP\Lib\GCC\libarm_cortexM7lfsp_math.a(arm_const_structs.o)
                0x0801dc88                arm_cfft_sR_f32_len128
 .rodata.arm_cfft_sR_f32_len16
                0x0801dc98       0x10 C:/Users/Anirudh/STM32Cube/Repository/CMSIS-PACK\ARM\CMSIS\5.7.0\CMSIS\DSP\Lib\GCC\libarm_cortexM7lfsp_math.a(arm_const_structs.o)
                0x0801dc98                arm_cfft_sR_f32_len16
 .rodata.arm_cfft_sR_f32_len2048
                0x0801dca8       0x10 C:/Users/Anirudh/STM32Cube/Repository/CMSIS-PACK\ARM\CMSIS\5.7.0\CMSIS\DSP\Lib\GCC\libarm_cortexM7lfsp_math.a(arm_const_structs.o)
                0x0801dca8                arm_cfft_sR_f32_len2048
 .rodata.arm_cfft_sR_f32_len256
                0x0801dcb8       0x10 C:/Users/Anirudh/STM32Cube/Repository/CMSIS-PACK\ARM\CMSIS\5.7.0\CMSIS\DSP\Lib\GCC\libarm_cortexM7lfsp_math.a(arm_const_structs.o)
                0x0801dcb8                arm_cfft_sR_f32_len256
 .rodata.arm_cfft_sR_f32_len32
                0x0801dcc8       0x10 C:/Users/Anirudh/STM32Cube/Repository/CMSIS-PACK\ARM\CMSIS\5.7.0\CMSIS\DSP\Lib\GCC\libarm_cortexM7lfsp_math.a(arm_const_structs.o)
                0x0801dcc8                arm_cfft_sR_f32_len32
 .rodata.arm_cfft_sR_f32_len4096
                0x0801dcd8       0x10 C:/Users/Anirudh/STM32Cube/Repository/CMSIS-PACK\ARM\CMSIS\5.7.0\CMSIS\DSP\Lib\GCC\libarm_cortexM7lfsp_math.a(arm_const_structs.o)
                0x0801dcd8                arm_cfft_sR_f32_len4096
 .rodata.arm_cfft_sR_f32_len512
                0x0801dce8       0x10 C:/Users/Anirudh/STM32Cube/Repository/CMSIS-PACK\ARM\CMSIS\5.7.0\CMSIS\DSP\Lib\GCC\libarm_cortexM7lfsp_math.a(arm_const_structs.o)
                0x0801dce8                arm_cfft_sR_f32_len512
 .rodata.arm_cfft_sR_f32_len64
                0x0801dcf8       0x10 C:/Users/Anirudh/STM32Cube/Repository/CMSIS-PACK\ARM\CMSIS\5.7.0\CMSIS\DSP\Lib\GCC\libarm_cortexM7lfsp_math.a(arm_const_structs.o)
                0x0801dcf8                arm_cfft_sR_f32_len64
 .rodata.armBitRevIndexTable1024
                0x0801dd08      0xe10 C:/Users/Anirudh/STM32Cube/Repository/CMSIS-PACK\ARM\CMSIS\5.7.0\CMSIS\DSP\Lib\GCC\libarm_cortexM7lfsp_math.a(arm_common_tables.o)
                0x0801dd08                armBitRevIndexTable1024
 .rodata.armBitRevIndexTable128
                0x0801eb18      0x1a0 C:/Users/Anirudh/STM32Cube/Repository/CMSIS-PACK\ARM\CMSIS\5.7.0\CMSIS\DSP\Lib\GCC\libarm_cortexM7lfsp_math.a(arm_common_tables.o)
                0x0801eb18                armBitRevIndexTable128
 .rodata.armBitRevIndexTable16
                0x0801ecb8       0x28 C:/Users/Anirudh/STM32Cube/Repository/CMSIS-PACK\ARM\CMSIS\5.7.0\CMSIS\DSP\Lib\GCC\libarm_cortexM7lfsp_math.a(arm_common_tables.o)
                0x0801ecb8                armBitRevIndexTable16
 .rodata.armBitRevIndexTable2048
                0x0801ece0     0x1dc0 C:/Users/Anirudh/STM32Cube/Repository/CMSIS-PACK\ARM\CMSIS\5.7.0\CMSIS\DSP\Lib\GCC\libarm_cortexM7lfsp_math.a(arm_common_tables.o)
                0x0801ece0                armBitRevIndexTable2048
 .rodata.armBitRevIndexTable256
                0x08020aa0      0x370 C:/Users/Anirudh/STM32Cube/Repository/CMSIS-PACK\ARM\CMSIS\5.7.0\CMSIS\DSP\Lib\GCC\libarm_cortexM7lfsp_math.a(arm_common_tables.o)
                0x08020aa0                armBitRevIndexTable256
 .rodata.armBitRevIndexTable32
                0x08020e10       0x60 C:/Users/Anirudh/STM32Cube/Repository/CMSIS-PACK\ARM\CMSIS\5.7.0\CMSIS\DSP\Lib\GCC\libarm_cortexM7lfsp_math.a(arm_common_tables.o)
                0x08020e10                armBitRevIndexTable32
 .rodata.armBitRevIndexTable4096
                0x08020e70     0x1f80 C:/Users/Anirudh/STM32Cube/Repository/CMSIS-PACK\ARM\CMSIS\5.7.0\CMSIS\DSP\Lib\GCC\libarm_cortexM7lfsp_math.a(arm_common_tables.o)
                0x08020e70                armBitRevIndexTable4096
 .rodata.armBitRevIndexTable512
                0x08022df0      0x380 C:/Users/Anirudh/STM32Cube/Repository/CMSIS-PACK\ARM\CMSIS\5.7.0\CMSIS\DSP\Lib\GCC\libarm_cortexM7lfsp_math.a(arm_common_tables.o)
                0x08022df0                armBitRevIndexTable512
 .rodata.armBitRevIndexTable64
                0x08023170       0x70 C:/Users/Anirudh/STM32Cube/Repository/CMSIS-PACK\ARM\CMSIS\5.7.0\CMSIS\DSP\Lib\GCC\libarm_cortexM7lfsp_math.a(arm_common_tables.o)
                0x08023170                armBitRevIndexTable64
 .rodata.sinTable_f32
                0x080231e0      0x804 C:/Users/Anirudh/STM32Cube/Repository/CMSIS-PACK\ARM\CMSIS\5.7.0\CMSIS\DSP\Lib\GCC\libarm_cortexM7lfsp_math.a(arm_common_tables.o)
                0x080231e0                sinTable_f32
 .rodata.twiddleCoef_1024
                0x080239e4     0x2000 C:/Users/Anirudh/STM32Cube/Repository/CMSIS-PACK\ARM\CMSIS\5.7.0\CMSIS\DSP\Lib\GCC\libarm_cortexM7lfsp_math.a(arm_common_tables.o)
                0x080239e4                twiddleCoef_1024
 .rodata.twiddleCoef_128
                0x080259e4      0x400 C:/Users/Anirudh/STM32Cube/Repository/CMSIS-PACK\ARM\CMSIS\5.7.0\CMSIS\DSP\Lib\GCC\libarm_cortexM7lfsp_math.a(arm_common_tables.o)
                0x080259e4                twiddleCoef_128
 .rodata.twiddleCoef_16
                0x08025de4       0x80 C:/Users/Anirudh/STM32Cube/Repository/CMSIS-PACK\ARM\CMSIS\5.7.0\CMSIS\DSP\Lib\GCC\libarm_cortexM7lfsp_math.a(arm_common_tables.o)
                0x08025de4                twiddleCoef_16
 .rodata.twiddleCoef_2048
                0x08025e64     0x4000 C:/Users/Anirudh/STM32Cube/Repository/CMSIS-PACK\ARM\CMSIS\5.7.0\CMSIS\DSP\Lib\GCC\libarm_cortexM7lfsp_math.a(arm_common_tables.o)
                0x08025e64                twiddleCoef_2048
 .rodata.twiddleCoef_256
                0x08029e64      0x800 C:/Users/Anirudh/STM32Cube/Repository/CMSIS-PACK\ARM\CMSIS\5.7.0\CMSIS\DSP\Lib\GCC\libarm_cortexM7lfsp_math.a(arm_common_tables.o)
                0x08029e64                twiddleCoef_256
 .rodata.twiddleCoef_32
                0x0802a664      0x100 C:/Users/Anirudh/STM32Cube/Repository/CMSIS-PACK\ARM\CMSIS\5.7.0\CMSIS\DSP\Lib\GCC\libarm_cortexM7lfsp_math.a(arm_common_tables.o)
                0x0802a664                twiddleCoef_32
 .rodata.twiddleCoef_4096
                0x0802a764     0x8000 C:/Users/Anirudh/STM32Cube/Repository/CMSIS-PACK\ARM\CMSIS\5.7.0\CMSIS\DSP\Lib\GCC\libarm_cortexM7lfsp_math.a(arm_common_tables.o)
                0x0802a764                twiddleCoef_4096
 .rodata.twiddleCoef_512
                0x08032764     0x1000 C:/Users/Anirudh/STM32Cube/Repository/CMSIS-PACK\ARM\CMSIS\5.7.0\CMSIS\DSP\Lib\GCC\libarm_cortexM7lfsp_math.a(arm_common_tables.o)
                0x08032764                twiddleCoef_512
 .rodata.twiddleCoef_64
                0x08033764      0x200 C:/Users/Anirudh/STM32Cube/Repository/CMSIS-PACK\ARM\CMSIS\5.7.0\CMSIS\DSP\Lib\GCC\libarm_cortexM7lfsp_math.a(arm_common_tables.o)
                0x08033764                twiddleCoef_64
 .rodata.twiddleCoef_rfft_1024
                0x08033964     0x1000 C:/Users/Anirudh/STM32Cube/Repository/CMSIS-PACK\ARM\CMSIS\5.7.0\CMSIS\DSP\Lib\GCC\libarm_cortexM7lfsp_math.a(arm_common_tables.o)
                0x08033964                twiddleCoef_rfft_1024
 .rodata.twiddleCoef_rfft_128
                0x08034964      0x200 C:/Users/Anirudh/STM32Cube/Repository/CMSIS-PACK\ARM\CMSIS\5.7.0\CMSIS\DSP\Lib\GCC\libarm_cortexM7lfsp_math.a(arm_common_tables.o)
                0x08034964                twiddleCoef_rfft_128
 .rodata.twiddleCoef_rfft_2048
                0x08034b64     0x2000 C:/Users/Anirudh/STM32Cube/Repository/CMSIS-PACK\ARM\CMSIS\5.7.0\CMSIS\DSP\Lib\GCC\libarm_cortexM7lfsp_math.a(arm_common_tables.o)
                0x08034b64                twiddleCoef_rfft_2048
 .rodata.twiddleCoef_rfft_256
                0x08036b64      0x400 C:/Users/Anirudh/STM32Cube/Repository/CMSIS-PACK\ARM\CMSIS\5.7.0\CMSIS\DSP\Lib\GCC\libarm_cortexM7lfsp_math.a(arm_common_tables.o)
                0x08036b64                twiddleCoef_rfft_256
 .rodata.twiddleCoef_rfft_32
                0x08036f64       0x80 C:/Users/Anirudh/STM32Cube/Repository/CMSIS-PACK\ARM\CMSIS\5.7.0\CMSIS\DSP\Lib\GCC\libarm_cortexM7lfsp_math.a(arm_common_tables.o)
                0x08036f64                twiddleCoef_rfft_32
 .rodata.twiddleCoef_rfft_4096
                0x08036fe4     0x4000 C:/Users/Anirudh/STM32Cube/Repository/CMSIS-PACK\ARM\CMSIS\5.7.0\CMSIS\DSP\Lib\GCC\libarm_cortexM7lfsp_math.a(arm_common_tables.o)
                0x08036fe4                twiddleCoef_rfft_4096
 .rodata.twiddleCoef_rfft_512
                0x0803afe4      0x800 C:/Users/Anirudh/STM32Cube/Repository/CMSIS-PACK\ARM\CMSIS\5.7.0\CMSIS\DSP\Lib\GCC\libarm_cortexM7lfsp_math.a(arm_common_tables.o)
                0x0803afe4                twiddleCoef_rfft_512
 .rodata.twiddleCoef_rfft_64
                0x0803b7e4      0x100 C:/Users/Anirudh/STM32Cube/Repository/CMSIS-PACK\ARM\CMSIS\5.7.0\CMSIS\DSP\Lib\GCC\libarm_cortexM7lfsp_math.a(arm_common_tables.o)
                0x0803b7e4                twiddleCoef_rfft_64
 .rodata._global_impure_ptr
                0x0803b8e4        0x4 c:/program files (x86)/atollic/truestudio for stm32 9.3.0/armtools/bin/../lib/gcc/arm-atollic-eabi/6.3.1/../../../../arm-atollic-eabi/lib/armv7e-m/fpu/fpv5-sp-d16\libc.a(lib_a-impure.o)
                0x0803b8e4                _global_impure_ptr
 .rodata._puts_r.str1.1
                0x0803b8e8        0x2 c:/program files (x86)/atollic/truestudio for stm32 9.3.0/armtools/bin/../lib/gcc/arm-atollic-eabi/6.3.1/../../../../arm-atollic-eabi/lib/armv7e-m/fpu/fpv5-sp-d16\libc.a(lib_a-puts.o)
 .rodata.__utoa.str1.1
                0x0803b8ea       0x25 c:/program files (x86)/atollic/truestudio for stm32 9.3.0/armtools/bin/../lib/gcc/arm-atollic-eabi/6.3.1/../../../../arm-atollic-eabi/lib/armv7e-m/fpu/fpv5-sp-d16\libc.a(lib_a-utoa.o)
 .rodata._vfprintf_r.str1.1
                0x0803b90f       0x32 c:/program files (x86)/atollic/truestudio for stm32 9.3.0/armtools/bin/../lib/gcc/arm-atollic-eabi/6.3.1/../../../../arm-atollic-eabi/lib/armv7e-m/fpu/fpv5-sp-d16\libc.a(lib_a-vfprintf.o)
                                 0x34 (size before relaxing)
 .rodata.blanks.8374
                0x0803b941       0x10 c:/program files (x86)/atollic/truestudio for stm32 9.3.0/armtools/bin/../lib/gcc/arm-atollic-eabi/6.3.1/../../../../arm-atollic-eabi/lib/armv7e-m/fpu/fpv5-sp-d16\libc.a(lib_a-vfprintf.o)
 .rodata.zeroes.8375
                0x0803b951       0x10 c:/program files (x86)/atollic/truestudio for stm32 9.3.0/armtools/bin/../lib/gcc/arm-atollic-eabi/6.3.1/../../../../arm-atollic-eabi/lib/armv7e-m/fpu/fpv5-sp-d16\libc.a(lib_a-vfprintf.o)
 .rodata._dtoa_r.str1.1
                0x0803b961        0xd c:/program files (x86)/atollic/truestudio for stm32 9.3.0/armtools/bin/../lib/gcc/arm-atollic-eabi/6.3.1/../../../../arm-atollic-eabi/lib/armv7e-m/fpu/fpv5-sp-d16\libc.a(lib_a-dtoa.o)
                                  0xf (size before relaxing)
 *fill*         0x0803b96e        0x2 
 .rodata.__sf_fake_stderr
                0x0803b970       0x20 c:/program files (x86)/atollic/truestudio for stm32 9.3.0/armtools/bin/../lib/gcc/arm-atollic-eabi/6.3.1/../../../../arm-atollic-eabi/lib/armv7e-m/fpu/fpv5-sp-d16\libc.a(lib_a-findfp.o)
                0x0803b970                __sf_fake_stderr
 .rodata.__sf_fake_stdin
                0x0803b990       0x20 c:/program files (x86)/atollic/truestudio for stm32 9.3.0/armtools/bin/../lib/gcc/arm-atollic-eabi/6.3.1/../../../../arm-atollic-eabi/lib/armv7e-m/fpu/fpv5-sp-d16\libc.a(lib_a-findfp.o)
                0x0803b990                __sf_fake_stdin
 .rodata.__sf_fake_stdout
                0x0803b9b0       0x20 c:/program files (x86)/atollic/truestudio for stm32 9.3.0/armtools/bin/../lib/gcc/arm-atollic-eabi/6.3.1/../../../../arm-atollic-eabi/lib/armv7e-m/fpu/fpv5-sp-d16\libc.a(lib_a-findfp.o)
                0x0803b9b0                __sf_fake_stdout
 .rodata.__mprec_bigtens
                0x0803b9d0       0x28 c:/program files (x86)/atollic/truestudio for stm32 9.3.0/armtools/bin/../lib/gcc/arm-atollic-eabi/6.3.1/../../../../arm-atollic-eabi/lib/armv7e-m/fpu/fpv5-sp-d16\libc.a(lib_a-mprec.o)
                0x0803b9d0                __mprec_bigtens
 .rodata.__mprec_tens
                0x0803b9f8       0xc8 c:/program files (x86)/atollic/truestudio for stm32 9.3.0/armtools/bin/../lib/gcc/arm-atollic-eabi/6.3.1/../../../../arm-atollic-eabi/lib/armv7e-m/fpu/fpv5-sp-d16\libc.a(lib_a-mprec.o)
                0x0803b9f8                __mprec_tens
 .rodata.p05.7196
                0x0803bac0        0xc c:/program files (x86)/atollic/truestudio for stm32 9.3.0/armtools/bin/../lib/gcc/arm-atollic-eabi/6.3.1/../../../../arm-atollic-eabi/lib/armv7e-m/fpu/fpv5-sp-d16\libc.a(lib_a-mprec.o)
 .rodata._setlocale_r.str1.1
                0x0803bacc        0x8 c:/program files (x86)/atollic/truestudio for stm32 9.3.0/armtools/bin/../lib/gcc/arm-atollic-eabi/6.3.1/../../../../arm-atollic-eabi/lib/armv7e-m/fpu/fpv5-sp-d16\libc.a(lib_a-locale.o)
                                  0x9 (size before relaxing)
 .rodata.str1.1
                0x0803bad4        0x2 c:/program files (x86)/atollic/truestudio for stm32 9.3.0/armtools/bin/../lib/gcc/arm-atollic-eabi/6.3.1/../../../../arm-atollic-eabi/lib/armv7e-m/fpu/fpv5-sp-d16\libc.a(lib_a-locale.o)
 .rodata._ctype_
                0x0803bad6      0x101 c:/program files (x86)/atollic/truestudio for stm32 9.3.0/armtools/bin/../lib/gcc/arm-atollic-eabi/6.3.1/../../../../arm-atollic-eabi/lib/armv7e-m/fpu/fpv5-sp-d16\libc.a(lib_a-ctype_.o)
                0x0803bad6                _ctype_
 .rodata.log10.str1.1