Archive member included to satisfy reference by file (symbol)

C:/Users/Anirudh/STM32Cube/Repository/CMSIS-PACK\ARM\CMSIS\5.7.0\CMSIS\DSP\Lib\GCC\libarm_cortexM7lfsp_math.a(arm_max_f32.o)
                              Src\measure.o (arm_max_f32)
C:/Users/Anirudh/STM32Cube/Repository/CMSIS-PACK\ARM\CMSIS\5.7.0\CMSIS\DSP\Lib\GCC\libarm_cortexM7lfsp_math.a(arm_cfft_init_f32.o)
                              Src\measure.o (arm_cfft_init_f32)
C:/Users/Anirudh/STM32Cube/Repository/CMSIS-PACK\ARM\CMSIS\5.7.0\CMSIS\DSP\Lib\GCC\libarm_cortexM7lfsp_math.a(arm_rfft_fast_init_f32.o)
                              Src\measure.o (arm_rfft_fast_init_f32)
C:/Users/Anirudh/STM32Cube/Repository/CMSIS-PACK\ARM\CMSIS\5.7.0\CMSIS\DSP\Lib\GCC\libarm_cortexM7lfsp_math.a(arm_rfft_fast_f32.o)
                              Src\measure.o (arm_rfft_fast_f32)
C:/Users/Anirudh/STM32Cube/Repository/CMSIS-PACK\ARM\CMSIS\5.7.0\CMSIS\DSP\Lib\GCC\libarm_cortexM7lfsp_math.a(arm_cfft_f32.o)
                              Src\measure.o (arm_cfft_f32)
C:/Users/Anirudh/STM32Cube/Repository/CMSIS-PACK\ARM\CMSIS\5.7.0\CMSIS\DSP\Lib\GCC\libarm_cortexM7lfsp_math.a(arm_bitreversal2.o)
                              C:/Users/Anirudh/STM32Cube/Repository/CMSIS-PACK\ARM\CMSIS\5.7.0\CMSIS\DSP\Lib\GCC\libarm_cortexM7lfsp_math.a(arm_cfft_f32.o) (arm_bitreversal_32)
C:/Users/Anirudh/STM32Cube/Repository/CMSIS-PACK\ARM\CMSIS\5.7.0\CMSIS\DSP\Lib\GCC\libarm_cortexM7lfsp_math.a(arm_fir_interpolate_init_f32.o)
                              Src\triggers.o (arm_fir_interpolate_init_f32)
C:/Users/Anirudh/STM32Cube/Repository/CMSIS-PACK\ARM\CMSIS\5.7.0\CMSIS\DSP\Lib\GCC\libarm_cortexM7lfsp_math.a(arm_fir_interpolate_f32.o)
                              Src\triggers.o (arm_fir_interpolate_f32)
C:/Users/Anirudh/STM32Cube/Repository/CMSIS-PACK\ARM\CMSIS\5.7.0\CMSIS\DSP\Lib\GCC\libarm_cortexM7lfsp_math.a(arm_fir_decimate_init_f32.o)
                              Src\triggers.o (arm_fir_decimate_init_f32)
C:/Users/Anirudh/STM32Cube/Repository/CMSIS-PACK\ARM\CMSIS\5.7.0\CMSIS\DSP\Lib\GCC\libarm_cortexM7lfsp_math.a(arm_fir_decimate_f32.o)
                              Src\triggers.o (arm_fir_decimate_f32)
C:/Users/Anirudh/STM32Cube/Repository/CMSIS-PACK\ARM\CMSIS\5.7.0\CMSIS\DSP\Lib\GCC\libarm_cortexM7lfsp_math.a(arm_cmplx_mult_cmplx_f32.o)
                              Src\measure.o (arm_cmplx_mult_cmplx_f32)
C:/Users/Anirudh/STM32Cube/Repository/CMSIS-PACK\ARM\CMSIS\5.7.0\CMSIS\DSP\Lib\GCC\libarm_cortexM7lfsp_math.a(arm_cmplx_mag_squared_f32.o)
                              Src\measure.o (arm_cmplx_mag_squared_f32)
C:/Users/Anirudh/STM32Cube/Repository/CMSIS-PACK\ARM\CMSIS\5.7.0\CMSIS\DSP\Lib\GCC\libarm_cortexM7lfsp_math.a(arm_sin_f32.o)
                              Src\measure.o (arm_sin_f32)
C:/Users/Anirudh/STM32Cube/Repository/CMSIS-PACK\ARM\CMSIS\5.7.0\CMSIS\DSP\Lib\GCC\libarm_cortexM7lfsp_math.a(arm_cos_f32.o)
                              Src\measure.o (arm_cos_f32)
C:/Users/Anirudh/STM32Cube/Repository/CMSIS-PACK\ARM\CMSIS\5.7.0\CMSIS\DSP\Lib\GCC\libarm_cortexM7lfsp_math.a(arm_const_structs.o)
                              C:/Users/Anirudh/STM32Cube/Repository/CMSIS-PACK\ARM\CMSIS\5.7.0\CMSIS\DSP\Lib\GCC\libarm_cortexM7lfsp_math.a(arm_cfft_init_f32.o) (arm_cfft_sR_f32_len4096)
C:/Users/Anirudh/STM32Cube/Repository/CMSIS-PACK\ARM\CMSIS\5.7.0\CMSIS\DSP\Lib\GCC\libarm_cortexM7lfsp_math.a(arm_common_tables.o)
                              C:/Users/Anirudh/STM32Cube/Repository/CMSIS-PACK\ARM\CMSIS\5.7.0\CMSIS\DSP\Lib\GCC\libarm_cortexM7lfsp_math.a(arm_sin_f32.o) (sinTable_f32)
C:/Users/Anirudh/STM32Cube/Repository/CMSIS-PACK\ARM\CMSIS\5.7.0\CMSIS\DSP\Lib\GCC\libarm_cortexM7lfsp_math.a(arm_cfft_radix8_f32.o)
                              C:/Users/Anirudh/STM32Cube/Repository/CMSIS-PACK\ARM\CMSIS\5.7.0\CMSIS\DSP\Lib\GCC\libarm_cortexM7lfsp_math.a(arm_cfft_f32.o) (arm_radix8_butterfly_f32)
c:/program files (x86)/atollic/truestudio for stm32 9.3.0/armtools/bin/../lib/gcc/arm-atollic-eabi/6.3.1/../../../../arm-atollic-eabi/lib/armv7e-m/fpu/fpv5-sp-d16\libc_nano.a(lib_a-efgcvt.o)
                              Src\ui.o (gcvt)
c:/program files (x86)/atollic/truestudio for stm32 9.3.0/armtools/bin/../lib/gcc/arm-atollic-eabi/6.3.1/../../../../arm-atollic-eabi/lib/armv7e-m/fpu/fpv5-sp-d16\libc_nano.a(lib_a-impure.o)
                              c:/program files (x86)/atollic/truestudio for stm32 9.3.0/armtools/bin/../lib/gcc/arm-atollic-eabi/6.3.1/../../../../arm-atollic-eabi/lib/armv7e-m/fpu/fpv5-sp-d16\libc_nano.a(lib_a-efgcvt.o) (_impure_ptr)
c:/program files (x86)/atollic/truestudio for stm32 9.3.0/armtools/bin/../lib/gcc/arm-atollic-eabi/6.3.1/../../../../arm-atollic-eabi/lib/armv7e-m/fpu/fpv5-sp-d16\libc_nano.a(lib_a-init.o)
                              Src\startup_stm32f746xx.o (__libc_init_array)
[...]
Memory Configuration

Name             Origin             Length             Attributes
RAM              0x20000000         0x00050000         xrw
FLASH            0x08000000         0x00100000         xr
*default*        0x00000000         0xffffffff

Linker script and memory map

LOAD c:/program files (x86)/atollic/truestudio for stm32 9.3.0/armtools/bin/../lib/gcc/arm-atollic-eabi/6.3.1/armv7e-m/fpu/fpv5-sp-d16/crti.o
LOAD c:/program files (x86)/atollic/truestudio for stm32 9.3.0/armtools/bin/../lib/gcc/arm-atollic-eabi/6.3.1/armv7e-m/fpu/fpv5-sp-d16/crtbegin.o
LOAD Drivers\STM32F7xx_LL_Driver\stm32f7xx_ll_adc.o
LOAD Drivers\STM32F7xx_LL_Driver\stm32f7xx_ll_crc.o
LOAD Drivers\STM32F7xx_LL_Driver\stm32f7xx_ll_dac.o
LOAD Drivers\STM32F7xx_LL_Driver\stm32f7xx_ll_dma.o
LOAD Drivers\STM32F7xx_LL_Driver\stm32f7xx_ll_dma2d.o
LOAD Drivers\STM32F7xx_LL_Driver\stm32f7xx_ll_exti.o
LOAD Drivers\STM32F7xx_LL_Driver\stm32f7xx_ll_gpio.o
LOAD Drivers\STM32F7xx_LL_Driver\stm32f7xx_ll_i2c.o
LOAD Drivers\STM32F7xx_LL_Driver\stm32f7xx_ll_pwr.o
LOAD Drivers\STM32F7xx_LL_Driver\stm32f7xx_ll_rcc.o
LOAD Drivers\STM32F7xx_LL_Driver\stm32f7xx_ll_rng.o
LOAD Drivers\STM32F7xx_LL_Driver\stm32f7xx_ll_spi.o
LOAD Drivers\STM32F7xx_LL_Driver\stm32f7xx_ll_tim.o
LOAD Drivers\STM32F7xx_LL_Driver\stm32f7xx_ll_usart.o
LOAD Drivers\STM32F7xx_LL_Driver\stm32f7xx_ll_utils.o
LOAD Src\display.o
LOAD Src\globals.o
LOAD Src\i2c.o
LOAD Src\inits.o
LOAD Src\main.o
LOAD Src\measure.o
LOAD Src\startup_stm32f746xx.o
LOAD Src\stm32f7xx_it.o
LOAD Src\system_stm32f7xx.o
LOAD Src\touch.o
LOAD Src\triggers.o
LOAD Src\ugui.o
LOAD Src\ui.o
LOAD C:/Users/Anirudh/STM32Cube/Repository/CMSIS-PACK\ARM\CMSIS\5.7.0\CMSIS\DSP\Lib\GCC\libarm_cortexM7lfsp_math.a
                0x00000080                malloc_getpagesize_P = 0x80
START GROUP
LOAD c:/program files (x86)/atollic/truestudio for stm32 9.3.0/armtools/bin/../lib/gcc/arm-atollic-eabi/6.3.1/../../../../arm-atollic-eabi/lib/armv7e-m/fpu/fpv5-sp-d16\libc_nano.a
LOAD c:/program files (x86)/atollic/truestudio for stm32 9.3.0/armtools/bin/../lib/gcc/arm-atollic-eabi/6.3.1/../../../../arm-atollic-eabi/lib/armv7e-m/fpu/fpv5-sp-d16\libm.a
END GROUP
START GROUP
LOAD c:/program files (x86)/atollic/truestudio for stm32 9.3.0/armtools/bin/../lib/gcc/arm-atollic-eabi/6.3.1/armv7e-m/fpu/fpv5-sp-d16\libgcc.a
LOAD c:/program files (x86)/atollic/truestudio for stm32 9.3.0/armtools/bin/../lib/gcc/arm-atollic-eabi/6.3.1/../../../../arm-atollic-eabi/lib/armv7e-m/fpu/fpv5-sp-d16\libc_nano.a
END GROUP
START GROUP
LOAD c:/program files (x86)/atollic/truestudio for stm32 9.3.0/armtools/bin/../lib/gcc/arm-atollic-eabi/6.3.1/armv7e-m/fpu/fpv5-sp-d16\libgcc.a
LOAD c:/program files (x86)/atollic/truestudio for stm32 9.3.0/armtools/bin/../lib/gcc/arm-atollic-eabi/6.3.1/../../../../arm-atollic-eabi/lib/armv7e-m/fpu/fpv5-sp-d16\libc_nano.a
LOAD c:/program files (x86)/atollic/truestudio for stm32 9.3.0/armtools/bin/../lib/gcc/arm-atollic-eabi/6.3.1/../../../../arm-atollic-eabi/lib/armv7e-m/fpu/fpv5-sp-d16\libnosys.a
END GROUP
START GROUP
LOAD c:/program files (x86)/atollic/truestudio for stm32 9.3.0/armtools/bin/../lib/gcc/arm-atollic-eabi/6.3.1/armv7e-m/fpu/fpv5-sp-d16\libgcc.a
LOAD c:/program files (x86)/atollic/truestudio for stm32 9.3.0/armtools/bin/../lib/gcc/arm-atollic-eabi/6.3.1/../../../../arm-atollic-eabi/lib/armv7e-m/fpu/fpv5-sp-d16\libc_nano.a
LOAD c:/program files (x86)/atollic/truestudio for stm32 9.3.0/armtools/bin/../lib/gcc/arm-atollic-eabi/6.3.1/../../../../arm-atollic-eabi/lib/armv7e-m/fpu/fpv5-sp-d16\libnosys.a
END GROUP
LOAD c:/program files (x86)/atollic/truestudio for stm32 9.3.0/armtools/bin/../lib/gcc/arm-atollic-eabi/6.3.1/armv7e-m/fpu/fpv5-sp-d16/crtend.o
LOAD c:/program files (x86)/atollic/truestudio for stm32 9.3.0/armtools/bin/../lib/gcc/arm-atollic-eabi/6.3.1/armv7e-m/fpu/fpv5-sp-d16/crtn.o
                0x20050000                _estack = 0x20050000
                0x00000200                _Min_Heap_Size = 0x200
                0x00000400                _Min_Stack_Size = 0x400

.isr_vector     0x08000000      0x1c8
                0x08000000                . = ALIGN (0x4)
 *(.isr_vector)
 .isr_vector    0x08000000      0x1c8 Src\startup_stm32f746xx.o
                0x08000000                g_pfnVectors
                0x080001c8                . = ALIGN (0x4)

.text           0x080001c8     0xb308
                0x080001c8                . = ALIGN (0x4)
 *(.text)
 .text          0x080001c8       0x40 c:/program files (x86)/atollic/truestudio for stm32 9.3.0/armtools/bin/../lib/gcc/arm-atollic-eabi/6.3.1/armv7e-m/fpu/fpv5-sp-d16/crtbegin.o
 .text          0x08000208       0x10 c:/program files (x86)/atollic/truestudio for stm32 9.3.0/armtools/bin/../lib/gcc/arm-atollic-eabi/6.3.1/../../../../arm-atollic-eabi/lib/armv7e-m/fpu/fpv5-sp-d16\libc_nano.a(lib_a-strlen.o)
                0x08000208                strlen
 .text          0x08000218      0x370 c:/program files (x86)/atollic/truestudio for stm32 9.3.0/armtools/bin/../lib/gcc/arm-atollic-eabi/6.3.1/armv7e-m/fpu/fpv5-sp-d16\libgcc.a(_arm_addsubdf3.o)
                0x08000218                __aeabi_drsub
                0x08000220                __aeabi_dsub
                0x08000220                __subdf3
                0x08000224                __aeabi_dadd
                0x08000224                __adddf3
                0x0800049c                __floatunsidf
                0x0800049c                __aeabi_ui2d
                0x080004bc                __floatsidf
                0x080004bc                __aeabi_i2d
                0x080004e0                __aeabi_f2d
                0x080004e0                __extendsfdf2
                0x0800051c                __floatundidf
                0x0800051c                __aeabi_ul2d
                0x0800052c                __floatdidf
                0x0800052c                __aeabi_l2d
 .text          0x08000588      0x424 c:/program files (x86)/atollic/truestudio for stm32 9.3.0/armtools/bin/../lib/gcc/arm-atollic-eabi/6.3.1/armv7e-m/fpu/fpv5-sp-d16\libgcc.a(_arm_muldivdf3.o)
                0x08000588                __aeabi_dmul
                0x08000588                __muldf3
                0x080007dc                __divdf3
                0x080007dc                __aeabi_ddiv
 .text          0x080009ac      0x110 c:/program files (x86)/atollic/truestudio for stm32 9.3.0/armtools/bin/../lib/gcc/arm-atollic-eabi/6.3.1/armv7e-m/fpu/fpv5-sp-d16\libgcc.a(_arm_cmpdf2.o)
                0x080009ac                __gtdf2
                0x080009ac                __gedf2
                0x080009b4                __ltdf2
                0x080009b4                __ledf2
                0x080009bc                __nedf2
                0x080009bc                __eqdf2
                0x080009bc                __cmpdf2
                0x08000a38                __aeabi_cdrcmple
                0x08000a48                __aeabi_cdcmpeq
                0x08000a48                __aeabi_cdcmple
                0x08000a58                __aeabi_dcmpeq
                0x08000a6c                __aeabi_dcmplt
                0x08000a80                __aeabi_dcmple
                0x08000a94                __aeabi_dcmpge
                0x08000aa8                __aeabi_dcmpgt
 .text          0x08000abc       0x50 c:/program files (x86)/atollic/truestudio for stm32 9.3.0/armtools/bin/../lib/gcc/arm-atollic-eabi/6.3.1/armv7e-m/fpu/fpv5-sp-d16\libgcc.a(_arm_fixdfsi.o)
                0x08000abc                __aeabi_d2iz
                0x08000abc                __fixdfsi
 .text          0x08000b0c       0x40 c:/program files (x86)/atollic/truestudio for stm32 9.3.0/armtools/bin/../lib/gcc/arm-atollic-eabi/6.3.1/armv7e-m/fpu/fpv5-sp-d16\libgcc.a(_arm_fixunsdfsi.o)
                0x08000b0c                __aeabi_d2uiz
                0x08000b0c                __fixunsdfsi
 .text          0x08000b4c       0xa0 c:/program files (x86)/atollic/truestudio for stm32 9.3.0/armtools/bin/../lib/gcc/arm-atollic-eabi/6.3.1/armv7e-m/fpu/fpv5-sp-d16\libgcc.a(_arm_truncdfsf2.o)
                0x08000b4c                __truncdfsf2
                0x08000b4c                __aeabi_d2f
 *(.text*)
 .text.LL_mDelay
                0x08000bec       0x2c Drivers\STM32F7xx_LL_Driver\stm32f7xx_ll_utils.o
                0x08000bec                LL_mDelay
 .text.pset     0x08000c18       0x1c Src\display.o
                0x08000c18                pset
 .text.clearScreen
                0x08000c34       0x44 Src\display.o
                0x08000c34                clearScreen
 .text.fillScreenWave
                0x08000c78       0x44 Src\display.o
                0x08000c78                fillScreenWave
 .text.fillFrameUGUI
                0x08000cbc       0x84 Src\display.o
                0x08000cbc                fillFrameUGUI
 .text.drawLineUGUI
                0x08000d40       0xa4 Src\display.o
                0x08000d40                drawLineUGUI
 .text.updateToScreen
                0x08000de4       0x60 Src\display.o
                0x08000de4                updateToScreen
 .text.I2C_ReadSingle
                0x08000e44      0x130 Src\i2c.o
                0x08000e44                I2C_ReadSingle
 .text.TimQE_init
                0x08000f74      0x284 Src\inits.o
                0x08000f74                TimQE_init
 .text.TimADC_init
                0x080011f8       0x74 Src\inits.o
                0x080011f8                TimADC_init
 .text.TimTS_init
                0x0800126c       0x5c Src\inits.o
                0x0800126c                TimTS_init
 .text.TimMeas_init
                0x080012c8       0x5c Src\inits.o
                0x080012c8                TimMeas_init
 .text.Timers_init
                0x08001324       0x20 Src\inits.o
                0x08001324                Timers_init
 .text.ADC_Ch1_init
                0x08001344      0x124 Src\inits.o
                0x08001344                ADC_Ch1_init
 .text.ADC_Ch1_reinit
                0x08001468       0x3c Src\inits.o
                0x08001468                ADC_Ch1_reinit
 .text.ADC_Ch2_init
                0x080014a4      0x128 Src\inits.o
                0x080014a4                ADC_Ch2_init
 .text.ADC_init
                0x080015cc        0xc Src\inits.o
                0x080015cc                ADC_init
 .text.ADC_Ch2_reinit
                0x080015d8       0x3c Src\inits.o
                0x080015d8                ADC_Ch2_reinit
 .text.LEDs_Buttons_init
                0x08001614      0x2ac Src\inits.o
                0x08001614                LEDs_Buttons_init
 .text.LTDC_init
                0x080018c0      0x2c4 Src\inits.o
                0x080018c0                LTDC_init
 .text.SDRAM_init
                0x08001b84      0x2ac Src\inits.o
                0x08001b84                SDRAM_init
 .text.DMA2D_init
                0x08001e30       0xa4 Src\inits.o
                0x08001e30                DMA2D_init
 .text.I2C_TS_init
                0x08001ed4      0x200 Src\inits.o
                0x08001ed4                I2C_TS_init
 .text.SystemClock_Config
                0x080020d4      0x110 Src\inits.o
                0x080020d4                SystemClock_Config
 .text.CPU_CACHE_Enable
                0x080021e4       0x98 Src\inits.o
                0x080021e4                CPU_CACHE_Enable
 .text.main     0x0800227c      0x5a8 Src\main.o
                0x0800227c                main
 .text.Get_tick
                0x08002824        0xc Src\main.o
                0x08002824                Get_tick
 .text.czt      0x08002830      0x1e0 Src\measure.o
 .text.measure_init
                0x08002a10       0x20 Src\measure.o
                0x08002a10                measure_init
 .text.calcFreq
                0x08002a30      0x1b8 Src\measure.o
                0x08002a30                calcFreq
 .text.calcDuty
                0x08002be8       0xe4 Src\measure.o
                0x08002be8                calcDuty
 .text.calcVrms
                0x08002ccc       0x6c Src\measure.o
                0x08002ccc                calcVrms
 .text.calcVmax
                0x08002d38       0x20 Src\measure.o
                0x08002d38                calcVmax
 .text.calcVmin
                0x08002d58       0x20 Src\measure.o
                0x08002d58                calcVmin
 .text.calcVpp  0x08002d78       0x16 Src\measure.o
                0x08002d78                calcVpp
 *fill*         0x08002d8e        0x2 
 .text.calcVavg
                0x08002d90       0x24 Src\measure.o
                0x08002d90                calcVavg
 .text.calcMeasure
                0x08002db4       0x94 Src\measure.o
                0x08002db4                calcMeasure
 .text.Reset_Handler
                0x08002e48       0x50 Src\startup_stm32f746xx.o
                0x08002e48                Reset_Handler
 .text.Default_Handler
                0x08002e98        0x2 Src\startup_stm32f746xx.o
                0x08002e98                RTC_Alarm_IRQHandler
                0x08002e98                EXTI2_IRQHandler
                0x08002e98                TIM8_CC_IRQHandler
                0x08002e98                UART8_IRQHandler
                0x08002e98                SPI4_IRQHandler
                0x08002e98                TIM1_CC_IRQHandler
                0x08002e98                DMA2_Stream5_IRQHandler
                0x08002e98                DMA1_Stream5_IRQHandler
                0x08002e98                PVD_IRQHandler
                0x08002e98                TAMP_STAMP_IRQHandler
                0x08002e98                CAN2_RX1_IRQHandler
                0x08002e98                EXTI3_IRQHandler
                0x08002e98                TIM8_TRG_COM_TIM14_IRQHandler
                0x08002e98                TIM1_UP_TIM10_IRQHandler
                0x08002e98                TIM8_UP_TIM13_IRQHandler
                0x08002e98                I2C3_ER_IRQHandler
                0x08002e98                EXTI0_IRQHandler
                0x08002e98                I2C2_EV_IRQHandler
                0x08002e98                DMA1_Stream2_IRQHandler
                0x08002e98                CAN1_RX0_IRQHandler
                0x08002e98                FPU_IRQHandler
                0x08002e98                OTG_HS_WKUP_IRQHandler
                0x08002e98                CAN2_SCE_IRQHandler
                0x08002e98                DMA2_Stream2_IRQHandler
                0x08002e98                SPI1_IRQHandler
                0x08002e98                TIM6_DAC_IRQHandler
                0x08002e98                TIM1_BRK_TIM9_IRQHandler
                0x08002e98                DCMI_IRQHandler
                0x08002e98                CAN2_RX0_IRQHandler
                0x08002e98                DMA2_Stream3_IRQHandler
                0x08002e98                SAI2_IRQHandler
                0x08002e98                USART6_IRQHandler
                0x08002e98                USART3_IRQHandler
                0x08002e98                CAN1_RX1_IRQHandler
                0x08002e98                UART5_IRQHandler
                0x08002e98                QUADSPI_IRQHandler
                0x08002e98                I2C1_EV_IRQHandler
                0x08002e98                DMA1_Stream6_IRQHandler
                0x08002e98                DMA1_Stream1_IRQHandler
                0x08002e98                UART4_IRQHandler
                0x08002e98                RCC_IRQHandler
                0x08002e98                TIM8_BRK_TIM12_IRQHandler
                0x08002e98                Default_Handler
                0x08002e98                CEC_IRQHandler
                0x08002e98                ADC_IRQHandler
                0x08002e98                DMA1_Stream7_IRQHandler
                0x08002e98                SPI5_IRQHandler
                0x08002e98                TIM7_IRQHandler
                0x08002e98                SDMMC1_IRQHandler
                0x08002e98                CAN2_TX_IRQHandler
                0x08002e98                TIM5_IRQHandler
                0x08002e98                DMA2_Stream7_IRQHandler
                0x08002e98                I2C3_EV_IRQHandler
                0x08002e98                RTC_WKUP_IRQHandler
                0x08002e98                LTDC_IRQHandler
                0x08002e98                ETH_WKUP_IRQHandler
                0x08002e98                SPDIF_RX_IRQHandler
                0x08002e98                SPI2_IRQHandler
                0x08002e98                OTG_HS_EP1_IN_IRQHandler
                0x08002e98                DMA1_Stream0_IRQHandler
                0x08002e98                CAN1_TX_IRQHandler
                0x08002e98                EXTI4_IRQHandler
                0x08002e98                RNG_IRQHandler
                0x08002e98                ETH_IRQHandler
                0x08002e98                OTG_HS_EP1_OUT_IRQHandler
                0x08002e98                WWDG_IRQHandler
                0x08002e98                SPI6_IRQHandler
                0x08002e98                I2C4_EV_IRQHandler
                0x08002e98                TIM2_IRQHandler
                0x08002e98                OTG_FS_WKUP_IRQHandler
                0x08002e98                TIM1_TRG_COM_TIM11_IRQHandler
                0x08002e98                OTG_HS_IRQHandler
                0x08002e98                EXTI1_IRQHandler
                0x08002e98                UART7_IRQHandler
                0x08002e98                USART2_IRQHandler
                0x08002e98                I2C2_ER_IRQHandler
                0x08002e98                CAN1_SCE_IRQHandler
                0x08002e98                FLASH_IRQHandler
                0x08002e98                DMA2_Stream4_IRQHandler
                0x08002e98                USART1_IRQHandler
                0x08002e98                OTG_FS_IRQHandler
                0x08002e98                SPI3_IRQHandler
                0x08002e98                DMA1_Stream4_IRQHandler
                0x08002e98                I2C1_ER_IRQHandler
                0x08002e98                FMC_IRQHandler
                0x08002e98                LPTIM1_IRQHandler
                0x08002e98                I2C4_ER_IRQHandler
                0x08002e98                DMA2_Stream6_IRQHandler
                0x08002e98                SAI1_IRQHandler
                0x08002e98                DMA1_Stream3_IRQHandler
 .text.NMI_Handler
                0x08002e9a        0x2 Src\stm32f7xx_it.o
                0x08002e9a                NMI_Handler
 .text.HardFault_Handler
                0x08002e9c        0x2 Src\stm32f7xx_it.o
                0x08002e9c                HardFault_Handler
 .text.MemManage_Handler
                0x08002e9e        0x2 Src\stm32f7xx_it.o
                0x08002e9e                MemManage_Handler
 .text.BusFault_Handler
                0x08002ea0        0x2 Src\stm32f7xx_it.o
                0x08002ea0                BusFault_Handler
 .text.UsageFault_Handler
                0x08002ea2        0x2 Src\stm32f7xx_it.o
                0x08002ea2                UsageFault_Handler
 .text.SVC_Handler
                0x08002ea4        0x2 Src\stm32f7xx_it.o
                0x08002ea4                SVC_Handler
 .text.DebugMon_Handler
                0x08002ea6        0x2 Src\stm32f7xx_it.o
                0x08002ea6                DebugMon_Handler
 .text.PendSV_Handler
                0x08002ea8        0x2 Src\stm32f7xx_it.o
                0x08002ea8                PendSV_Handler
 *fill*         0x08002eaa        0x2 
 .text.SysTick_Handler
                0x08002eac       0x10 Src\stm32f7xx_it.o
                0x08002eac                SysTick_Handler
 .text.EXTI9_5_IRQHandler
                0x08002ebc       0x30 Src\stm32f7xx_it.o
                0x08002ebc                EXTI9_5_IRQHandler
 .text.EXTI15_10_IRQHandler
                0x08002eec       0x1c Src\stm32f7xx_it.o
                0x08002eec                EXTI15_10_IRQHandler
 .text.DMA2_Stream0_IRQHandler
                0x08002f08       0x38 Src\stm32f7xx_it.o
                0x08002f08                DMA2_Stream0_IRQHandler
 .text.DMA2_Stream1_IRQHandler
                0x08002f40       0x38 Src\stm32f7xx_it.o
                0x08002f40                DMA2_Stream1_IRQHandler
 .text.LTDC_ER_IRQHandler
                0x08002f78       0x24 Src\stm32f7xx_it.o
                0x08002f78                LTDC_ER_IRQHandler
 .text.DMA2D_IRQHandler
                0x08002f9c       0x24 Src\stm32f7xx_it.o
                0x08002f9c                DMA2D_IRQHandler
 .text.TIM4_IRQHandler
                0x08002fc0       0x1c Src\stm32f7xx_it.o
                0x08002fc0                TIM4_IRQHandler
 .text.TIM3_IRQHandler
                0x08002fdc       0x1c Src\stm32f7xx_it.o
                0x08002fdc                TIM3_IRQHandler
 .text.SystemInit
                0x08002ff8       0x50 Src\system_stm32f7xx.o
                0x08002ff8                SystemInit
 .text.TS_ReadSingle
                0x08003048       0x14 Src\touch.o
                0x08003048                TS_ReadSingle
 .text.TS_DetectNumTouches
                0x0800305c       0x10 Src\touch.o
                0x0800305c                TS_DetectNumTouches
 .text.TS_GetXY
                0x0800306c       0x38 Src\touch.o
                0x0800306c                TS_GetXY
 .text.calcFilters
                0x080030a4      0x588 Src\triggers.o
 .text.findNextMultiple
                0x0800362c       0x10 Src\triggers.o
 .text.getFiltDelay
                0x0800363c       0x10 Src\triggers.o
 .text.processTriggers
                0x0800364c       0xec Src\triggers.o
                0x0800364c                processTriggers
 .text.chkTrigResampSig
                0x08003738       0xc4 Src\triggers.o
                0x08003738                chkTrigResampSig
 .text.resampleChannels
                0x080037fc      0x714 Src\triggers.o
                0x080037fc                resampleChannels
 .text.UG_Init  0x08003f10       0x80 Src\ugui.o
                0x08003f10                UG_Init
 .text.UG_FillFrame
                0x08003f90       0x70 Src\ugui.o
                0x08003f90                UG_FillFrame
 .text.UG_FillScreen
                0x08004000       0x28 Src\ugui.o
                0x08004000                UG_FillScreen
 .text.UG_DrawLine
                0x08004028      0x10c Src\ugui.o
                0x08004028                UG_DrawLine
 .text.UG_DrawFrame
                0x08004134       0x4a Src\ugui.o
                0x08004134                UG_DrawFrame
 *fill*         0x0800417e        0x2 
 .text.UG_GetXDim
                0x08004180       0x10 Src\ugui.o
                0x08004180                UG_GetXDim
 .text.UG_GetYDim
                0x08004190       0x10 Src\ugui.o
                0x08004190                UG_GetYDim
 .text._UG_PutChar
                0x080041a0      0x364 Src\ugui.o
                0x080041a0                _UG_PutChar
 .text._UG_PutText
                0x08004504      0x160 Src\ugui.o
                0x08004504                _UG_PutText
 .text._UG_GetFreeObject
                0x08004664       0x2a Src\ugui.o
                0x08004664                _UG_GetFreeObject
 .text._UG_SearchObject
                0x0800468e       0x36 Src\ugui.o
                0x0800468e                _UG_SearchObject
 .text._UG_ProcessTouchData
                0x080046c4       0xbc Src\ugui.o
                0x080046c4                _UG_ProcessTouchData
 .text._UG_UpdateObjects
                0x08004780       0x5a Src\ugui.o
                0x08004780                _UG_UpdateObjects
 *fill*         0x080047da        0x2 
 .text._UG_HandleEvents
                0x080047dc       0x58 Src\ugui.o
                0x080047dc                _UG_HandleEvents
 .text._UG_DrawObjectFrame
                0x08004834      0x12c Src\ugui.o
                0x08004834                _UG_DrawObjectFrame
 .text._UG_SendObjectPrerenderEvent
                0x08004960       0x28 Src\ugui.o
                0x08004960                _UG_SendObjectPrerenderEvent
 .text._UG_SendObjectPostrenderEvent
                0x08004988       0x2a Src\ugui.o
                0x08004988                _UG_SendObjectPostrenderEvent
 *fill*         0x080049b2        0x2 
 .text.UG_DriverRegister
                0x080049b4       0x1c Src\ugui.o
                0x080049b4                UG_DriverRegister
 .text.UG_DriverEnable
                0x080049d0       0x2c Src\ugui.o
                0x080049d0                UG_DriverEnable
 .text.UG_TouchUpdate
                0x080049fc       0x10 Src\ugui.o
                0x080049fc                UG_TouchUpdate
 .text.UG_WindowCreate
                0x08004a0c       0xac Src\ugui.o
                0x08004a0c                UG_WindowCreate
 .text.UG_WindowShow
                0x08004ab8       0x24 Src\ugui.o
                0x08004ab8                UG_WindowShow
 .text.UG_WindowResize
                0x08004adc      0x13c Src\ugui.o
                0x08004adc                UG_WindowResize
 .text.UG_WindowSetBackColor
                0x08004c18       0x22 Src\ugui.o
                0x08004c18                UG_WindowSetBackColor
 .text.UG_WindowSetStyle
                0x08004c3a       0x52 Src\ugui.o
                0x08004c3a                UG_WindowSetStyle
 .text.UG_WindowGetArea
                0x08004c8c       0x68 Src\ugui.o
                0x08004c8c                UG_WindowGetArea
 .text._UG_ButtonUpdate
                0x08004cf4      0x234 Src\ugui.o
                0x08004cf4                _UG_ButtonUpdate
 .text._UG_TextboxUpdate
                0x08004f28      0x100 Src\ugui.o
                0x08004f28                _UG_TextboxUpdate
 .text._UG_WindowDrawTitle
                0x08005028       0xf0 Src\ugui.o
                0x08005028                _UG_WindowDrawTitle
 .text._UG_WindowUpdate
                0x08005118       0xe0 Src\ugui.o
                0x08005118                _UG_WindowUpdate
 .text.UG_Update
                0x080051f8       0xb0 Src\ugui.o
                0x080051f8                UG_Update
 .text.UG_ButtonCreate
                0x080052a8       0x98 Src\ugui.o
                0x080052a8                UG_ButtonCreate
 .text.UG_ButtonSetBackColor
                0x08005340       0x24 Src\ugui.o
                0x08005340                UG_ButtonSetBackColor
 .text.UG_ButtonSetText
                0x08005364       0x24 Src\ugui.o
                0x08005364                UG_ButtonSetText
 .text.UG_ButtonSetFont
                0x08005388       0x24 Src\ugui.o
                0x08005388                UG_ButtonSetFont
 .text.UG_TextboxCreate
                0x080053ac       0x88 Src\ugui.o
                0x080053ac                UG_TextboxCreate
 .text.UG_TextboxSetBackColor
                0x08005434       0x24 Src\ugui.o
                0x08005434                UG_TextboxSetBackColor
 .text.UG_TextboxSetText
                0x08005458       0x24 Src\ugui.o
                0x08005458                UG_TextboxSetText
 .text.UG_TextboxSetFont
                0x0800547c       0x24 Src\ugui.o
                0x0800547c                UG_TextboxSetFont
 .text.UG_TextboxSetAlignment
                0x080054a0       0x24 Src\ugui.o
                0x080054a0                UG_TextboxSetAlignment
 .text.drawGridHoriz
                0x080054c4       0x4c Src\ui.o
 .text.drawGridVerti
                0x08005510       0x30 Src\ui.o
 .text.window_2_callback
                0x08005540        0x2 Src\ui.o
                0x08005540                window_2_callback
 *fill*         0x08005542        0x2 
 .text.window_4_callback
                0x08005544       0x30 Src\ui.o
                0x08005544                window_4_callback
 .text.window_5_callback
                0x08005574       0xf0 Src\ui.o
                0x08005574                window_5_callback
 .text.selectField
                0x08005664       0xc4 Src\ui.o
 .text.drawGrid
                0x08005728        0xc Src\ui.o
                0x08005728                drawGrid
 .text.initUI   0x08005734      0x92c Src\ui.o
                0x08005734                initUI
 .text.window_1_callback
                0x08006060       0x78 Src\ui.o
                0x08006060                window_1_callback
 .text.window_3_callback
                0x080060d8      0x228 Src\ui.o
                0x080060d8                window_3_callback
 .text.voltsToStr
                0x08006300      0x118 Src\ui.o
                0x08006300                voltsToStr
 .text.hertzToStr
                0x08006418      0x134 Src\ui.o
                0x08006418                hertzToStr
 .text.secToStr
                0x0800654c      0x104 Src\ui.o
                0x0800654c                secToStr
 .text.switchNextWindow
                0x08006650       0xa0 Src\ui.o
                0x08006650                switchNextWindow
 .text.DisplayMeasurements
                0x080066f0      0x4a0 Src\ui.o
                0x080066f0                DisplayMeasurements
 .text.goToField
                0x08006b90       0x20 Src\ui.o
                0x08006b90                goToField
 .text.switchNextField
                0x08006bb0       0x38 Src\ui.o
                0x08006bb0                switchNextField
 .text.changeFieldValue
                0x08006be8      0x964 Src\ui.o
                0x08006be8                changeFieldValue
 .text.initFields
                0x0800754c      0x52c Src\ui.o
                0x0800754c                initFields
 .text.drawRedBorder
                0x08007a78       0x50 Src\ui.o
                0x08007a78                drawRedBorder
 .text.clearRedBorder
                0x08007ac8       0x52 Src\ui.o
                0x08007ac8                clearRedBorder
 *fill*         0x08007b1a        0x2 
 .text.arm_max_f32
                0x08007b1c       0xd4 C:/Users/Anirudh/STM32Cube/Repository/CMSIS-PACK\ARM\CMSIS\5.7.0\CMSIS\DSP\Lib\GCC\libarm_cortexM7lfsp_math.a(arm_max_f32.o)
                0x08007b1c                arm_max_f32
 .text.arm_cfft_init_f32
                0x08007bf0       0xa0 C:/Users/Anirudh/STM32Cube/Repository/CMSIS-PACK\ARM\CMSIS\5.7.0\CMSIS\DSP\Lib\GCC\libarm_cortexM7lfsp_math.a(arm_cfft_init_f32.o)
                0x08007bf0                arm_cfft_init_f32
 .text.arm_rfft_32_fast_init_f32
                0x08007c90       0x24 C:/Users/Anirudh/STM32Cube/Repository/CMSIS-PACK\ARM\CMSIS\5.7.0\CMSIS\DSP\Lib\GCC\libarm_cortexM7lfsp_math.a(arm_rfft_fast_init_f32.o)
 .text.arm_rfft_64_fast_init_f32
                0x08007cb4       0x24 C:/Users/Anirudh/STM32Cube/Repository/CMSIS-PACK\ARM\CMSIS\5.7.0\CMSIS\DSP\Lib\GCC\libarm_cortexM7lfsp_math.a(arm_rfft_fast_init_f32.o)
 .text.arm_rfft_128_fast_init_f32
                0x08007cd8       0x24 C:/Users/Anirudh/STM32Cube/Repository/CMSIS-PACK\ARM\CMSIS\5.7.0\CMSIS\DSP\Lib\GCC\libarm_cortexM7lfsp_math.a(arm_rfft_fast_init_f32.o)
 .text.arm_rfft_256_fast_init_f32
                0x08007cfc       0x24 C:/Users/Anirudh/STM32Cube/Repository/CMSIS-PACK\ARM\CMSIS\5.7.0\CMSIS\DSP\Lib\GCC\libarm_cortexM7lfsp_math.a(arm_rfft_fast_init_f32.o)
 .text.arm_rfft_512_fast_init_f32
                0x08007d20       0x28 C:/Users/Anirudh/STM32Cube/Repository/CMSIS-PACK\ARM\CMSIS\5.7.0\CMSIS\DSP\Lib\GCC\libarm_cortexM7lfsp_math.a(arm_rfft_fast_init_f32.o)
 .text.arm_rfft_1024_fast_init_f32
                0x08007d48       0x28 C:/Users/Anirudh/STM32Cube/Repository/CMSIS-PACK\ARM\CMSIS\5.7.0\CMSIS\DSP\Lib\GCC\libarm_cortexM7lfsp_math.a(arm_rfft_fast_init_f32.o)
 .text.arm_rfft_2048_fast_init_f32
                0x08007d70       0x28 C:/Users/Anirudh/STM32Cube/Repository/CMSIS-PACK\ARM\CMSIS\5.7.0\CMSIS\DSP\Lib\GCC\libarm_cortexM7lfsp_math.a(arm_rfft_fast_init_f32.o)
 .text.arm_rfft_4096_fast_init_f32
                0x08007d98       0x28 C:/Users/Anirudh/STM32Cube/Repository/CMSIS-PACK\ARM\CMSIS\5.7.0\CMSIS\DSP\Lib\GCC\libarm_cortexM7lfsp_math.a(arm_rfft_fast_init_f32.o)
 .text.arm_rfft_fast_init_f32
                0x08007dc0       0x74 C:/Users/Anirudh/STM32Cube/Repository/CMSIS-PACK\ARM\CMSIS\5.7.0\CMSIS\DSP\Lib\GCC\libarm_cortexM7lfsp_math.a(arm_rfft_fast_init_f32.o)
                0x08007dc0                arm_rfft_fast_init_f32
 .text.stage_rfft_f32
                0x08007e34       0xbc C:/Users/Anirudh/STM32Cube/Repository/CMSIS-PACK\ARM\CMSIS\5.7.0\CMSIS\DSP\Lib\GCC\libarm_cortexM7lfsp_math.a(arm_rfft_fast_f32.o)
                0x08007e34                stage_rfft_f32
 .text.merge_rfft_f32
                0x08007ef0       0xac C:/Users/Anirudh/STM32Cube/Repository/CMSIS-PACK\ARM\CMSIS\5.7.0\CMSIS\DSP\Lib\GCC\libarm_cortexM7lfsp_math.a(arm_rfft_fast_f32.o)
                0x08007ef0                merge_rfft_f32
 .text.arm_rfft_fast_f32
                0x08007f9c       0x38 C:/Users/Anirudh/STM32Cube/Repository/CMSIS-PACK\ARM\CMSIS\5.7.0\CMSIS\DSP\Lib\GCC\libarm_cortexM7lfsp_math.a(arm_rfft_fast_f32.o)
                0x08007f9c                arm_rfft_fast_f32
 .text.arm_cfft_radix8by2_f32
                0x08007fd4      0x19c C:/Users/Anirudh/STM32Cube/Repository/CMSIS-PACK\ARM\CMSIS\5.7.0\CMSIS\DSP\Lib\GCC\libarm_cortexM7lfsp_math.a(arm_cfft_f32.o)
                0x08007fd4                arm_cfft_radix8by2_f32
 .text.arm_cfft_radix8by4_f32
                0x08008170      0x4bc C:/Users/Anirudh/STM32Cube/Repository/CMSIS-PACK\ARM\CMSIS\5.7.0\CMSIS\DSP\Lib\GCC\libarm_cortexM7lfsp_math.a(arm_cfft_f32.o)
                0x08008170                arm_cfft_radix8by4_f32
 .text.arm_cfft_f32
                0x0800862c       0xec C:/Users/Anirudh/STM32Cube/Repository/CMSIS-PACK\ARM\CMSIS\5.7.0\CMSIS\DSP\Lib\GCC\libarm_cortexM7lfsp_math.a(arm_cfft_f32.o)
                0x0800862c                arm_cfft_f32
 .text.arm_bitreversal_32
                0x08008718       0x50 C:/Users/Anirudh/STM32Cube/Repository/CMSIS-PACK\ARM\CMSIS\5.7.0\CMSIS\DSP\Lib\GCC\libarm_cortexM7lfsp_math.a(arm_bitreversal2.o)
                0x08008718                arm_bitreversal_32
 .text.arm_fir_interpolate_init_f32
                0x08008768       0x34 C:/Users/Anirudh/STM32Cube/Repository/CMSIS-PACK\ARM\CMSIS\5.7.0\CMSIS\DSP\Lib\GCC\libarm_cortexM7lfsp_math.a(arm_fir_interpolate_init_f32.o)
                0x08008768                arm_fir_interpolate_init_f32
 .text.arm_fir_interpolate_f32
                0x0800879c      0x4a0 C:/Users/Anirudh/STM32Cube/Repository/CMSIS-PACK\ARM\CMSIS\5.7.0\CMSIS\DSP\Lib\GCC\libarm_cortexM7lfsp_math.a(arm_fir_interpolate_f32.o)
                0x0800879c                arm_fir_interpolate_f32
 .text.arm_fir_decimate_init_f32
                0x08008c3c       0x3c C:/Users/Anirudh/STM32Cube/Repository/CMSIS-PACK\ARM\CMSIS\5.7.0\CMSIS\DSP\Lib\GCC\libarm_cortexM7lfsp_math.a(arm_fir_decimate_init_f32.o)
                0x08008c3c                arm_fir_decimate_init_f32
 .text.arm_fir_decimate_f32
                0x08008c78      0x374 C:/Users/Anirudh/STM32Cube/Repository/CMSIS-PACK\ARM\CMSIS\5.7.0\CMSIS\DSP\Lib\GCC\libarm_cortexM7lfsp_math.a(arm_fir_decimate_f32.o)
                0x08008c78                arm_fir_decimate_f32
 .text.arm_cmplx_mult_cmplx_f32
                0x08008fec      0x194 C:/Users/Anirudh/STM32Cube/Repository/CMSIS-PACK\ARM\CMSIS\5.7.0\CMSIS\DSP\Lib\GCC\libarm_cortexM7lfsp_math.a(arm_cmplx_mult_cmplx_f32.o)
                0x08008fec                arm_cmplx_mult_cmplx_f32
 .text.arm_cmplx_mag_squared_f32
                0x08009180       0xe0 C:/Users/Anirudh/STM32Cube/Repository/CMSIS-PACK\ARM\CMSIS\5.7.0\CMSIS\DSP\Lib\GCC\libarm_cortexM7lfsp_math.a(arm_cmplx_mag_squared_f32.o)
                0x08009180                arm_cmplx_mag_squared_f32
 .text.arm_sin_f32
                0x08009260       0x8c C:/Users/Anirudh/STM32Cube/Repository/CMSIS-PACK\ARM\CMSIS\5.7.0\CMSIS\DSP\Lib\GCC\libarm_cortexM7lfsp_math.a(arm_sin_f32.o)
                0x08009260                arm_sin_f32
 .text.arm_cos_f32
                0x080092ec       0x94 C:/Users/Anirudh/STM32Cube/Repository/CMSIS-PACK\ARM\CMSIS\5.7.0\CMSIS\DSP\Lib\GCC\libarm_cortexM7lfsp_math.a(arm_cos_f32.o)
                0x080092ec                arm_cos_f32
 .text.arm_radix8_butterfly_f32
                0x08009380      0x580 C:/Users/Anirudh/STM32Cube/Repository/CMSIS-PACK\ARM\CMSIS\5.7.0\CMSIS\DSP\Lib\GCC\libarm_cortexM7lfsp_math.a(arm_cfft_radix8_f32.o)
                0x08009380                arm_radix8_butterfly_f32
 .text.gcvt     0x08009900       0x58 c:/program files (x86)/atollic/truestudio for stm32 9.3.0/armtools/bin/../lib/gcc/arm-atollic-eabi/6.3.1/../../../../arm-atollic-eabi/lib/armv7e-m/fpu/fpv5-sp-d16\libc_nano.a(lib_a-efgcvt.o)
                0x08009900                gcvt
 .text.__libc_init_array
                0x08009958       0x48 c:/program files (x86)/atollic/truestudio for stm32 9.3.0/armtools/bin/../lib/gcc/arm-atollic-eabi/6.3.1/../../../../arm-atollic-eabi/lib/armv7e-m/fpu/fpv5-sp-d16\libc_nano.a(lib_a-init.o)
                0x08009958                __libc_init_array
 .text.__itoa   0x080099a0       0x30 c:/program files (x86)/atollic/truestudio for stm32 9.3.0/armtools/bin/../lib/gcc/arm-atollic-eabi/6.3.1/../../../../arm-atollic-eabi/lib/armv7e-m/fpu/fpv5-sp-d16\libc_nano.a(lib_a-itoa.o)
                0x080099a0                __itoa
 .text.itoa     0x080099d0        0x4 c:/program files (x86)/atollic/truestudio for stm32 9.3.0/armtools/bin/../lib/gcc/arm-atollic-eabi/6.3.1/../../../../arm-atollic-eabi/lib/armv7e-m/fpu/fpv5-sp-d16\libc_nano.a(lib_a-itoa.o)
                0x080099d0                itoa
 .text.memset   0x080099d4       0x10 c:/program files (x86)/atollic/truestudio for stm32 9.3.0/armtools/bin/../lib/gcc/arm-atollic-eabi/6.3.1/../../../../arm-atollic-eabi/lib/armv7e-m/fpu/fpv5-sp-d16\libc_nano.a(lib_a-memset.o)
                0x080099d4                memset
 .text.strcat   0x080099e4       0x1e c:/program files (x86)/atollic/truestudio for stm32 9.3.0/armtools/bin/../lib/gcc/arm-atollic-eabi/6.3.1/../../../../arm-atollic-eabi/lib/armv7e-m/fpu/fpv5-sp-d16\libc_nano.a(lib_a-strcat.o)
                0x080099e4                strcat
 .text.strcpy   0x08009a02       0x10 c:/program files (x86)/atollic/truestudio for stm32 9.3.0/armtools/bin/../lib/gcc/arm-atollic-eabi/6.3.1/../../../../arm-atollic-eabi/lib/armv7e-m/fpu/fpv5-sp-d16\libc_nano.a(lib_a-strcpy.o)
                0x08009a02                strcpy
 *fill*         0x08009a12        0x2 
 .text.__utoa   0x08009a14       0x80 c:/program files (x86)/atollic/truestudio for stm32 9.3.0/armtools/bin/../lib/gcc/arm-atollic-eabi/6.3.1/../../../../arm-atollic-eabi/lib/armv7e-m/fpu/fpv5-sp-d16\libc_nano.a(lib_a-utoa.o)
                0x08009a14                __utoa
 .text.print_e  0x08009a94       0xe8 c:/program files (x86)/atollic/truestudio for stm32 9.3.0/armtools/bin/../lib/gcc/arm-atollic-eabi/6.3.1/../../../../arm-atollic-eabi/lib/armv7e-m/fpu/fpv5-sp-d16\libc_nano.a(lib_a-ecvtbuf.o)
 *fill*         0x08009b7c        0x4 
 .text._gcvt    0x08009b80      0x18c c:/program files (x86)/atollic/truestudio for stm32 9.3.0/armtools/bin/../lib/gcc/arm-atollic-eabi/6.3.1/../../../../arm-atollic-eabi/lib/armv7e-m/fpu/fpv5-sp-d16\libc_nano.a(lib_a-ecvtbuf.o)
                0x08009b80                _gcvt
 .text._Balloc  0x08009d0c       0x68 c:/program files (x86)/atollic/truestudio for stm32 9.3.0/armtools/bin/../lib/gcc/arm-atollic-eabi/6.3.1/../../../../arm-atollic-eabi/lib/armv7e-m/fpu/fpv5-sp-d16\libc_nano.a(lib_a-mprec.o)
                0x08009d0c                _Balloc
 .text._Bfree   0x08009d74       0x2e c:/program files (x86)/atollic/truestudio for stm32 9.3.0/armtools/bin/../lib/gcc/arm-atollic-eabi/6.3.1/../../../../arm-atollic-eabi/lib/armv7e-m/fpu/fpv5-sp-d16\libc_nano.a(lib_a-mprec.o)
                0x08009d74                _Bfree
 .text.__multadd
                0x08009da2       0x76 c:/program files (x86)/atollic/truestudio for stm32 9.3.0/armtools/bin/../lib/gcc/arm-atollic-eabi/6.3.1/../../../../arm-atollic-eabi/lib/armv7e-m/fpu/fpv5-sp-d16\libc_nano.a(lib_a-mprec.o)
                0x08009da2                __multadd
 .text.__hi0bits
                0x08009e18       0x3e c:/program files (x86)/atollic/truestudio for stm32 9.3.0/armtools/bin/../lib/gcc/arm-atollic-eabi/6.3.1/../../../../arm-atollic-eabi/lib/armv7e-m/fpu/fpv5-sp-d16\libc_nano.a(lib_a-mprec.o)
                0x08009e18                __hi0bits
 .text.__lo0bits
                0x08009e56       0x5e c:/program files (x86)/atollic/truestudio for stm32 9.3.0/armtools/bin/../lib/gcc/arm-atollic-eabi/6.3.1/../../../../arm-atollic-eabi/lib/armv7e-m/fpu/fpv5-sp-d16\libc_nano.a(lib_a-mprec.o)
                0x08009e56                __lo0bits
 .text.__i2b    0x08009eb4       0x12 c:/program files (x86)/atollic/truestudio for stm32 9.3.0/armtools/bin/../lib/gcc/arm-atollic-eabi/6.3.1/../../../../arm-atollic-eabi/lib/armv7e-m/fpu/fpv5-sp-d16\libc_nano.a(lib_a-mprec.o)
                0x08009eb4                __i2b
 .text.__multiply
                0x08009ec6      0x11a c:/program files (x86)/atollic/truestudio for stm32 9.3.0/armtools/bin/../lib/gcc/arm-atollic-eabi/6.3.1/../../../../arm-atollic-eabi/lib/armv7e-m/fpu/fpv5-sp-d16\libc_nano.a(lib_a-mprec.o)
                0x08009ec6                __multiply
 .text.__pow5mult
                0x08009fe0       0x9c c:/program files (x86)/atollic/truestudio for stm32 9.3.0/armtools/bin/../lib/gcc/arm-atollic-eabi/6.3.1/../../../../arm-atollic-eabi/lib/armv7e-m/fpu/fpv5-sp-d16\libc_nano.a(lib_a-mprec.o)
                0x08009fe0                __pow5mult
 .text.__lshift
                0x0800a07c       0xa2 c:/program files (x86)/atollic/truestudio for stm32 9.3.0/armtools/bin/../lib/gcc/arm-atollic-eabi/6.3.1/../../../../arm-atollic-eabi/lib/armv7e-m/fpu/fpv5-sp-d16\libc_nano.a(lib_a-mprec.o)
                0x0800a07c                __lshift
 .text.__mcmp   0x0800a11e       0x34 c:/program files (x86)/atollic/truestudio for stm32 9.3.0/armtools/bin/../lib/gcc/arm-atollic-eabi/6.3.1/../../../../arm-atollic-eabi/lib/armv7e-m/fpu/fpv5-sp-d16\libc_nano.a(lib_a-mprec.o)
                0x0800a11e                __mcmp
 .text.__mdiff  0x0800a152       0xbc c:/program files (x86)/atollic/truestudio for stm32 9.3.0/armtools/bin/../lib/gcc/arm-atollic-eabi/6.3.1/../../../../arm-atollic-eabi/lib/armv7e-m/fpu/fpv5-sp-d16\libc_nano.a(lib_a-mprec.o)
                0x0800a152                __mdiff
 .text.__d2b    0x0800a20e       0x9e c:/program files (x86)/atollic/truestudio for stm32 9.3.0/armtools/bin/../lib/gcc/arm-atollic-eabi/6.3.1/../../../../arm-atollic-eabi/lib/armv7e-m/fpu/fpv5-sp-d16\libc_nano.a(lib_a-mprec.o)
                0x0800a20e                __d2b
 .text._mprec_log10
                0x0800a2ac       0x3c c:/program files (x86)/atollic/truestudio for stm32 9.3.0/armtools/bin/../lib/gcc/arm-atollic-eabi/6.3.1/../../../../arm-atollic-eabi/lib/armv7e-m/fpu/fpv5-sp-d16\libc_nano.a(lib_a-mprec.o)
                0x0800a2ac                _mprec_log10
 .text._calloc_r
                0x0800a2e8       0x1c c:/program files (x86)/atollic/truestudio for stm32 9.3.0/armtools/bin/../lib/gcc/arm-atollic-eabi/6.3.1/../../../../arm-atollic-eabi/lib/armv7e-m/fpu/fpv5-sp-d16\libc_nano.a(lib_a-nano-callocr.o)
                0x0800a2e8                _calloc_r
 .text._malloc_r
                0x0800a304       0xbc c:/program files (x86)/atollic/truestudio for stm32 9.3.0/armtools/bin/../lib/gcc/arm-atollic-eabi/6.3.1/../../../../arm-atollic-eabi/lib/armv7e-m/fpu/fpv5-sp-d16\libc_nano.a(lib_a-nano-mallocr.o)
                0x0800a304                _malloc_r
 .text._sbrk_r  0x0800a3c0       0x20 c:/program files (x86)/atollic/truestudio for stm32 9.3.0/armtools/bin/../lib/gcc/arm-atollic-eabi/6.3.1/../../../../arm-atollic-eabi/lib/armv7e-m/fpu/fpv5-sp-d16\libc_nano.a(lib_a-sbrkr.o)
                0x0800a3c0                _sbrk_r
 .text.quorem   0x0800a3e0      0x118 c:/program files (x86)/atollic/truestudio for stm32 9.3.0/armtools/bin/../lib/gcc/arm-atollic-eabi/6.3.1/../../../../arm-atollic-eabi/lib/armv7e-m/fpu/fpv5-sp-d16\libc_nano.a(lib_a-dtoa.o)
 .text._dtoa_r  0x0800a4f8      0xb9c c:/program files (x86)/atollic/truestudio for stm32 9.3.0/armtools/bin/../lib/gcc/arm-atollic-eabi/6.3.1/../../../../arm-atollic-eabi/lib/armv7e-m/fpu/fpv5-sp-d16\libc_nano.a(lib_a-dtoa.o)
                0x0800a4f8                _dtoa_r
 .text.malloc   0x0800b094       0x10 c:/program files (x86)/atollic/truestudio for stm32 9.3.0/armtools/bin/../lib/gcc/arm-atollic-eabi/6.3.1/../../../../arm-atollic-eabi/lib/armv7e-m/fpu/fpv5-sp-d16\libc_nano.a(lib_a-malloc.o)
                0x0800b094                malloc
 .text.memcpy   0x0800b0a4       0x16 c:/program files (x86)/atollic/truestudio for stm32 9.3.0/armtools/bin/../lib/gcc/arm-atollic-eabi/6.3.1/../../../../arm-atollic-eabi/lib/armv7e-m/fpu/fpv5-sp-d16\libc_nano.a(lib_a-memcpy-stub.o)
                0x0800b0a4                memcpy
 .text.__malloc_lock
                0x0800b0ba        0x2 c:/program files (x86)/atollic/truestudio for stm32 9.3.0/armtools/bin/../lib/gcc/arm-atollic-eabi/6.3.1/../../../../arm-atollic-eabi/lib/armv7e-m/fpu/fpv5-sp-d16\libc_nano.a(lib_a-mlock.o)
                0x0800b0ba                __malloc_lock
 .text.__malloc_unlock
                0x0800b0bc        0x2 c:/program files (x86)/atollic/truestudio for stm32 9.3.0/armtools/bin/../lib/gcc/arm-atollic-eabi/6.3.1/../../../../arm-atollic-eabi/lib/armv7e-m/fpu/fpv5-sp-d16\libc_nano.a(lib_a-mlock.o)
                0x0800b0bc                __malloc_unlock
 *fill*         0x0800b0be        0x2 
 .text.ceil     0x0800b0c0      0x108 c:/program files (x86)/atollic/truestudio for stm32 9.3.0/armtools/bin/../lib/gcc/arm-atollic-eabi/6.3.1/../../../../arm-atollic-eabi/lib/armv7e-m/fpu/fpv5-sp-d16\libm.a(lib_a-s_ceil.o)
                0x0800b0c0                ceil
 .text.floor    0x0800b1c8      0x108 c:/program files (x86)/atollic/truestudio for stm32 9.3.0/armtools/bin/../lib/gcc/arm-atollic-eabi/6.3.1/../../../../arm-atollic-eabi/lib/armv7e-m/fpu/fpv5-sp-d16\libm.a(lib_a-s_floor.o)
                0x0800b1c8                floor
 .text.round    0x0800b2d0       0x8c c:/program files (x86)/atollic/truestudio for stm32 9.3.0/armtools/bin/../lib/gcc/arm-atollic-eabi/6.3.1/../../../../arm-atollic-eabi/lib/armv7e-m/fpu/fpv5-sp-d16\libm.a(lib_a-s_round.o)
                0x0800b2d0                round
 .text.sqrtf    0x0800b35c       0xa0 c:/program files (x86)/atollic/truestudio for stm32 9.3.0/armtools/bin/../lib/gcc/arm-atollic-eabi/6.3.1/../../../../arm-atollic-eabi/lib/armv7e-m/fpu/fpv5-sp-d16\libm.a(lib_a-wf_sqrt.o)
                0x0800b35c                sqrtf
 .text.__ieee754_sqrtf
                0x0800b3fc       0x8e c:/program files (x86)/atollic/truestudio for stm32 9.3.0/armtools/bin/../lib/gcc/arm-atollic-eabi/6.3.1/../../../../arm-atollic-eabi/lib/armv7e-m/fpu/fpv5-sp-d16\libm.a(lib_a-ef_sqrt.o)
                0x0800b3fc                __ieee754_sqrtf
 .text.matherr  0x0800b48a        0x4 c:/program files (x86)/atollic/truestudio for stm32 9.3.0/armtools/bin/../lib/gcc/arm-atollic-eabi/6.3.1/../../../../arm-atollic-eabi/lib/armv7e-m/fpu/fpv5-sp-d16\libm.a(lib_a-s_matherr.o)
                0x0800b48a                matherr
 *fill*         0x0800b48e        0x2 
 .text.__errno  0x0800b490        0xc c:/program files (x86)/atollic/truestudio for stm32 9.3.0/armtools/bin/../lib/gcc/arm-atollic-eabi/6.3.1/../../../../arm-atollic-eabi/lib/armv7e-m/fpu/fpv5-sp-d16\libc_nano.a(lib_a-errno.o)
                0x0800b490                __errno
 .text._sbrk    0x0800b49c       0x1c c:/program files (x86)/atollic/truestudio for stm32 9.3.0/armtools/bin/../lib/gcc/arm-atollic-eabi/6.3.1/../../../../arm-atollic-eabi/lib/armv7e-m/fpu/fpv5-sp-d16\libnosys.a(sbrk.o)
                0x0800b49c                _sbrk
 *(.glue_7)
 .glue_7        0x0800b4b8        0x0 linker stubs
 *(.glue_7t)
 .glue_7t       0x0800b4b8        0x0 linker stubs
 *(.eh_frame)
 .eh_frame      0x0800b4b8        0x0 c:/program files (x86)/atollic/truestudio for stm32 9.3.0/armtools/bin/../lib/gcc/arm-atollic-eabi/6.3.1/armv7e-m/fpu/fpv5-sp-d16/crtbegin.o
 *(.init)
 .init          0x0800b4b8        0x4 c:/program files (x86)/atollic/truestudio for stm32 9.3.0/armtools/bin/../lib/gcc/arm-atollic-eabi/6.3.1/armv7e-m/fpu/fpv5-sp-d16/crti.o
                0x0800b4b8                _init
 .init          0x0800b4bc        0x8 c:/program files (x86)/atollic/truestudio for stm32 9.3.0/armtools/bin/../lib/gcc/arm-atollic-eabi/6.3.1/armv7e-m/fpu/fpv5-sp-d16/crtn.o
 *(.fini)
 .fini          0x0800b4c4        0x4 c:/program files (x86)/atollic/truestudio for stm32 9.3.0/armtools/bin/../lib/gcc/arm-atollic-eabi/6.3.1/armv7e-m/fpu/fpv5-sp-d16/crti.o
                0x0800b4c4                _fini
 .fini          0x0800b4c8        0x8 c:/program files (x86)/atollic/truestudio for stm32 9.3.0/armtools/bin/../lib/gcc/arm-atollic-eabi/6.3.1/armv7e-m/fpu/fpv5-sp-d16/crtn.o
                0x0800b4d0                . = ALIGN (0x4)
                0x0800b4d0                _etext = .

.vfp11_veneer   0x0800b4d0        0x0
 .vfp11_veneer  0x0800b4d0        0x0 linker stubs

.v4_bx          0x0800b4d0        0x0
 .v4_bx         0x0800b4d0        0x0 linker stubs

.iplt           0x0800b4d0        0x0
 .iplt          0x0800b4d0        0x0 c:/program files (x86)/atollic/truestudio for stm32 9.3.0/armtools/bin/../lib/gcc/arm-atollic-eabi/6.3.1/armv7e-m/fpu/fpv5-sp-d16/crtbegin.o

.rodata         0x0800b4d0    0x220dc
                0x0800b4d0                . = ALIGN (0x4)
 *(.rodata)
 *(.rodata*)
 .rodata.runstopDispVals
                0x0800b4d0        0xa Src\globals.o
                0x0800b4d0                runstopDispVals
 *fill*         0x0800b4da        0x2 
 .rodata.runstopVals
                0x0800b4dc        0x2 Src\globals.o
                0x0800b4dc                runstopVals
 *fill*         0x0800b4de        0x2 
 .rodata.samprateVals
                0x0800b4e0       0x1c Src\globals.o
                0x0800b4e0                samprateVals
 .rodata.trigmodeDispVals
                0x0800b4fc        0xf Src\globals.o
                0x0800b4fc                trigmodeDispVals
 *fill*         0x0800b50b        0x1 
 .rodata.trigmodeVals
                0x0800b50c        0x3 Src\globals.o
                0x0800b50c                trigmodeVals
 *fill*         0x0800b50f        0x1 
 .rodata.trigsrcVals
                0x0800b510        0x2 Src\globals.o
                0x0800b510                trigsrcVals
 *fill*         0x0800b512        0x2 
 .rodata.trigtypeDispVals
                0x0800b514        0xc Src\globals.o
                0x0800b514                trigtypeDispVals
 .rodata.trigtypeVals
                0x0800b520        0x3 Src\globals.o
                0x0800b520                trigtypeVals
 *fill*         0x0800b523        0x1 
 .rodata.tscaleDispVals
                0x0800b524       0x31 Src\globals.o
                0x0800b524                tscaleDispVals
 *fill*         0x0800b555        0x3 
 .rodata.vscaleDispVals
                0x0800b558       0x30 Src\globals.o
                0x0800b558                vscaleDispVals
 .rodata.vscaleVals
                0x0800b588       0x20 Src\globals.o
                0x0800b588                vscaleVals
 .rodata.chrp   0x0800b5a8     0x1108 Src\measure.o
 .rodata.measParamTexts
                0x0800c6b0       0x28 Src\measure.o
                0x0800c6b0                measParamTexts
 .rodata.firlp10
                0x0800c6d8      0x1b8 Src\triggers.o
 .rodata.firlp2
                0x0800c890      0x198 Src\triggers.o
 .rodata.firlp23
                0x0800ca28      0x3f4 Src\triggers.o
 .rodata.firlp4
                0x0800ce1c      0x1a0 Src\triggers.o
 .rodata.firlp5
                0x0800cfbc      0x1a4 Src\triggers.o
 .rodata.firlp6
                0x0800d160      0x198 Src\triggers.o
 .rodata.firlp8
                0x0800d2f8      0x1a0 Src\triggers.o
 .rodata.FONT_6X8
                0x0800d498       0x14 Src\ugui.o
                0x0800d498                FONT_6X8
 .rodata.FONT_7X12
                0x0800d4ac       0x14 Src\ugui.o
                0x0800d4ac                FONT_7X12
 .rodata.FONT_8X12
                0x0800d4c0       0x14 Src\ugui.o
                0x0800d4c0                FONT_8X12
 .rodata.UG_ButtonCreate.str1.4
                0x0800d4d4        0x2 Src\ugui.o
 *fill*         0x0800d4d6        0x2 
 .rodata.font_6x8
                0x0800d4d8      0x800 Src\ugui.o
                0x0800d4d8                font_6x8
 .rodata.font_7x12
                0x0800dcd8      0xc00 Src\ugui.o
                0x0800dcd8                font_7x12
 .rodata.font_8x12
                0x0800e8d8      0xc00 Src\ugui.o
                0x0800e8d8                font_8x12
 .rodata.pal_button_pressed
                0x0800f4d8       0x18 Src\ugui.o
                0x0800f4d8                pal_button_pressed
 .rodata.pal_button_released
                0x0800f4f0       0x18 Src\ugui.o
                0x0800f4f0                pal_button_released
 .rodata.pal_window
                0x0800f508       0x18 Src\ugui.o
                0x0800f508                pal_window
 .rodata.DisplayMeasurements.str1.4
                0x0800f520        0xa Src\ui.o
 *fill*         0x0800f52a        0x2 
 .rodata.ch1RefCursorImg
                0x0800f52c       0x82 Src\ui.o
 *fill*         0x0800f5ae        0x2 
 .rodata.ch2RefCursorImg
                0x0800f5b0       0x82 Src\ui.o
 *fill*         0x0800f632        0x2 
 .rodata.hertzToStr.str1.4
                0x0800f634       0x18 Src\ui.o
 .rodata.initUI.str1.4
                0x0800f64c       0x8d Src\ui.o
 *fill*         0x0800f6d9        0x3 
 .rodata.secToStr.str1.4
                0x0800f6dc        0x7 Src\ui.o
 *fill*         0x0800f6e3        0x1 
 .rodata.toffCursorImg
                0x0800f6e4       0x82 Src\ui.o
 *fill*         0x0800f766        0x2 
 .rodata.trigCursorImg
                0x0800f768       0x82 Src\ui.o
 *fill*         0x0800f7ea        0x2 
 .rodata.voltsToStr.str1.4
                0x0800f7ec        0xc Src\ui.o
                                 0x12 (size before relaxing)
 .rodata.window_5_callback.str1.4
                0x0800f7f8        0x8 Src\ui.o
 .rodata.arm_cfft_sR_f32_len1024
                0x0800f800       0x10 C:/Users/Anirudh/STM32Cube/Repository/CMSIS-PACK\ARM\CMSIS\5.7.0\CMSIS\DSP\Lib\GCC\libarm_cortexM7lfsp_math.a(arm_const_structs.o)
                0x0800f800                arm_cfft_sR_f32_len1024
 .rodata.arm_cfft_sR_f32_len128
                0x0800f810       0x10 C:/Users/Anirudh/STM32Cube/Repository/CMSIS-PACK\ARM\CMSIS\5.7.0\CMSIS\DSP\Lib\GCC\libarm_cortexM7lfsp_math.a(arm_const_structs.o)
                0x0800f810                arm_cfft_sR_f32_len128
 .rodata.arm_cfft_sR_f32_len16
                0x0800f820       0x10 C:/Users/Anirudh/STM32Cube/Repository/CMSIS-PACK\ARM\CMSIS\5.7.0\CMSIS\DSP\Lib\GCC\libarm_cortexM7lfsp_math.a(arm_const_structs.o)
                0x0800f820                arm_cfft_sR_f32_len16
 .rodata.arm_cfft_sR_f32_len2048
                0x0800f830       0x10 C:/Users/Anirudh/STM32Cube/Repository/CMSIS-PACK\ARM\CMSIS\5.7.0\CMSIS\DSP\Lib\GCC\libarm_cortexM7lfsp_math.a(arm_const_structs.o)
                0x0800f830                arm_cfft_sR_f32_len2048
 .rodata.arm_cfft_sR_f32_len256
                0x0800f840       0x10 C:/Users/Anirudh/STM32Cube/Repository/CMSIS-PACK\ARM\CMSIS\5.7.0\CMSIS\DSP\Lib\GCC\libarm_cortexM7lfsp_math.a(arm_const_structs.o)
                0x0800f840                arm_cfft_sR_f32_len256
 .rodata.arm_cfft_sR_f32_len32
                0x0800f850       0x10 C:/Users/Anirudh/STM32Cube/Repository/CMSIS-PACK\ARM\CMSIS\5.7.0\CMSIS\DSP\Lib\GCC\libarm_cortexM7lfsp_math.a(arm_const_structs.o)
                0x0800f850                arm_cfft_sR_f32_len32
 .rodata.arm_cfft_sR_f32_len4096
                0x0800f860       0x10 C:/Users/Anirudh/STM32Cube/Repository/CMSIS-PACK\ARM\CMSIS\5.7.0\CMSIS\DSP\Lib\GCC\libarm_cortexM7lfsp_math.a(arm_const_structs.o)
                0x0800f860                arm_cfft_sR_f32_len4096
 .rodata.arm_cfft_sR_f32_len512
                0x0800f870       0x10 C:/Users/Anirudh/STM32Cube/Repository/CMSIS-PACK\ARM\CMSIS\5.7.0\CMSIS\DSP\Lib\GCC\libarm_cortexM7lfsp_math.a(arm_const_structs.o)
                0x0800f870                arm_cfft_sR_f32_len512
 .rodata.arm_cfft_sR_f32_len64
                0x0800f880       0x10 C:/Users/Anirudh/STM32Cube/Repository/CMSIS-PACK\ARM\CMSIS\5.7.0\CMSIS\DSP\Lib\GCC\libarm_cortexM7lfsp_math.a(arm_const_structs.o)
                0x0800f880                arm_cfft_sR_f32_len64
 .rodata.armBitRevIndexTable1024
                0x0800f890      0xe10 C:/Users/Anirudh/STM32Cube/Repository/CMSIS-PACK\ARM\CMSIS\5.7.0\CMSIS\DSP\Lib\GCC\libarm_cortexM7lfsp_math.a(arm_common_tables.o)
                0x0800f890                armBitRevIndexTable1024
 .rodata.armBitRevIndexTable128
                0x080106a0      0x1a0 C:/Users/Anirudh/STM32Cube/Repository/CMSIS-PACK\ARM\CMSIS\5.7.0\CMSIS\DSP\Lib\GCC\libarm_cortexM7lfsp_math.a(arm_common_tables.o)
                0x080106a0                armBitRevIndexTable128
 .rodata.armBitRevIndexTable16
                0x08010840       0x28 C:/Users/Anirudh/STM32Cube/Repository/CMSIS-PACK\ARM\CMSIS\5.7.0\CMSIS\DSP\Lib\GCC\libarm_cortexM7lfsp_math.a(arm_common_tables.o)
                0x08010840                armBitRevIndexTable16
 .rodata.armBitRevIndexTable2048
                0x08010868     0x1dc0 C:/Users/Anirudh/STM32Cube/Repository/CMSIS-PACK\ARM\CMSIS\5.7.0\CMSIS\DSP\Lib\GCC\libarm_cortexM7lfsp_math.a(arm_common_tables.o)
                0x08010868                armBitRevIndexTable2048
 .rodata.armBitRevIndexTable256
                0x08012628      0x370 C:/Users/Anirudh/STM32Cube/Repository/CMSIS-PACK\ARM\CMSIS\5.7.0\CMSIS\DSP\Lib\GCC\libarm_cortexM7lfsp_math.a(arm_common_tables.o)
                0x08012628                armBitRevIndexTable256
 .rodata.armBitRevIndexTable32
                0x08012998       0x60 C:/Users/Anirudh/STM32Cube/Repository/CMSIS-PACK\ARM\CMSIS\5.7.0\CMSIS\DSP\Lib\GCC\libarm_cortexM7lfsp_math.a(arm_common_tables.o)
                0x08012998                armBitRevIndexTable32
 .rodata.armBitRevIndexTable4096
                0x080129f8     0x1f80 C:/Users/Anirudh/STM32Cube/Repository/CMSIS-PACK\ARM\CMSIS\5.7.0\CMSIS\DSP\Lib\GCC\libarm_cortexM7lfsp_math.a(arm_common_tables.o)
                0x080129f8                armBitRevIndexTable4096
 .rodata.armBitRevIndexTable512
                0x08014978      0x380 C:/Users/Anirudh/STM32Cube/Repository/CMSIS-PACK\ARM\CMSIS\5.7.0\CMSIS\DSP\Lib\GCC\libarm_cortexM7lfsp_math.a(arm_common_tables.o)
                0x08014978                armBitRevIndexTable512
 .rodata.armBitRevIndexTable64
                0x08014cf8       0x70 C:/Users/Anirudh/STM32Cube/Repository/CMSIS-PACK\ARM\CMSIS\5.7.0\CMSIS\DSP\Lib\GCC\libarm_cortexM7lfsp_math.a(arm_common_tables.o)
                0x08014cf8                armBitRevIndexTable64
 .rodata.sinTable_f32
                0x08014d68      0x804 C:/Users/Anirudh/STM32Cube/Repository/CMSIS-PACK\ARM\CMSIS\5.7.0\CMSIS\DSP\Lib\GCC\libarm_cortexM7lfsp_math.a(arm_common_tables.o)
                0x08014d68                sinTable_f32
 .rodata.twiddleCoef_1024
                0x0801556c     0x2000 C:/Users/Anirudh/STM32Cube/Repository/CMSIS-PACK\ARM\CMSIS\5.7.0\CMSIS\DSP\Lib\GCC\libarm_cortexM7lfsp_math.a(arm_common_tables.o)
                0x0801556c                twiddleCoef_1024
 .rodata.twiddleCoef_128
                0x0801756c      0x400 C:/Users/Anirudh/STM32Cube/Repository/CMSIS-PACK\ARM\CMSIS\5.7.0\CMSIS\DSP\Lib\GCC\libarm_cortexM7lfsp_math.a(arm_common_tables.o)
                0x0801756c                twiddleCoef_128
 .rodata.twiddleCoef_16
                0x0801796c       0x80 C:/Users/Anirudh/STM32Cube/Repository/CMSIS-PACK\ARM\CMSIS\5.7.0\CMSIS\DSP\Lib\GCC\libarm_cortexM7lfsp_math.a(arm_common_tables.o)
                0x0801796c                twiddleCoef_16
 .rodata.twiddleCoef_2048
                0x080179ec     0x4000 C:/Users/Anirudh/STM32Cube/Repository/CMSIS-PACK\ARM\CMSIS\5.7.0\CMSIS\DSP\Lib\GCC\libarm_cortexM7lfsp_math.a(arm_common_tables.o)
                0x080179ec                twiddleCoef_2048
 .rodata.twiddleCoef_256
                0x0801b9ec      0x800 C:/Users/Anirudh/STM32Cube/Repository/CMSIS-PACK\ARM\CMSIS\5.7.0\CMSIS\DSP\Lib\GCC\libarm_cortexM7lfsp_math.a(arm_common_tables.o)
                0x0801b9ec                twiddleCoef_256
 .rodata.twiddleCoef_32
                0x0801c1ec      0x100 C:/Users/Anirudh/STM32Cube/Repository/CMSIS-PACK\ARM\CMSIS\5.7.0\CMSIS\DSP\Lib\GCC\libarm_cortexM7lfsp_math.a(arm_common_tables.o)
                0x0801c1ec                twiddleCoef_32
 .rodata.twiddleCoef_4096
                0x0801c2ec     0x8000 C:/Users/Anirudh/STM32Cube/Repository/CMSIS-PACK\ARM\CMSIS\5.7.0\CMSIS\DSP\Lib\GCC\libarm_cortexM7lfsp_math.a(arm_common_tables.o)
                0x0801c2ec                twiddleCoef_4096
 .rodata.twiddleCoef_512
                0x080242ec     0x1000 C:/Users/Anirudh/STM32Cube/Repository/CMSIS-PACK\ARM\CMSIS\5.7.0\CMSIS\DSP\Lib\GCC\libarm_cortexM7lfsp_math.a(arm_common_tables.o)
                0x080242ec                twiddleCoef_512
 .rodata.twiddleCoef_64
                0x080252ec      0x200 C:/Users/Anirudh/STM32Cube/Repository/CMSIS-PACK\ARM\CMSIS\5.7.0\CMSIS\DSP\Lib\GCC\libarm_cortexM7lfsp_math.a(arm_common_tables.o)
                0x080252ec                twiddleCoef_64
 .rodata.twiddleCoef_rfft_1024
                0x080254ec     0x1000 C:/Users/Anirudh/STM32Cube/Repository/CMSIS-PACK\ARM\CMSIS\5.7.0\CMSIS\DSP\Lib\GCC\libarm_cortexM7lfsp_math.a(arm_common_tables.o)
                0x080254ec                twiddleCoef_rfft_1024
 .rodata.twiddleCoef_rfft_128
                0x080264ec      0x200 C:/Users/Anirudh/STM32Cube/Repository/CMSIS-PACK\ARM\CMSIS\5.7.0\CMSIS\DSP\Lib\GCC\libarm_cortexM7lfsp_math.a(arm_common_tables.o)
                0x080264ec                twiddleCoef_rfft_128
 .rodata.twiddleCoef_rfft_2048
                0x080266ec     0x2000 C:/Users/Anirudh/STM32Cube/Repository/CMSIS-PACK\ARM\CMSIS\5.7.0\CMSIS\DSP\Lib\GCC\libarm_cortexM7lfsp_math.a(arm_common_tables.o)
                0x080266ec                twiddleCoef_rfft_2048
 .rodata.twiddleCoef_rfft_256
                0x080286ec      0x400 C:/Users/Anirudh/STM32Cube/Repository/CMSIS-PACK\ARM\CMSIS\5.7.0\CMSIS\DSP\Lib\GCC\libarm_cortexM7lfsp_math.a(arm_common_tables.o)
                0x080286ec                twiddleCoef_rfft_256
 .rodata.twiddleCoef_rfft_32
                0x08028aec       0x80 C:/Users/Anirudh/STM32Cube/Repository/CMSIS-PACK\ARM\CMSIS\5.7.0\CMSIS\DSP\Lib\GCC\libarm_cortexM7lfsp_math.a(arm_common_tables.o)
                0x08028aec                twiddleCoef_rfft_32
 .rodata.twiddleCoef_rfft_4096
                0x08028b6c     0x4000 C:/Users/Anirudh/STM32Cube/Repository/CMSIS-PACK\ARM\CMSIS\5.7.0\CMSIS\DSP\Lib\GCC\libarm_cortexM7lfsp_math.a(arm_common_tables.o)
                0x08028b6c                twiddleCoef_rfft_4096
 .rodata.twiddleCoef_rfft_512
                0x0802cb6c      0x800 C:/Users/Anirudh/STM32Cube/Repository/CMSIS-PACK\ARM\CMSIS\5.7.0\CMSIS\DSP\Lib\GCC\libarm_cortexM7lfsp_math.a(arm_common_tables.o)
                0x0802cb6c                twiddleCoef_rfft_512
 .rodata.twiddleCoef_rfft_64
                0x0802d36c      0x100 C:/Users/Anirudh/STM32Cube/Repository/CMSIS-PACK\ARM\CMSIS\5.7.0\CMSIS\DSP\Lib\GCC\libarm_cortexM7lfsp_math.a(arm_common_tables.o)
                0x0802d36c                twiddleCoef_rfft_64
 .rodata.__utoa.str1.1
                0x0802d46c       0x25 c:/program files (x86)/atollic/truestudio for stm32 9.3.0/armtools/bin/../lib/gcc/arm-atollic-eabi/6.3.1/../../../../arm-atollic-eabi/lib/armv7e-m/fpu/fpv5-sp-d16\libc_nano.a(lib_a-utoa.o)
 *fill*         0x0802d491        0x7 
 .rodata.__mprec_bigtens
                0x0802d498       0x28 c:/program files (x86)/atollic/truestudio for stm32 9.3.0/armtools/bin/../lib/gcc/arm-atollic-eabi/6.3.1/../../../../arm-atollic-eabi/lib/armv7e-m/fpu/fpv5-sp-d16\libc_nano.a(lib_a-mprec.o)
                0x0802d498                __mprec_bigtens
 .rodata.__mprec_tens
                0x0802d4c0       0xc8 c:/program files (x86)/atollic/truestudio for stm32 9.3.0/armtools/bin/../lib/gcc/arm-atollic-eabi/6.3.1/../../../../arm-atollic-eabi/lib/armv7e-m/fpu/fpv5-sp-d16\libc_nano.a(lib_a-mprec.o)
                0x0802d4c0                __mprec_tens
 .rodata.p05.7175
                0x0802d588        0xc c:/program files (x86)/atollic/truestudio for stm32 9.3.0/armtools/bin/../lib/gcc/arm-atollic-eabi/6.3.1/../../../../arm-atollic-eabi/lib/armv7e-m/fpu/fpv5-sp-d16\libc_nano.a(lib_a-mprec.o)
 .rodata._dtoa_r.str1.1
                0x0802d594        0xf c:/program files (x86)/atollic/truestudio for stm32 9.3.0/armtools/bin/../lib/gcc/arm-atollic-eabi/6.3.1/../../../../arm-atollic-eabi/lib/armv7e-m/fpu/fpv5-sp-d16\libc_nano.a(lib_a-dtoa.o)
 .rodata.sqrtf.str1.1
                0x0802d5a3        0x6 c:/program files (x86)/atollic/truestudio for stm32 9.3.0/armtools/bin/../lib/gcc/arm-atollic-eabi/6.3.1/../../../../arm-atollic-eabi/lib/armv7e-m/fpu/fpv5-sp-d16\libm.a(lib_a-wf_sqrt.o)
                0x0802d5ac                . = ALIGN (0x4)
 *fill*         0x0802d5a9        0x3 

.rel.dyn        0x0802d5ac        0x0
 .rel.iplt      0x0802d5ac        0x0 c:/program files (x86)/atollic/truestudio for stm32 9.3.0/armtools/bin/../lib/gcc/arm-atollic-eabi/6.3.1/armv7e-m/fpu/fpv5-sp-d16/crtbegin.o

.ARM.extab
 *(.ARM.extab* .gnu.linkonce.armextab.*)

.ARM            0x0802d5ac        0x0
                0x0802d5ac                __exidx_start = .
 *(.ARM.exidx*)
                0x0802d5ac                __exidx_end = .

.preinit_array  0x0802d5ac        0x0
                0x0802d5ac                PROVIDE (__preinit_array_start, .)
 *(.preinit_array*)
                0x0802d5ac                PROVIDE (__preinit_array_end, .)

.init_array     0x0802d5ac        0x4
                0x0802d5ac                PROVIDE (__init_array_start, .)
 *(SORT(.init_array.*))
 *(.init_array*)
 .init_array    0x0802d5ac        0x4 c:/program files (x86)/atollic/truestudio for stm32 9.3.0/armtools/bin/../lib/gcc/arm-atollic-eabi/6.3.1/armv7e-m/fpu/fpv5-sp-d16/crtbegin.o
                0x0802d5b0                PROVIDE (__init_array_end, .)

.fini_array     0x0802d5b0        0x4
                [!provide]                PROVIDE (__fini_array_start, .)
 *(SORT(.fini_array.*))
 *(.fini_array*)
 .fini_array    0x0802d5b0        0x4 c:/program files (x86)/atollic/truestudio for stm32 9.3.0/armtools/bin/../lib/gcc/arm-atollic-eabi/6.3.1/armv7e-m/fpu/fpv5-sp-d16/crtbegin.o
                [!provide]                PROVIDE (__fini_array_end, .)
                0x0802d5b4                _sidata = LOADADDR (.data)

.data           0x20000000       0x90 load address 0x0802d5b4
                0x20000000                . = ALIGN (0x4)
                0x20000000                _sdata = .
 *(.data)
 *(.data*)
 .data.toff     0x20000000        0x2 Src\globals.o
                0x20000000                toff
 .data.triglvl  0x20000002        0x1 Src\globals.o
                0x20000002                triglvl
 .data.tscale   0x20000003        0x1 Src\globals.o
                0x20000003                tscale
 .data.vscale1  0x20000004        0x1 Src\globals.o
                0x20000004                vscale1
 .data.vscale2  0x20000005        0x1 Src\globals.o
                0x20000005                vscale2
 *fill*         0x20000006        0x2 
 .data.SystemCoreClock
                0x20000008        0x4 Src\system_stm32f7xx.o
                0x20000008                SystemCoreClock
 .data.bufw1tb3
                0x2000000c        0x8 Src\ui.o
 .data.ch1offCurPosPrev.16062
                0x20000014        0x4 Src\ui.o
 .data.ch2offCurPosPrev.16063
                0x20000018        0x4 Src\ui.o
 .data.currWind.16026
                0x2000001c        0x1 Src\ui.o
 *fill*         0x2000001d        0x3 
 .data.toffCurPosPrev.16064
                0x20000020        0x4 Src\ui.o
 .data.trigCurPosPrev.16061
                0x20000024        0x4 Src\ui.o
 .data._impure_ptr
                0x20000028        0x4 c:/program files (x86)/atollic/truestudio for stm32 9.3.0/armtools/bin/../lib/gcc/arm-atollic-eabi/6.3.1/../../../../arm-atollic-eabi/lib/armv7e-m/fpu/fpv5-sp-d16\libc_nano.a(lib_a-impure.o)
                0x20000028                _impure_ptr
 .data.impure_data
                0x2000002c       0x60 c:/program files (x86)/atollic/truestudio for stm32 9.3.0/armtools/bin/../lib/gcc/arm-atollic-eabi/6.3.1/../../../../arm-atollic-eabi/lib/armv7e-m/fpu/fpv5-sp-d16\libc_nano.a(lib_a-impure.o)
 .data.__fdlib_version
                0x2000008c        0x1 c:/program files (x86)/atollic/truestudio for stm32 9.3.0/armtools/bin/../lib/gcc/arm-atollic-eabi/6.3.1/../../../../arm-atollic-eabi/lib/armv7e-m/fpu/fpv5-sp-d16\libm.a(lib_a-s_lib_ver.o)
                0x2000008c                __fdlib_version
                0x20000090                . = ALIGN (0x4)
 *fill*         0x2000008d        0x3 
                0x20000090                _edata = .

.igot.plt       0x20000090        0x0 load address 0x0802d644
 .igot.plt      0x20000090        0x0 c:/program files (x86)/atollic/truestudio for stm32 9.3.0/armtools/bin/../lib/gcc/arm-atollic-eabi/6.3.1/armv7e-m/fpu/fpv5-sp-d16/crtbegin.o
                0x20000090                . = ALIGN (0x4)

.bss            0x20000090     0x3b04 load address 0x0802d644
                0x20000090                _sbss = .
                0x20000090                __bss_start__ = _sbss
 *(.bss)
 .bss           0x20000090       0x1c c:/program files (x86)/atollic/truestudio for stm32 9.3.0/armtools/bin/../lib/gcc/arm-atollic-eabi/6.3.1/armv7e-m/fpu/fpv5-sp-d16/crtbegin.o
 *(.bss*)
 .bss.CH1_acq_comp
                0x200000ac        0x1 Src\globals.o
                0x200000ac                CH1_acq_comp
 .bss.CH2_acq_comp
                0x200000ad        0x1 Src\globals.o
                0x200000ad                CH2_acq_comp
 .bss.DMA2D_error_flag
                0x200000ae        0x1 Src\globals.o
                0x200000ae                DMA2D_error_flag
 .bss.LTDC_error_flag
                0x200000af        0x1 Src\globals.o
                0x200000af                LTDC_error_flag
 .bss.Meas_pending
                0x200000b0        0x1 Src\globals.o
                0x200000b0                Meas_pending
 .bss.QE_PB_interrupt
                0x200000b1        0x1 Src\globals.o
                0x200000b1                QE_PB_interrupt
 *fill*         0x200000b2        0x2 
 .bss.Tick_1ms  0x200000b4        0x4 Src\globals.o
                0x200000b4                Tick_1ms
 .bss.runstop   0x200000b8        0x1 Src\globals.o
                0x200000b8                runstop
 .bss.staticMode
                0x200000b9        0x1 Src\globals.o
                0x200000b9                staticMode
 .bss.trigmode  0x200000ba        0x1 Src\globals.o
                0x200000ba                trigmode
 .bss.trigsrc   0x200000bb        0x1 Src\globals.o
                0x200000bb                trigsrc
 .bss.trigtype  0x200000bc        0x1 Src\globals.o
                0x200000bc                trigtype
 *fill*         0x200000bd        0x1 
 .bss.voff1     0x200000be        0x2 Src\globals.o
                0x200000be                voff1
 .bss.voff2     0x200000c0        0x2 Src\globals.o
                0x200000c0                voff2
 *fill*         0x200000c2        0x2 
 .bss.S_cfft_1024
                0x200000c4       0x10 Src\measure.o
 .bss.S_rfft_512
                0x200000d4       0x18 Src\measure.o
 .bss.prev_time.15944
                0x200000ec        0x4 Src\stm32f7xx_it.o
 .bss.TS_read_pending
                0x200000f0        0x1 Src\touch.o
                0x200000f0                TS_read_pending
 *fill*         0x200000f1        0x3 
 .bss.gui       0x200000f4        0x4 Src\ugui.o
 .bss.msg.8135  0x200000f8        0x8 Src\ugui.o
 .bss.buf1.16030
                0x20000100        0xb Src\ui.o
 *fill*         0x2000010b        0x1 
 .bss.buf2.16031
                0x2000010c        0xb Src\ui.o
 *fill*         0x20000117        0x1 
 .bss.buf3.16032
                0x20000118        0xb Src\ui.o
 *fill*         0x20000123        0x1 
 .bss.buf4.16033
                0x20000124        0xb Src\ui.o
 *fill*         0x2000012f        0x1 
 .bss.bufw1tb4  0x20000130        0x6 Src\ui.o
 *fill*         0x20000136        0x2 
 .bss.bufw2tb0  0x20000138        0x6 Src\ui.o
 *fill*         0x2000013e        0x2 
 .bss.bufw2tb1  0x20000140        0x6 Src\ui.o
 *fill*         0x20000146        0x2 
 .bss.bufw2tb2  0x20000148        0x7 Src\ui.o
 .bss.currField
                0x2000014f        0x1 Src\ui.o
 .bss.menu_button_state.15995
                0x20000150        0x1 Src\ui.o
 .bss.showWindow3
                0x20000151        0x1 Src\ui.o
 .bss.showWindow4
                0x20000152        0x1 Src\ui.o
 .bss.showWindow5
                0x20000153        0x1 Src\ui.o
 .bss.wind5OpenedBy
                0x20000154        0x1 Src\ui.o
 *fill*         0x20000155        0x3 
 .bss.__malloc_free_list
                0x20000158        0x4 c:/program files (x86)/atollic/truestudio for stm32 9.3.0/armtools/bin/../lib/gcc/arm-atollic-eabi/6.3.1/../../../../arm-atollic-eabi/lib/armv7e-m/fpu/fpv5-sp-d16\libc_nano.a(lib_a-nano-mallocr.o)
                0x20000158                __malloc_free_list
 .bss.__malloc_sbrk_start
                0x2000015c        0x4 c:/program files (x86)/atollic/truestudio for stm32 9.3.0/armtools/bin/../lib/gcc/arm-atollic-eabi/6.3.1/../../../../arm-atollic-eabi/lib/armv7e-m/fpu/fpv5-sp-d16\libc_nano.a(lib_a-nano-mallocr.o)
                0x2000015c                __malloc_sbrk_start
 .bss.heap_end.5239
                0x20000160        0x4 c:/program files (x86)/atollic/truestudio for stm32 9.3.0/armtools/bin/../lib/gcc/arm-atollic-eabi/6.3.1/../../../../arm-atollic-eabi/lib/armv7e-m/fpu/fpv5-sp-d16\libnosys.a(sbrk.o)
 *(COMMON)
 COMMON         0x20000164      0xa50 Src\globals.o
                0x20000164                CH1_ADC_vals
                0x2000068c                CH2_ADC_vals
 COMMON         0x20000bb4        0xe Src\measure.o
                0x20000bb4                measure1
                0x20000bb8                measure3
                0x20000bbc                measure2
                0x20000bc0                measure4
 COMMON         0x20000bc2        0x4 Src\touch.o
                0x20000bc2                TS_X
                0x20000bc4                TS_Y
 *fill*         0x20000bc6        0x2 
 COMMON         0x20000bc8     0x2580 Src\triggers.o
                0x20000bc8                CH2_ResampledVals
                0x20001e88                CH1_ResampledVals
 COMMON         0x20003148      0xa48 Src\ui.o
                0x20003148                txtb2_4
                0x2000315c                obj_buff_wnd_2
                0x2000329c                button4_1
                0x200032b4                button3_1
                0x200032cc                window_5
                0x20003300                txtb5_0
                0x20003314                button5_1
                0x2000332c                button3_2
                0x20003344                txtb1_2
                0x20003358                button4_4
                0x20003370                txtb2_5
                0x20003384                txtb2_0
                0x20003398                obj_buff_wnd_1
                0x200034d8                button4_0
                0x200034f0                button3_3
                0x20003508                txtb4_0
                0x2000351c                txtb2_3
                0x20003530                obj_buff_wnd_3
                0x20003670                window_2
                0x200036a4                window_1
                0x200036d8                txtb3_0
                0x200036ec                txtb2_2
                0x20003700                txtb1_0
                0x20003714                button5_0
                0x2000372c                gui
                0x20003790                txtb1_5
                0x200037a4                button1_0
                0x200037bc                txtb1_6
                0x200037d0                button4_2
                0x200037e8                obj_buff_wnd_5
                0x20003928                button3_4
                0x20003940                button3_0
                0x20003958                txtb1_4
                0x2000396c                txtb2_6
                0x20003980                txtb2_1
                0x20003994                txtb1_3
                0x200039a8                window_3
                0x200039dc                window_4
                0x20003a10                button4_3
                0x20003a28                txtb1_1
                0x20003a3c                txtb5_1
                0x20003a50                obj_buff_wnd_4
 COMMON         0x20003b90        0x4 c:/program files (x86)/atollic/truestudio for stm32 9.3.0/armtools/bin/../lib/gcc/arm-atollic-eabi/6.3.1/../../../../arm-atollic-eabi/lib/armv7e-m/fpu/fpv5-sp-d16\libc_nano.a(lib_a-reent.o)
                0x20003b90                errno
                0x20003b94                . = ALIGN (0x4)
                0x20003b94                _ebss = .
                0x20003b94                __bss_end__ = _ebss

._user_heap_stack
                0x20003b94      0x604 load address 0x0802d644
                0x20003b98                . = ALIGN (0x8)
 *fill*         0x20003b94        0x4 
                0x20003b98                PROVIDE (end, .)
                [!provide]                PROVIDE (_end, .)
                0x20003d98                . = (. + _Min_Heap_Size)
 *fill*         0x20003b98      0x200 
                0x20004198                . = (. + _Min_Stack_Size)
 *fill*         0x20003d98      0x400 
                0x20004198                . = ALIGN (0x8)

/DISCARD/
 libc.a(*)
 libm.a(*)
 libgcc.a(*)

.ARM.attributes
                0x00000000       0x30
 *(.ARM.attributes)
 .ARM.attributes
                0x00000000       0x22 c:/program files (x86)/atollic/truestudio for stm32 9.3.0/armtools/bin/../lib/gcc/arm-atollic-eabi/6.3.1/armv7e-m/fpu/fpv5-sp-d16/crti.o
 .ARM.attributes
                0x00000022       0x34 c:/program files (x86)/atollic/truestudio for stm32 9.3.0/armtools/bin/../lib/gcc/arm-atollic-eabi/6.3.1/armv7e-m/fpu/fpv5-sp-d16/crtbegin.o
 .ARM.attributes
                0x00000056       0x39 Drivers\STM32F7xx_LL_Driver\stm32f7xx_ll_utils.o
 .ARM.attributes
                0x0000008f       0x39 Src\display.o
 .ARM.attributes
                0x000000c8       0x39 Src\globals.o
 .ARM.attributes
                0x00000101       0x39 Src\i2c.o
 .ARM.attributes
                0x0000013a       0x39 Src\inits.o
 .ARM.attributes
                0x00000173       0x39 Src\main.o
 .ARM.attributes
                0x000001ac       0x39 Src\measure.o
 .ARM.attributes
                0x000001e5       0x21 Src\startup_stm32f746xx.o
 .ARM.attributes
                0x00000206       0x39 Src\stm32f7xx_it.o
 .ARM.attributes
                0x0000023f       0x39 Src\system_stm32f7xx.o
 .ARM.attributes
                0x00000278       0x39 Src\touch.o
 .ARM.attributes
                0x000002b1       0x39 Src\triggers.o
 .ARM.attributes
                0x000002ea       0x39 Src\ugui.o
 .ARM.attributes
                0x00000323       0x39 Src\ui.o
 .ARM.attributes
                0x0000035c       0x34 C:/Users/Anirudh/STM32Cube/Repository/CMSIS-PACK\ARM\CMSIS\5.7.0\CMSIS\DSP\Lib\GCC\libarm_cortexM7lfsp_math.a(arm_max_f32.o)
 .ARM.attributes
                0x00000390       0x34 C:/Users/Anirudh/STM32Cube/Repository/CMSIS-PACK\ARM\CMSIS\5.7.0\CMSIS\DSP\Lib\GCC\libarm_cortexM7lfsp_math.a(arm_cfft_init_f32.o)
 .ARM.attributes
                0x000003c4       0x34 C:/Users/Anirudh/STM32Cube/Repository/CMSIS-PACK\ARM\CMSIS\5.7.0\CMSIS\DSP\Lib\GCC\libarm_cortexM7lfsp_math.a(arm_rfft_fast_init_f32.o)
 .ARM.attributes
                0x000003f8       0x34 C:/Users/Anirudh/STM32Cube/Repository/CMSIS-PACK\ARM\CMSIS\5.7.0\CMSIS\DSP\Lib\GCC\libarm_cortexM7lfsp_math.a(arm_rfft_fast_f32.o)
 .ARM.attributes
                0x0000042c       0x34 C:/Users/Anirudh/STM32Cube/Repository/CMSIS-PACK\ARM\CMSIS\5.7.0\CMSIS\DSP\Lib\GCC\libarm_cortexM7lfsp_math.a(arm_cfft_f32.o)
 .ARM.attributes
                0x00000460       0x34 C:/Users/Anirudh/STM32Cube/Repository/CMSIS-PACK\ARM\CMSIS\5.7.0\CMSIS\DSP\Lib\GCC\libarm_cortexM7lfsp_math.a(arm_bitreversal2.o)
 .ARM.attributes
                0x00000494       0x34 C:/Users/Anirudh/STM32Cube/Repository/CMSIS-PACK\ARM\CMSIS\5.7.0\CMSIS\DSP\Lib\GCC\libarm_cortexM7lfsp_math.a(arm_fir_interpolate_init_f32.o)
 .ARM.attributes
                0x000004c8       0x34 C:/Users/Anirudh/STM32Cube/Repository/CMSIS-PACK\ARM\CMSIS\5.7.0\CMSIS\DSP\Lib\GCC\libarm_cortexM7lfsp_math.a(arm_fir_interpolate_f32.o)
 .ARM.attributes
                0x000004fc       0x34 C:/Users/Anirudh/STM32Cube/Repository/CMSIS-PACK\ARM\CMSIS\5.7.0\CMSIS\DSP\Lib\GCC\libarm_cortexM7lfsp_math.a(arm_fir_decimate_init_f32.o)
 .ARM.attributes
                0x00000530       0x34 C:/Users/Anirudh/STM32Cube/Repository/CMSIS-PACK\ARM\CMSIS\5.7.0\CMSIS\DSP\Lib\GCC\libarm_cortexM7lfsp_math.a(arm_fir_decimate_f32.o)
 .ARM.attributes
                0x00000564       0x34 C:/Users/Anirudh/STM32Cube/Repository/CMSIS-PACK\ARM\CMSIS\5.7.0\CMSIS\DSP\Lib\GCC\libarm_cortexM7lfsp_math.a(arm_cmplx_mult_cmplx_f32.o)
 .ARM.attributes
                0x00000598       0x34 C:/Users/Anirudh/STM32Cube/Repository/CMSIS-PACK\ARM\CMSIS\5.7.0\CMSIS\DSP\Lib\GCC\libarm_cortexM7lfsp_math.a(arm_cmplx_mag_squared_f32.o)
 .ARM.attributes
                0x000005cc       0x34 C:/Users/Anirudh/STM32Cube/Repository/CMSIS-PACK\ARM\CMSIS\5.7.0\CMSIS\DSP\Lib\GCC\libarm_cortexM7lfsp_math.a(arm_sin_f32.o)
 .ARM.attributes
                0x00000600       0x34 C:/Users/Anirudh/STM32Cube/Repository/CMSIS-PACK\ARM\CMSIS\5.7.0\CMSIS\DSP\Lib\GCC\libarm_cortexM7lfsp_math.a(arm_cos_f32.o)
 .ARM.attributes
                0x00000634       0x39 C:/Users/Anirudh/STM32Cube/Repository/CMSIS-PACK\ARM\CMSIS\5.7.0\CMSIS\DSP\Lib\GCC\libarm_cortexM7lfsp_math.a(arm_const_structs.o)
 .ARM.attributes
                0x0000066d       0x39 C:/Users/Anirudh/STM32Cube/Repository/CMSIS-PACK\ARM\CMSIS\5.7.0\CMSIS\DSP\Lib\GCC\libarm_cortexM7lfsp_math.a(arm_common_tables.o)
 .ARM.attributes
                0x000006a6       0x34 C:/Users/Anirudh/STM32Cube/Repository/CMSIS-PACK\ARM\CMSIS\5.7.0\CMSIS\DSP\Lib\GCC\libarm_cortexM7lfsp_math.a(arm_cfft_radix8_f32.o)
 .ARM.attributes
                0x000006da       0x34 c:/program files (x86)/atollic/truestudio for stm32 9.3.0/armtools/bin/../lib/gcc/arm-atollic-eabi/6.3.1/../../../../arm-atollic-eabi/lib/armv7e-m/fpu/fpv5-sp-d16\libc_nano.a(lib_a-efgcvt.o)
 .ARM.attributes
                0x0000070e       0x34 c:/program files (x86)/atollic/truestudio for stm32 9.3.0/armtools/bin/../lib/gcc/arm-atollic-eabi/6.3.1/../../../../arm-atollic-eabi/lib/armv7e-m/fpu/fpv5-sp-d16\libc_nano.a(lib_a-impure.o)
 .ARM.attributes
                0x00000742       0x34 c:/program files (x86)/atollic/truestudio for stm32 9.3.0/armtools/bin/../lib/gcc/arm-atollic-eabi/6.3.1/../../../../arm-atollic-eabi/lib/armv7e-m/fpu/fpv5-sp-d16\libc_nano.a(lib_a-init.o)
 .ARM.attributes
                0x00000776       0x34 c:/program files (x86)/atollic/truestudio for stm32 9.3.0/armtools/bin/../lib/gcc/arm-atollic-eabi/6.3.1/../../../../arm-atollic-eabi/lib/armv7e-m/fpu/fpv5-sp-d16\libc_nano.a(lib_a-itoa.o)
 .ARM.attributes
                0x000007aa       0x34 c:/program files (x86)/atollic/truestudio for stm32 9.3.0/armtools/bin/../lib/gcc/arm-atollic-eabi/6.3.1/../../../../arm-atollic-eabi/lib/armv7e-m/fpu/fpv5-sp-d16\libc_nano.a(lib_a-memset.o)
 .ARM.attributes
                0x000007de       0x34 c:/program files (x86)/atollic/truestudio for stm32 9.3.0/armtools/bin/../lib/gcc/arm-atollic-eabi/6.3.1/../../../../arm-atollic-eabi/lib/armv7e-m/fpu/fpv5-sp-d16\libc_nano.a(lib_a-strcat.o)
 .ARM.attributes
                0x00000812       0x34 c:/program files (x86)/atollic/truestudio for stm32 9.3.0/armtools/bin/../lib/gcc/arm-atollic-eabi/6.3.1/../../../../arm-atollic-eabi/lib/armv7e-m/fpu/fpv5-sp-d16\libc_nano.a(lib_a-strcpy.o)
 .ARM.attributes
                0x00000846       0x1b c:/program files (x86)/atollic/truestudio for stm32 9.3.0/armtools/bin/../lib/gcc/arm-atollic-eabi/6.3.1/../../../../arm-atollic-eabi/lib/armv7e-m/fpu/fpv5-sp-d16\libc_nano.a(lib_a-strlen.o)
 .ARM.attributes
                0x00000861       0x34 c:/program files (x86)/atollic/truestudio for stm32 9.3.0/armtools/bin/../lib/gcc/arm-atollic-eabi/6.3.1/../../../../arm-atollic-eabi/lib/armv7e-m/fpu/fpv5-sp-d16\libc_nano.a(lib_a-utoa.o)
 .ARM.attributes
                0x00000895       0x34 c:/program files (x86)/atollic/truestudio for stm32 9.3.0/armtools/bin/../lib/gcc/arm-atollic-eabi/6.3.1/../../../../arm-atollic-eabi/lib/armv7e-m/fpu/fpv5-sp-d16\libc_nano.a(lib_a-ecvtbuf.o)
 .ARM.attributes
                0x000008c9       0x34 c:/program files (x86)/atollic/truestudio for stm32 9.3.0/armtools/bin/../lib/gcc/arm-atollic-eabi/6.3.1/../../../../arm-atollic-eabi/lib/armv7e-m/fpu/fpv5-sp-d16\libc_nano.a(lib_a-mprec.o)
 .ARM.attributes
                0x000008fd       0x34 c:/program files (x86)/atollic/truestudio for stm32 9.3.0/armtools/bin/../lib/gcc/arm-atollic-eabi/6.3.1/../../../../arm-atollic-eabi/lib/armv7e-m/fpu/fpv5-sp-d16\libc_nano.a(lib_a-nano-callocr.o)
 .ARM.attributes
                0x00000931       0x34 c:/program files (x86)/atollic/truestudio for stm32 9.3.0/armtools/bin/../lib/gcc/arm-atollic-eabi/6.3.1/../../../../arm-atollic-eabi/lib/armv7e-m/fpu/fpv5-sp-d16\libc_nano.a(lib_a-nano-mallocr.o)
 .ARM.attributes
                0x00000965       0x34 c:/program files (x86)/atollic/truestudio for stm32 9.3.0/armtools/bin/../lib/gcc/arm-atollic-eabi/6.3.1/../../../../arm-atollic-eabi/lib/armv7e-m/fpu/fpv5-sp-d16\libc_nano.a(lib_a-sbrkr.o)
 .ARM.attributes
                0x00000999       0x34 c:/program files (x86)/atollic/truestudio for stm32 9.3.0/armtools/bin/../lib/gcc/arm-atollic-eabi/6.3.1/../../../../arm-atollic-eabi/lib/armv7e-m/fpu/fpv5-sp-d16\libc_nano.a(lib_a-dtoa.o)
 .ARM.attributes
                0x000009cd       0x34 c:/program files (x86)/atollic/truestudio for stm32 9.3.0/armtools/bin/../lib/gcc/arm-atollic-eabi/6.3.1/../../../../arm-atollic-eabi/lib/armv7e-m/fpu/fpv5-sp-d16\libc_nano.a(lib_a-malloc.o)
 .ARM.attributes
                0x00000a01       0x34 c:/program files (x86)/atollic/truestudio for stm32 9.3.0/armtools/bin/../lib/gcc/arm-atollic-eabi/6.3.1/../../../../arm-atollic-eabi/lib/armv7e-m/fpu/fpv5-sp-d16\libc_nano.a(lib_a-memcpy-stub.o)
 .ARM.attributes
                0x00000a35       0x34 c:/program files (x86)/atollic/truestudio for stm32 9.3.0/armtools/bin/../lib/gcc/arm-atollic-eabi/6.3.1/../../../../arm-atollic-eabi/lib/armv7e-m/fpu/fpv5-sp-d16\libc_nano.a(lib_a-mlock.o)
 .ARM.attributes
                0x00000a69       0x34 c:/program files (x86)/atollic/truestudio for stm32 9.3.0/armtools/bin/../lib/gcc/arm-atollic-eabi/6.3.1/../../../../arm-atollic-eabi/lib/armv7e-m/fpu/fpv5-sp-d16\libc_nano.a(lib_a-reent.o)
 .ARM.attributes
                0x00000a9d       0x34 c:/program files (x86)/atollic/truestudio for stm32 9.3.0/armtools/bin/../lib/gcc/arm-atollic-eabi/6.3.1/../../../../arm-atollic-eabi/lib/armv7e-m/fpu/fpv5-sp-d16\libm.a(lib_a-s_ceil.o)
 .ARM.attributes
                0x00000ad1       0x34 c:/program files (x86)/atollic/truestudio for stm32 9.3.0/armtools/bin/../lib/gcc/arm-atollic-eabi/6.3.1/../../../../arm-atollic-eabi/lib/armv7e-m/fpu/fpv5-sp-d16\libm.a(lib_a-s_floor.o)
 .ARM.attributes
                0x00000b05       0x34 c:/program files (x86)/atollic/truestudio for stm32 9.3.0/armtools/bin/../lib/gcc/arm-atollic-eabi/6.3.1/../../../../arm-atollic-eabi/lib/armv7e-m/fpu/fpv5-sp-d16\libm.a(lib_a-s_round.o)
 .ARM.attributes
                0x00000b39       0x34 c:/program files (x86)/atollic/truestudio for stm32 9.3.0/armtools/bin/../lib/gcc/arm-atollic-eabi/6.3.1/../../../../arm-atollic-eabi/lib/armv7e-m/fpu/fpv5-sp-d16\libm.a(lib_a-wf_sqrt.o)
 .ARM.attributes
                0x00000b6d       0x34 c:/program files (x86)/atollic/truestudio for stm32 9.3.0/armtools/bin/../lib/gcc/arm-atollic-eabi/6.3.1/../../../../arm-atollic-eabi/lib/armv7e-m/fpu/fpv5-sp-d16\libm.a(lib_a-ef_sqrt.o)
 .ARM.attributes
                0x00000ba1       0x34 c:/program files (x86)/atollic/truestudio for stm32 9.3.0/armtools/bin/../lib/gcc/arm-atollic-eabi/6.3.1/../../../../arm-atollic-eabi/lib/armv7e-m/fpu/fpv5-sp-d16\libm.a(lib_a-s_lib_ver.o)
 .ARM.attributes
                0x00000bd5       0x34 c:/program files (x86)/atollic/truestudio for stm32 9.3.0/armtools/bin/../lib/gcc/arm-atollic-eabi/6.3.1/../../../../arm-atollic-eabi/lib/armv7e-m/fpu/fpv5-sp-d16\libm.a(lib_a-s_matherr.o)
 .ARM.attributes
                0x00000c09       0x34 c:/program files (x86)/atollic/truestudio for stm32 9.3.0/armtools/bin/../lib/gcc/arm-atollic-eabi/6.3.1/../../../../arm-atollic-eabi/lib/armv7e-m/fpu/fpv5-sp-d16\libc_nano.a(lib_a-errno.o)
 .ARM.attributes
                0x00000c3d       0x22 c:/program files (x86)/atollic/truestudio for stm32 9.3.0/armtools/bin/../lib/gcc/arm-atollic-eabi/6.3.1/armv7e-m/fpu/fpv5-sp-d16\libgcc.a(_arm_addsubdf3.o)
 .ARM.attributes
                0x00000c5f       0x22 c:/program files (x86)/atollic/truestudio for stm32 9.3.0/armtools/bin/../lib/gcc/arm-atollic-eabi/6.3.1/armv7e-m/fpu/fpv5-sp-d16\libgcc.a(_arm_muldivdf3.o)
 .ARM.attributes
                0x00000c81       0x22 c:/program files (x86)/atollic/truestudio for stm32 9.3.0/armtools/bin/../lib/gcc/arm-atollic-eabi/6.3.1/armv7e-m/fpu/fpv5-sp-d16\libgcc.a(_arm_cmpdf2.o)
 .ARM.attributes
                0x00000ca3       0x22 c:/program files (x86)/atollic/truestudio for stm32 9.3.0/armtools/bin/../lib/gcc/arm-atollic-eabi/6.3.1/armv7e-m/fpu/fpv5-sp-d16\libgcc.a(_arm_fixdfsi.o)
 .ARM.attributes
                0x00000cc5       0x22 c:/program files (x86)/atollic/truestudio for stm32 9.3.0/armtools/bin/../lib/gcc/arm-atollic-eabi/6.3.1/armv7e-m/fpu/fpv5-sp-d16\libgcc.a(_arm_fixunsdfsi.o)
 .ARM.attributes
                0x00000ce7       0x22 c:/program files (x86)/atollic/truestudio for stm32 9.3.0/armtools/bin/../lib/gcc/arm-atollic-eabi/6.3.1/armv7e-m/fpu/fpv5-sp-d16\libgcc.a(_arm_truncdfsf2.o)
 .ARM.attributes
                0x00000d09       0x34 c:/program files (x86)/atollic/truestudio for stm32 9.3.0/armtools/bin/../lib/gcc/arm-atollic-eabi/6.3.1/../../../../arm-atollic-eabi/lib/armv7e-m/fpu/fpv5-sp-d16\libnosys.a(sbrk.o)
 .ARM.attributes
                0x00000d3d       0x22 c:/program files (x86)/atollic/truestudio for stm32 9.3.0/armtools/bin/../lib/gcc/arm-atollic-eabi/6.3.1/armv7e-m/fpu/fpv5-sp-d16/crtn.o
OUTPUT(H7oscillo-v2.elf elf32-littlearm)

.debug_info     0x00000000    0x345e1
 .debug_info    0x00000000      0xb9a Drivers\STM32F7xx_LL_Driver\stm32f7xx_ll_utils.o
 .debug_info    0x00000b9a     0x199d Src\display.o
 .debug_info    0x00002537     0x1865 Src\globals.o
 .debug_info    0x00003d9c     0x1d07 Src\i2c.o
 .debug_info    0x00005aa3     0x4e3c Src\inits.o
 .debug_info    0x0000a8df     0x1f28 Src\main.o
 .debug_info    0x0000c807     0x1fb3 Src\measure.o
 .debug_info    0x0000e7ba       0x7a Src\startup_stm32f746xx.o
 .debug_info    0x0000e834     0x1e36 Src\stm32f7xx_it.o
 .debug_info    0x0001066a      0x972 Src\system_stm32f7xx.o
 .debug_info    0x00010fdc     0x194d Src\touch.o
 .debug_info    0x00012929     0x21c1 Src\triggers.o
 .debug_info    0x00014aea     0x5bc8 Src\ugui.o
 .debug_info    0x0001a6b2     0x4a39 Src\ui.o
 .debug_info    0x0001f0eb      0xb46 C:/Users/Anirudh/STM32Cube/Repository/CMSIS-PACK\ARM\CMSIS\5.7.0\CMSIS\DSP\Lib\GCC\libarm_cortexM7lfsp_math.a(arm_max_f32.o)
 .debug_info    0x0001fc31     0x1c05 C:/Users/Anirudh/STM32Cube/Repository/CMSIS-PACK\ARM\CMSIS\5.7.0\CMSIS\DSP\Lib\GCC\libarm_cortexM7lfsp_math.a(arm_cfft_init_f32.o)
 .debug_info    0x00021836     0x1c2f C:/Users/Anirudh/STM32Cube/Repository/CMSIS-PACK\ARM\CMSIS\5.7.0\CMSIS\DSP\Lib\GCC\libarm_cortexM7lfsp_math.a(arm_rfft_fast_init_f32.o)
 .debug_info    0x00023465      0xfb7 C:/Users/Anirudh/STM32Cube/Repository/CMSIS-PACK\ARM\CMSIS\5.7.0\CMSIS\DSP\Lib\GCC\libarm_cortexM7lfsp_math.a(arm_rfft_fast_f32.o)
 .debug_info    0x0002441c     0x1edd C:/Users/Anirudh/STM32Cube/Repository/CMSIS-PACK\ARM\CMSIS\5.7.0\CMSIS\DSP\Lib\GCC\libarm_cortexM7lfsp_math.a(arm_cfft_f32.o)
 .debug_info    0x000262f9     0x19b0 C:/Users/Anirudh/STM32Cube/Repository/CMSIS-PACK\ARM\CMSIS\5.7.0\CMSIS\DSP\Lib\GCC\libarm_cortexM7lfsp_math.a(arm_bitreversal2.o)
 .debug_info    0x00027ca9      0xc16 C:/Users/Anirudh/STM32Cube/Repository/CMSIS-PACK\ARM\CMSIS\5.7.0\CMSIS\DSP\Lib\GCC\libarm_cortexM7lfsp_math.a(arm_fir_interpolate_init_f32.o)
 .debug_info    0x000288bf      0xd4f C:/Users/Anirudh/STM32Cube/Repository/CMSIS-PACK\ARM\CMSIS\5.7.0\CMSIS\DSP\Lib\GCC\libarm_cortexM7lfsp_math.a(arm_fir_interpolate_f32.o)
 .debug_info    0x0002960e      0xc16 C:/Users/Anirudh/STM32Cube/Repository/CMSIS-PACK\ARM\CMSIS\5.7.0\CMSIS\DSP\Lib\GCC\libarm_cortexM7lfsp_math.a(arm_fir_decimate_init_f32.o)
 .debug_info    0x0002a224      0xd3e C:/Users/Anirudh/STM32Cube/Repository/CMSIS-PACK\ARM\CMSIS\5.7.0\CMSIS\DSP\Lib\GCC\libarm_cortexM7lfsp_math.a(arm_fir_decimate_f32.o)
 .debug_info    0x0002af62      0xb3c C:/Users/Anirudh/STM32Cube/Repository/CMSIS-PACK\ARM\CMSIS\5.7.0\CMSIS\DSP\Lib\GCC\libarm_cortexM7lfsp_math.a(arm_cmplx_mult_cmplx_f32.o)
 .debug_info    0x0002ba9e      0xb08 C:/Users/Anirudh/STM32Cube/Repository/CMSIS-PACK\ARM\CMSIS\5.7.0\CMSIS\DSP\Lib\GCC\libarm_cortexM7lfsp_math.a(arm_cmplx_mag_squared_f32.o)
 .debug_info    0x0002c5a6     0x1874 C:/Users/Anirudh/STM32Cube/Repository/CMSIS-PACK\ARM\CMSIS\5.7.0\CMSIS\DSP\Lib\GCC\libarm_cortexM7lfsp_math.a(arm_sin_f32.o)
 .debug_info    0x0002de1a     0x1874 C:/Users/Anirudh/STM32Cube/Repository/CMSIS-PACK\ARM\CMSIS\5.7.0\CMSIS\DSP\Lib\GCC\libarm_cortexM7lfsp_math.a(arm_cos_f32.o)
 .debug_info    0x0002f68e     0x21e3 C:/Users/Anirudh/STM32Cube/Repository/CMSIS-PACK\ARM\CMSIS\5.7.0\CMSIS\DSP\Lib\GCC\libarm_cortexM7lfsp_math.a(arm_const_structs.o)