Archive member included to satisfy reference by file (symbol)

C:/Users/Anirudh/STM32Cube/Repository/CMSIS-PACK\ARM\CMSIS\5.7.0\CMSIS\DSP\Lib\GCC\libarm_cortexM7lfsp_math.a(arm_max_f32.o)
                              Src\measure.o (arm_max_f32)
C:/Users/Anirudh/STM32Cube/Repository/CMSIS-PACK\ARM\CMSIS\5.7.0\CMSIS\DSP\Lib\GCC\libarm_cortexM7lfsp_math.a(arm_cfft_init_f32.o)
                              Src\measure.o (arm_cfft_init_f32)
C:/Users/Anirudh/STM32Cube/Repository/CMSIS-PACK\ARM\CMSIS\5.7.0\CMSIS\DSP\Lib\GCC\libarm_cortexM7lfsp_math.a(arm_rfft_fast_init_f32.o)
                              Src\measure.o (arm_rfft_fast_init_f32)
C:/Users/Anirudh/STM32Cube/Repository/CMSIS-PACK\ARM\CMSIS\5.7.0\CMSIS\DSP\Lib\GCC\libarm_cortexM7lfsp_math.a(arm_rfft_fast_f32.o)
                              Src\measure.o (arm_rfft_fast_f32)
C:/Users/Anirudh/STM32Cube/Repository/CMSIS-PACK\ARM\CMSIS\5.7.0\CMSIS\DSP\Lib\GCC\libarm_cortexM7lfsp_math.a(arm_cfft_f32.o)
                              Src\measure.o (arm_cfft_f32)
C:/Users/Anirudh/STM32Cube/Repository/CMSIS-PACK\ARM\CMSIS\5.7.0\CMSIS\DSP\Lib\GCC\libarm_cortexM7lfsp_math.a(arm_bitreversal2.o)
                              C:/Users/Anirudh/STM32Cube/Repository/CMSIS-PACK\ARM\CMSIS\5.7.0\CMSIS\DSP\Lib\GCC\libarm_cortexM7lfsp_math.a(arm_cfft_f32.o) (arm_bitreversal_32)
C:/Users/Anirudh/STM32Cube/Repository/CMSIS-PACK\ARM\CMSIS\5.7.0\CMSIS\DSP\Lib\GCC\libarm_cortexM7lfsp_math.a(arm_fir_interpolate_init_f32.o)
                              Src\triggers.o (arm_fir_interpolate_init_f32)
C:/Users/Anirudh/STM32Cube/Repository/CMSIS-PACK\ARM\CMSIS\5.7.0\CMSIS\DSP\Lib\GCC\libarm_cortexM7lfsp_math.a(arm_fir_interpolate_f32.o)
                              Src\triggers.o (arm_fir_interpolate_f32)
C:/Users/Anirudh/STM32Cube/Repository/CMSIS-PACK\ARM\CMSIS\5.7.0\CMSIS\DSP\Lib\GCC\libarm_cortexM7lfsp_math.a(arm_fir_decimate_init_f32.o)
                              Src\triggers.o (arm_fir_decimate_init_f32)
C:/Users/Anirudh/STM32Cube/Repository/CMSIS-PACK\ARM\CMSIS\5.7.0\CMSIS\DSP\Lib\GCC\libarm_cortexM7lfsp_math.a(arm_fir_decimate_f32.o)
                              Src\triggers.o (arm_fir_decimate_f32)
C:/Users/Anirudh/STM32Cube/Repository/CMSIS-PACK\ARM\CMSIS\5.7.0\CMSIS\DSP\Lib\GCC\libarm_cortexM7lfsp_math.a(arm_cmplx_mult_cmplx_f32.o)
                              Src\measure.o (arm_cmplx_mult_cmplx_f32)
C:/Users/Anirudh/STM32Cube/Repository/CMSIS-PACK\ARM\CMSIS\5.7.0\CMSIS\DSP\Lib\GCC\libarm_cortexM7lfsp_math.a(arm_cmplx_mag_squared_f32.o)
                              Src\measure.o (arm_cmplx_mag_squared_f32)
C:/Users/Anirudh/STM32Cube/Repository/CMSIS-PACK\ARM\CMSIS\5.7.0\CMSIS\DSP\Lib\GCC\libarm_cortexM7lfsp_math.a(arm_sin_f32.o)
                              Src\measure.o (arm_sin_f32)
C:/Users/Anirudh/STM32Cube/Repository/CMSIS-PACK\ARM\CMSIS\5.7.0\CMSIS\DSP\Lib\GCC\libarm_cortexM7lfsp_math.a(arm_cos_f32.o)
                              Src\measure.o (arm_cos_f32)
C:/Users/Anirudh/STM32Cube/Repository/CMSIS-PACK\ARM\CMSIS\5.7.0\CMSIS\DSP\Lib\GCC\libarm_cortexM7lfsp_math.a(arm_const_structs.o)
                              C:/Users/Anirudh/STM32Cube/Repository/CMSIS-PACK\ARM\CMSIS\5.7.0\CMSIS\DSP\Lib\GCC\libarm_cortexM7lfsp_math.a(arm_cfft_init_f32.o) (arm_cfft_sR_f32_len4096)
C:/Users/Anirudh/STM32Cube/Repository/CMSIS-PACK\ARM\CMSIS\5.7.0\CMSIS\DSP\Lib\GCC\libarm_cortexM7lfsp_math.a(arm_common_tables.o)
                              C:/Users/Anirudh/STM32Cube/Repository/CMSIS-PACK\ARM\CMSIS\5.7.0\CMSIS\DSP\Lib\GCC\libarm_cortexM7lfsp_math.a(arm_sin_f32.o) (sinTable_f32)
C:/Users/Anirudh/STM32Cube/Repository/CMSIS-PACK\ARM\CMSIS\5.7.0\CMSIS\DSP\Lib\GCC\libarm_cortexM7lfsp_math.a(arm_cfft_radix8_f32.o)
                              C:/Users/Anirudh/STM32Cube/Repository/CMSIS-PACK\ARM\CMSIS\5.7.0\CMSIS\DSP\Lib\GCC\libarm_cortexM7lfsp_math.a(arm_cfft_f32.o) (arm_radix8_butterfly_f32)
c:/program files (x86)/atollic/truestudio for stm32 9.3.0/armtools/bin/../lib/gcc/arm-atollic-eabi/6.3.1/../../../../arm-atollic-eabi/lib/armv7e-m/fpu/fpv5-sp-d16\libc.a(lib_a-efgcvt.o)
                              Src\ui.o (gcvt)
c:/program files (x86)/atollic/truestudio for stm32 9.3.0/armtools/bin/../lib/gcc/arm-atollic-eabi/6.3.1/../../../../arm-atollic-eabi/lib/armv7e-m/fpu/fpv5-sp-d16\libc.a(lib_a-impure.o)
                              c:/program files (x86)/atollic/truestudio for stm32 9.3.0/armtools/bin/../lib/gcc/arm-atollic-eabi/6.3.1/../../../../arm-atollic-eabi/lib/armv7e-m/fpu/fpv5-sp-d16\libc.a(lib_a-efgcvt.o) (_impure_ptr)
c:/program files (x86)/atollic/truestudio for stm32 9.3.0/armtools/bin/../lib/gcc/arm-atollic-eabi/6.3.1/../../../../arm-atollic-eabi/lib/armv7e-m/fpu/fpv5-sp-d16\libc.a(lib_a-init.o)
                              Src\startup_stm32f746xx.o (__libc_init_array)
c:/program files (x86)/atollic/truestudio for stm32 9.3.0/armtools/bin/../lib/gcc/arm-atollic-eabi/6.3.1/../../../../arm-atollic-eabi/lib/armv7e-m/fpu/fpv5-sp-d16\libc.a(lib_a-itoa.o)
[...]
Memory Configuration

Name             Origin             Length             Attributes
RAM              0x20000000         0x00050000         xrw
FLASH            0x08000000         0x00100000         xr
*default*        0x00000000         0xffffffff

Linker script and memory map

LOAD c:/program files (x86)/atollic/truestudio for stm32 9.3.0/armtools/bin/../lib/gcc/arm-atollic-eabi/6.3.1/armv7e-m/fpu/fpv5-sp-d16/crti.o
LOAD c:/program files (x86)/atollic/truestudio for stm32 9.3.0/armtools/bin/../lib/gcc/arm-atollic-eabi/6.3.1/armv7e-m/fpu/fpv5-sp-d16/crtbegin.o
LOAD Drivers\STM32F7xx_LL_Driver\stm32f7xx_ll_adc.o
LOAD Drivers\STM32F7xx_LL_Driver\stm32f7xx_ll_crc.o
LOAD Drivers\STM32F7xx_LL_Driver\stm32f7xx_ll_dac.o
LOAD Drivers\STM32F7xx_LL_Driver\stm32f7xx_ll_dma.o
LOAD Drivers\STM32F7xx_LL_Driver\stm32f7xx_ll_dma2d.o
LOAD Drivers\STM32F7xx_LL_Driver\stm32f7xx_ll_exti.o
LOAD Drivers\STM32F7xx_LL_Driver\stm32f7xx_ll_gpio.o
LOAD Drivers\STM32F7xx_LL_Driver\stm32f7xx_ll_i2c.o
LOAD Drivers\STM32F7xx_LL_Driver\stm32f7xx_ll_pwr.o
LOAD Drivers\STM32F7xx_LL_Driver\stm32f7xx_ll_rcc.o
LOAD Drivers\STM32F7xx_LL_Driver\stm32f7xx_ll_rng.o
LOAD Drivers\STM32F7xx_LL_Driver\stm32f7xx_ll_spi.o
LOAD Drivers\STM32F7xx_LL_Driver\stm32f7xx_ll_tim.o
LOAD Drivers\STM32F7xx_LL_Driver\stm32f7xx_ll_usart.o
LOAD Drivers\STM32F7xx_LL_Driver\stm32f7xx_ll_utils.o
LOAD Src\display.o
LOAD Src\globals.o
LOAD Src\i2c.o
LOAD Src\inits.o
LOAD Src\main.o
LOAD Src\measure.o
LOAD Src\startup_stm32f746xx.o
LOAD Src\stm32f7xx_it.o
LOAD Src\system_stm32f7xx.o
LOAD Src\touch.o
LOAD Src\triggers.o
LOAD Src\ugui.o
LOAD Src\ui.o
LOAD C:/Users/Anirudh/STM32Cube/Repository/CMSIS-PACK\ARM\CMSIS\5.7.0\CMSIS\DSP\Lib\GCC\libarm_cortexM7lfsp_math.a
                0x00000080                malloc_getpagesize_P = 0x80
START GROUP
LOAD c:/program files (x86)/atollic/truestudio for stm32 9.3.0/armtools/bin/../lib/gcc/arm-atollic-eabi/6.3.1/../../../../arm-atollic-eabi/lib/armv7e-m/fpu/fpv5-sp-d16\libc.a
LOAD c:/program files (x86)/atollic/truestudio for stm32 9.3.0/armtools/bin/../lib/gcc/arm-atollic-eabi/6.3.1/../../../../arm-atollic-eabi/lib/armv7e-m/fpu/fpv5-sp-d16\libm.a
END GROUP
START GROUP
LOAD c:/program files (x86)/atollic/truestudio for stm32 9.3.0/armtools/bin/../lib/gcc/arm-atollic-eabi/6.3.1/armv7e-m/fpu/fpv5-sp-d16\libgcc.a
LOAD c:/program files (x86)/atollic/truestudio for stm32 9.3.0/armtools/bin/../lib/gcc/arm-atollic-eabi/6.3.1/../../../../arm-atollic-eabi/lib/armv7e-m/fpu/fpv5-sp-d16\libc.a
END GROUP
START GROUP
LOAD c:/program files (x86)/atollic/truestudio for stm32 9.3.0/armtools/bin/../lib/gcc/arm-atollic-eabi/6.3.1/armv7e-m/fpu/fpv5-sp-d16\libgcc.a
LOAD c:/program files (x86)/atollic/truestudio for stm32 9.3.0/armtools/bin/../lib/gcc/arm-atollic-eabi/6.3.1/../../../../arm-atollic-eabi/lib/armv7e-m/fpu/fpv5-sp-d16\libc.a
LOAD c:/program files (x86)/atollic/truestudio for stm32 9.3.0/armtools/bin/../lib/gcc/arm-atollic-eabi/6.3.1/../../../../arm-atollic-eabi/lib/armv7e-m/fpu/fpv5-sp-d16\libnosys.a
END GROUP
LOAD c:/program files (x86)/atollic/truestudio for stm32 9.3.0/armtools/bin/../lib/gcc/arm-atollic-eabi/6.3.1/armv7e-m/fpu/fpv5-sp-d16/crtend.o
LOAD c:/program files (x86)/atollic/truestudio for stm32 9.3.0/armtools/bin/../lib/gcc/arm-atollic-eabi/6.3.1/armv7e-m/fpu/fpv5-sp-d16/crtn.o
                0x20050000                _estack = 0x20050000
                0x00000200                _Min_Heap_Size = 0x200
                0x00000400                _Min_Stack_Size = 0x400

.isr_vector     0x08000000      0x1c8
                0x08000000                . = ALIGN (0x4)
 *(.isr_vector)
 .isr_vector    0x08000000      0x1c8 Src\startup_stm32f746xx.o
                0x08000000                g_pfnVectors
                0x080001c8                . = ALIGN (0x4)

.text           0x080001c8     0xe750
                0x080001c8                . = ALIGN (0x4)
 *(.text)
 .text          0x080001c8       0x40 c:/program files (x86)/atollic/truestudio for stm32 9.3.0/armtools/bin/../lib/gcc/arm-atollic-eabi/6.3.1/armv7e-m/fpu/fpv5-sp-d16/crtbegin.o
 .text          0x08000208       0x10 c:/program files (x86)/atollic/truestudio for stm32 9.3.0/armtools/bin/../lib/gcc/arm-atollic-eabi/6.3.1/../../../../arm-atollic-eabi/lib/armv7e-m/fpu/fpv5-sp-d16\libc.a(lib_a-strlen.o)
                0x08000208                strlen
 .text          0x08000218      0x370 c:/program files (x86)/atollic/truestudio for stm32 9.3.0/armtools/bin/../lib/gcc/arm-atollic-eabi/6.3.1/armv7e-m/fpu/fpv5-sp-d16\libgcc.a(_arm_addsubdf3.o)
                0x08000218                __aeabi_drsub
                0x08000220                __aeabi_dsub
                0x08000220                __subdf3
                0x08000224                __aeabi_dadd
                0x08000224                __adddf3
                0x0800049c                __floatunsidf
                0x0800049c                __aeabi_ui2d
                0x080004bc                __floatsidf
                0x080004bc                __aeabi_i2d
                0x080004e0                __aeabi_f2d
                0x080004e0                __extendsfdf2
                0x0800051c                __floatundidf
                0x0800051c                __aeabi_ul2d
                0x0800052c                __floatdidf
                0x0800052c                __aeabi_l2d
 .text          0x08000588      0x424 c:/program files (x86)/atollic/truestudio for stm32 9.3.0/armtools/bin/../lib/gcc/arm-atollic-eabi/6.3.1/armv7e-m/fpu/fpv5-sp-d16\libgcc.a(_arm_muldivdf3.o)
                0x08000588                __aeabi_dmul
                0x08000588                __muldf3
                0x080007dc                __divdf3
                0x080007dc                __aeabi_ddiv
 .text          0x080009ac      0x110 c:/program files (x86)/atollic/truestudio for stm32 9.3.0/armtools/bin/../lib/gcc/arm-atollic-eabi/6.3.1/armv7e-m/fpu/fpv5-sp-d16\libgcc.a(_arm_cmpdf2.o)
                0x080009ac                __gtdf2
                0x080009ac                __gedf2
                0x080009b4                __ltdf2
                0x080009b4                __ledf2
                0x080009bc                __nedf2
                0x080009bc                __eqdf2
                0x080009bc                __cmpdf2
                0x08000a38                __aeabi_cdrcmple
                0x08000a48                __aeabi_cdcmpeq
                0x08000a48                __aeabi_cdcmple
                0x08000a58                __aeabi_dcmpeq
                0x08000a6c                __aeabi_dcmplt
                0x08000a80                __aeabi_dcmple
                0x08000a94                __aeabi_dcmpge
                0x08000aa8                __aeabi_dcmpgt
 .text          0x08000abc       0x2c c:/program files (x86)/atollic/truestudio for stm32 9.3.0/armtools/bin/../lib/gcc/arm-atollic-eabi/6.3.1/armv7e-m/fpu/fpv5-sp-d16\libgcc.a(_arm_unorddf2.o)
                0x08000abc                __unorddf2
                0x08000abc                __aeabi_dcmpun
 .text          0x08000ae8       0x50 c:/program files (x86)/atollic/truestudio for stm32 9.3.0/armtools/bin/../lib/gcc/arm-atollic-eabi/6.3.1/armv7e-m/fpu/fpv5-sp-d16\libgcc.a(_arm_fixdfsi.o)
                0x08000ae8                __aeabi_d2iz
                0x08000ae8                __fixdfsi
 .text          0x08000b38       0x40 c:/program files (x86)/atollic/truestudio for stm32 9.3.0/armtools/bin/../lib/gcc/arm-atollic-eabi/6.3.1/armv7e-m/fpu/fpv5-sp-d16\libgcc.a(_arm_fixunsdfsi.o)
                0x08000b38                __aeabi_d2uiz
                0x08000b38                __fixunsdfsi
 .text          0x08000b78       0xa0 c:/program files (x86)/atollic/truestudio for stm32 9.3.0/armtools/bin/../lib/gcc/arm-atollic-eabi/6.3.1/armv7e-m/fpu/fpv5-sp-d16\libgcc.a(_arm_truncdfsf2.o)
                0x08000b78                __truncdfsf2
                0x08000b78                __aeabi_d2f
 *(.text*)
 .text.LL_mDelay
                0x08000c18       0x2c Drivers\STM32F7xx_LL_Driver\stm32f7xx_ll_utils.o
                0x08000c18                LL_mDelay
 .text.pset     0x08000c44       0x1c Src\display.o
                0x08000c44                pset
 .text.clearScreen
                0x08000c60       0x44 Src\display.o
                0x08000c60                clearScreen
 .text.fillScreenWave
                0x08000ca4       0x44 Src\display.o
                0x08000ca4                fillScreenWave
 .text.fillFrameUGUI
                0x08000ce8       0x84 Src\display.o
                0x08000ce8                fillFrameUGUI
 .text.drawLineUGUI
                0x08000d6c       0xa4 Src\display.o
                0x08000d6c                drawLineUGUI
 .text.updateToScreen
                0x08000e10       0x60 Src\display.o
                0x08000e10                updateToScreen
 .text.I2C_ReadSingle
                0x08000e70      0x130 Src\i2c.o
                0x08000e70                I2C_ReadSingle
 .text.TimQE_init
                0x08000fa0      0x284 Src\inits.o
                0x08000fa0                TimQE_init
 .text.TimADC_init
                0x08001224       0x74 Src\inits.o
                0x08001224                TimADC_init
 .text.TimTS_init
                0x08001298       0x5c Src\inits.o
                0x08001298                TimTS_init
 .text.TimMeas_init
                0x080012f4       0x5c Src\inits.o
                0x080012f4                TimMeas_init
 .text.Timers_init
                0x08001350       0x20 Src\inits.o
                0x08001350                Timers_init
 .text.ADC_Ch1_init
                0x08001370      0x124 Src\inits.o
                0x08001370                ADC_Ch1_init
 .text.ADC_Ch1_reinit
                0x08001494       0x3c Src\inits.o
                0x08001494                ADC_Ch1_reinit
 .text.ADC_Ch2_init
                0x080014d0      0x128 Src\inits.o
                0x080014d0                ADC_Ch2_init
 .text.ADC_init
                0x080015f8        0xc Src\inits.o
                0x080015f8                ADC_init
 .text.ADC_Ch2_reinit
                0x08001604       0x3c Src\inits.o
                0x08001604                ADC_Ch2_reinit
 .text.LEDs_Buttons_init
                0x08001640      0x2ac Src\inits.o
                0x08001640                LEDs_Buttons_init
 .text.LTDC_init
                0x080018ec      0x2c4 Src\inits.o
                0x080018ec                LTDC_init
 .text.SDRAM_init
                0x08001bb0      0x2ac Src\inits.o
                0x08001bb0                SDRAM_init
 .text.DMA2D_init
                0x08001e5c       0xa4 Src\inits.o
                0x08001e5c                DMA2D_init
 .text.I2C_TS_init
                0x08001f00      0x200 Src\inits.o
                0x08001f00                I2C_TS_init
 .text.SystemClock_Config
                0x08002100      0x110 Src\inits.o
                0x08002100                SystemClock_Config
 .text.CPU_CACHE_Enable
                0x08002210       0x98 Src\inits.o
                0x08002210                CPU_CACHE_Enable
 .text.main     0x080022a8      0x9fc Src\main.o
                0x080022a8                main
 .text.Get_tick
                0x08002ca4        0xc Src\main.o
                0x08002ca4                Get_tick
 .text.calcVmax
                0x08002cb0       0x20 Src\measure.o
 .text.calcVmin
                0x08002cd0       0x20 Src\measure.o
 .text.calcVpp  0x08002cf0       0x16 Src\measure.o
 *fill*         0x08002d06        0x2 
 .text.calcVavg
                0x08002d08       0x24 Src\measure.o
 .text.czt      0x08002d2c      0x22c Src\measure.o
 .text.calcFreq
                0x08002f58      0x1bc Src\measure.o
 .text.calcDuty
                0x08003114       0xe4 Src\measure.o
 .text.calcVrms
                0x080031f8       0x6c Src\measure.o
 .text.measure_init
                0x08003264       0x20 Src\measure.o
                0x08003264                measure_init
 .text.calcMeasure
                0x08003284       0x94 Src\measure.o
                0x08003284                calcMeasure
 .text.calcSpectrum
                0x08003318      0x12c Src\measure.o
                0x08003318                calcSpectrum
 .text.Reset_Handler
                0x08003444       0x50 Src\startup_stm32f746xx.o
                0x08003444                Reset_Handler
 .text.Default_Handler
                0x08003494        0x2 Src\startup_stm32f746xx.o
                0x08003494                RTC_Alarm_IRQHandler
                0x08003494                EXTI2_IRQHandler
                0x08003494                TIM8_CC_IRQHandler
                0x08003494                UART8_IRQHandler
                0x08003494                SPI4_IRQHandler
                0x08003494                TIM1_CC_IRQHandler
                0x08003494                DMA2_Stream5_IRQHandler
                0x08003494                DMA1_Stream5_IRQHandler
                0x08003494                PVD_IRQHandler
                0x08003494                TAMP_STAMP_IRQHandler
                0x08003494                CAN2_RX1_IRQHandler
                0x08003494                EXTI3_IRQHandler
                0x08003494                TIM8_TRG_COM_TIM14_IRQHandler
                0x08003494                TIM1_UP_TIM10_IRQHandler
                0x08003494                TIM8_UP_TIM13_IRQHandler
                0x08003494                I2C3_ER_IRQHandler
                0x08003494                EXTI0_IRQHandler
                0x08003494                I2C2_EV_IRQHandler
                0x08003494                DMA1_Stream2_IRQHandler
                0x08003494                CAN1_RX0_IRQHandler
                0x08003494                FPU_IRQHandler
                0x08003494                OTG_HS_WKUP_IRQHandler
                0x08003494                CAN2_SCE_IRQHandler
                0x08003494                DMA2_Stream2_IRQHandler
                0x08003494                SPI1_IRQHandler
                0x08003494                TIM6_DAC_IRQHandler
                0x08003494                TIM1_BRK_TIM9_IRQHandler
                0x08003494                DCMI_IRQHandler
                0x08003494                CAN2_RX0_IRQHandler
                0x08003494                DMA2_Stream3_IRQHandler
                0x08003494                SAI2_IRQHandler
                0x08003494                USART6_IRQHandler
                0x08003494                USART3_IRQHandler
                0x08003494                CAN1_RX1_IRQHandler
                0x08003494                UART5_IRQHandler
                0x08003494                QUADSPI_IRQHandler
                0x08003494                I2C1_EV_IRQHandler
                0x08003494                DMA1_Stream6_IRQHandler
                0x08003494                DMA1_Stream1_IRQHandler
                0x08003494                UART4_IRQHandler
                0x08003494                RCC_IRQHandler
                0x08003494                TIM8_BRK_TIM12_IRQHandler
                0x08003494                Default_Handler
                0x08003494                CEC_IRQHandler
                0x08003494                ADC_IRQHandler
                0x08003494                DMA1_Stream7_IRQHandler
                0x08003494                SPI5_IRQHandler
                0x08003494                TIM7_IRQHandler
                0x08003494                SDMMC1_IRQHandler
                0x08003494                CAN2_TX_IRQHandler
                0x08003494                TIM5_IRQHandler
                0x08003494                DMA2_Stream7_IRQHandler
                0x08003494                I2C3_EV_IRQHandler
                0x08003494                RTC_WKUP_IRQHandler
                0x08003494                LTDC_IRQHandler
                0x08003494                ETH_WKUP_IRQHandler
                0x08003494                SPDIF_RX_IRQHandler
                0x08003494                SPI2_IRQHandler
                0x08003494                OTG_HS_EP1_IN_IRQHandler
                0x08003494                DMA1_Stream0_IRQHandler
                0x08003494                CAN1_TX_IRQHandler
                0x08003494                EXTI4_IRQHandler
                0x08003494                RNG_IRQHandler
                0x08003494                ETH_IRQHandler
                0x08003494                OTG_HS_EP1_OUT_IRQHandler
                0x08003494                WWDG_IRQHandler
                0x08003494                SPI6_IRQHandler
                0x08003494                I2C4_EV_IRQHandler
                0x08003494                TIM2_IRQHandler
                0x08003494                OTG_FS_WKUP_IRQHandler
                0x08003494                TIM1_TRG_COM_TIM11_IRQHandler
                0x08003494                OTG_HS_IRQHandler
                0x08003494                EXTI1_IRQHandler
                0x08003494                UART7_IRQHandler
                0x08003494                USART2_IRQHandler
                0x08003494                I2C2_ER_IRQHandler
                0x08003494                CAN1_SCE_IRQHandler
                0x08003494                FLASH_IRQHandler
                0x08003494                DMA2_Stream4_IRQHandler
                0x08003494                USART1_IRQHandler
                0x08003494                OTG_FS_IRQHandler
                0x08003494                SPI3_IRQHandler
                0x08003494                DMA1_Stream4_IRQHandler
                0x08003494                I2C1_ER_IRQHandler
                0x08003494                FMC_IRQHandler
                0x08003494                LPTIM1_IRQHandler
                0x08003494                I2C4_ER_IRQHandler
                0x08003494                DMA2_Stream6_IRQHandler
                0x08003494                SAI1_IRQHandler
                0x08003494                DMA1_Stream3_IRQHandler
 .text.NMI_Handler
                0x08003496        0x2 Src\stm32f7xx_it.o
                0x08003496                NMI_Handler
 .text.HardFault_Handler
                0x08003498        0x2 Src\stm32f7xx_it.o
                0x08003498                HardFault_Handler
 .text.MemManage_Handler
                0x0800349a        0x2 Src\stm32f7xx_it.o
                0x0800349a                MemManage_Handler
 .text.BusFault_Handler
                0x0800349c        0x2 Src\stm32f7xx_it.o
                0x0800349c                BusFault_Handler
 .text.UsageFault_Handler
                0x0800349e        0x2 Src\stm32f7xx_it.o
                0x0800349e                UsageFault_Handler
 .text.SVC_Handler
                0x080034a0        0x2 Src\stm32f7xx_it.o
                0x080034a0                SVC_Handler
 .text.DebugMon_Handler
                0x080034a2        0x2 Src\stm32f7xx_it.o
                0x080034a2                DebugMon_Handler
 .text.PendSV_Handler
                0x080034a4        0x2 Src\stm32f7xx_it.o
                0x080034a4                PendSV_Handler
 *fill*         0x080034a6        0x2 
 .text.SysTick_Handler
                0x080034a8       0x10 Src\stm32f7xx_it.o
                0x080034a8                SysTick_Handler
 .text.EXTI9_5_IRQHandler
                0x080034b8       0x30 Src\stm32f7xx_it.o
                0x080034b8                EXTI9_5_IRQHandler
 .text.EXTI15_10_IRQHandler
                0x080034e8       0x1c Src\stm32f7xx_it.o
                0x080034e8                EXTI15_10_IRQHandler
 .text.DMA2_Stream0_IRQHandler
                0x08003504       0x38 Src\stm32f7xx_it.o
                0x08003504                DMA2_Stream0_IRQHandler
 .text.DMA2_Stream1_IRQHandler
                0x0800353c       0x38 Src\stm32f7xx_it.o
                0x0800353c                DMA2_Stream1_IRQHandler
 .text.LTDC_ER_IRQHandler
                0x08003574       0x24 Src\stm32f7xx_it.o
                0x08003574                LTDC_ER_IRQHandler
 .text.DMA2D_IRQHandler
                0x08003598       0x24 Src\stm32f7xx_it.o
                0x08003598                DMA2D_IRQHandler
 .text.TIM4_IRQHandler
                0x080035bc       0x1c Src\stm32f7xx_it.o
                0x080035bc                TIM4_IRQHandler
 .text.TIM3_IRQHandler
                0x080035d8       0x1c Src\stm32f7xx_it.o
                0x080035d8                TIM3_IRQHandler
 .text.SystemInit
                0x080035f4       0x50 Src\system_stm32f7xx.o
                0x080035f4                SystemInit
 .text.TS_ReadSingle
                0x08003644       0x14 Src\touch.o
                0x08003644                TS_ReadSingle
 .text.TS_DetectNumTouches
                0x08003658       0x10 Src\touch.o
                0x08003658                TS_DetectNumTouches
 .text.TS_GetXY
                0x08003668       0x38 Src\touch.o
                0x08003668                TS_GetXY
 .text.calcFilters
                0x080036a0      0x588 Src\triggers.o
 .text.findNextMultiple
                0x08003c28       0x10 Src\triggers.o
 .text.getFiltDelay
                0x08003c38       0x10 Src\triggers.o
 .text.processTriggers
                0x08003c48       0xf4 Src\triggers.o
                0x08003c48                processTriggers
 .text.chkTrigResampSig
                0x08003d3c       0xc4 Src\triggers.o
                0x08003d3c                chkTrigResampSig
 .text.resampleChannels
                0x08003e00      0x8d0 Src\triggers.o
                0x08003e00                resampleChannels
 .text.UG_Init  0x080046d0       0x80 Src\ugui.o
                0x080046d0                UG_Init
 .text.UG_FillFrame
                0x08004750       0x70 Src\ugui.o
                0x08004750                UG_FillFrame
 .text.UG_FillScreen
                0x080047c0       0x28 Src\ugui.o
                0x080047c0                UG_FillScreen
 .text.UG_DrawLine
                0x080047e8      0x10c Src\ugui.o
                0x080047e8                UG_DrawLine
 .text.UG_DrawFrame
                0x080048f4       0x4a Src\ugui.o
                0x080048f4                UG_DrawFrame
 *fill*         0x0800493e        0x2 
 .text.UG_GetXDim
                0x08004940       0x10 Src\ugui.o
                0x08004940                UG_GetXDim
 .text.UG_GetYDim
                0x08004950       0x10 Src\ugui.o
                0x08004950                UG_GetYDim
 .text._UG_PutChar
                0x08004960      0x364 Src\ugui.o
                0x08004960                _UG_PutChar
 .text._UG_PutText
                0x08004cc4      0x160 Src\ugui.o
                0x08004cc4                _UG_PutText
 .text._UG_GetFreeObject
                0x08004e24       0x2a Src\ugui.o
                0x08004e24                _UG_GetFreeObject
 .text._UG_SearchObject
                0x08004e4e       0x36 Src\ugui.o
                0x08004e4e                _UG_SearchObject
 .text._UG_ProcessTouchData
                0x08004e84       0xbc Src\ugui.o
                0x08004e84                _UG_ProcessTouchData
 .text._UG_UpdateObjects
                0x08004f40       0x5a Src\ugui.o
                0x08004f40                _UG_UpdateObjects
 *fill*         0x08004f9a        0x2 
 .text._UG_HandleEvents
                0x08004f9c       0x58 Src\ugui.o
                0x08004f9c                _UG_HandleEvents
 .text._UG_DrawObjectFrame
                0x08004ff4      0x12c Src\ugui.o
                0x08004ff4                _UG_DrawObjectFrame
 .text._UG_SendObjectPrerenderEvent
                0x08005120       0x28 Src\ugui.o
                0x08005120                _UG_SendObjectPrerenderEvent
 .text._UG_SendObjectPostrenderEvent
                0x08005148       0x2a Src\ugui.o
                0x08005148                _UG_SendObjectPostrenderEvent
 *fill*         0x08005172        0x2 
 .text.UG_DriverRegister
                0x08005174       0x1c Src\ugui.o
                0x08005174                UG_DriverRegister
 .text.UG_DriverEnable
                0x08005190       0x2c Src\ugui.o
                0x08005190                UG_DriverEnable
 .text.UG_TouchUpdate
                0x080051bc       0x10 Src\ugui.o
                0x080051bc                UG_TouchUpdate
 .text.UG_WindowCreate
                0x080051cc       0xac Src\ugui.o
                0x080051cc                UG_WindowCreate
 .text.UG_WindowShow
                0x08005278       0x24 Src\ugui.o
                0x08005278                UG_WindowShow
 .text.UG_WindowResize
                0x0800529c      0x13c Src\ugui.o
                0x0800529c                UG_WindowResize
 .text.UG_WindowSetBackColor
                0x080053d8       0x22 Src\ugui.o
                0x080053d8                UG_WindowSetBackColor
 .text.UG_WindowSetStyle
                0x080053fa       0x52 Src\ugui.o
                0x080053fa                UG_WindowSetStyle
 .text.UG_WindowGetXStart
                0x0800544c       0x1c Src\ugui.o
                0x0800544c                UG_WindowGetXStart
 .text.UG_WindowGetArea
                0x08005468       0x68 Src\ugui.o
                0x08005468                UG_WindowGetArea
 .text._UG_ButtonUpdate
                0x080054d0      0x234 Src\ugui.o
                0x080054d0                _UG_ButtonUpdate
 .text._UG_TextboxUpdate
                0x08005704      0x100 Src\ugui.o
                0x08005704                _UG_TextboxUpdate
 .text._UG_WindowDrawTitle
                0x08005804       0xf0 Src\ugui.o
                0x08005804                _UG_WindowDrawTitle
 .text._UG_WindowUpdate
                0x080058f4       0xe0 Src\ugui.o
                0x080058f4                _UG_WindowUpdate
 .text.UG_Update
                0x080059d4       0xb0 Src\ugui.o
                0x080059d4                UG_Update
 .text._UG_WindowClear
                0x08005a84       0x70 Src\ugui.o
                0x08005a84                _UG_WindowClear
 .text.UG_WindowHide
                0x08005af4       0x84 Src\ugui.o
                0x08005af4                UG_WindowHide
 .text.UG_ButtonCreate
                0x08005b78       0x98 Src\ugui.o
                0x08005b78                UG_ButtonCreate
 .text.UG_ButtonSetBackColor
                0x08005c10       0x24 Src\ugui.o
                0x08005c10                UG_ButtonSetBackColor
 .text.UG_ButtonSetText
                0x08005c34       0x24 Src\ugui.o
                0x08005c34                UG_ButtonSetText
 .text.UG_ButtonSetFont
                0x08005c58       0x24 Src\ugui.o
                0x08005c58                UG_ButtonSetFont
 .text.UG_TextboxCreate
                0x08005c7c       0x88 Src\ugui.o
                0x08005c7c                UG_TextboxCreate
 .text.UG_TextboxSetBackColor
                0x08005d04       0x24 Src\ugui.o
                0x08005d04                UG_TextboxSetBackColor
 .text.UG_TextboxSetText
                0x08005d28       0x24 Src\ugui.o
                0x08005d28                UG_TextboxSetText
 .text.UG_TextboxSetFont
                0x08005d4c       0x24 Src\ugui.o
                0x08005d4c                UG_TextboxSetFont
 .text.UG_TextboxSetAlignment
                0x08005d70       0x24 Src\ugui.o
                0x08005d70                UG_TextboxSetAlignment
 .text.drawGridHoriz
                0x08005d94       0x58 Src\ui.o
 .text.drawGridVerti
                0x08005dec       0x30 Src\ui.o
 .text.window_2_callback
                0x08005e1c        0x2 Src\ui.o
 .text.window_8_callback
                0x08005e1e        0x2 Src\ui.o
 .text.window_5_callback
                0x08005e20       0xf0 Src\ui.o
 .text.selectField
                0x08005f10       0xc4 Src\ui.o
 .text.drawGrid
                0x08005fd4        0xc Src\ui.o
                0x08005fd4                drawGrid
 .text.initUI   0x08005fe0      0xf0c Src\ui.o
                0x08005fe0                initUI
 .text.window_3_callback
                0x08006eec      0x228 Src\ui.o
 .text.voltsToStr
                0x08007114      0x10c Src\ui.o
                0x08007114                voltsToStr
 .text.hertzToStr
                0x08007220      0x1c8 Src\ui.o
                0x08007220                hertzToStr
 .text.secToStr
                0x080073e8      0x104 Src\ui.o
                0x080073e8                secToStr
 .text.switchNextWindow
                0x080074ec      0x18c Src\ui.o
                0x080074ec                switchNextWindow
 .text.clearWind4Submenus
                0x08007678       0x88 Src\ui.o
                0x08007678                clearWind4Submenus
 .text.window_4_callback
                0x08007700      0x1c0 Src\ui.o
 .text.window_1_callback
                0x080078c0       0xc8 Src\ui.o
 .text.DisplayMeasurements
                0x08007988      0x4a0 Src\ui.o
                0x08007988                DisplayMeasurements
 .text.goToField
                0x08007e28       0x20 Src\ui.o
                0x08007e28                goToField
 .text.switchNextField
                0x08007e48       0x38 Src\ui.o
                0x08007e48                switchNextField
 .text.changeFieldValue
                0x08007e80      0xdd4 Src\ui.o
                0x08007e80                changeFieldValue
 .text.window_7_callback
                0x08008c54      0x148 Src\ui.o
 .text.window_6_callback
                0x08008d9c       0xe0 Src\ui.o
 .text.dispToff
                0x08008e7c       0xc4 Src\ui.o
                0x08008e7c                dispToff
 .text.changeFieldValueMath
                0x08008f40      0x1f4 Src\ui.o
                0x08008f40                changeFieldValueMath
 .text.window_9_callback
                0x08009134      0x1ac Src\ui.o
 .text.changeFieldValueCursor
                0x080092e0      0x790 Src\ui.o
                0x080092e0                changeFieldValueCursor
 .text.window_10_callback
                0x08009a70      0x1c0 Src\ui.o
 .text.getCurrMathField
                0x08009c30        0xc Src\ui.o
                0x08009c30                getCurrMathField
 .text.getCurrCursorField
                0x08009c3c        0xc Src\ui.o
                0x08009c3c                getCurrCursorField
 .text.initFields
                0x08009c48      0x634 Src\ui.o
                0x08009c48                initFields
 .text.drawRedBorder
                0x0800a27c       0x92 Src\ui.o
                0x0800a27c                drawRedBorder
 .text.clearRedBorder
                0x0800a30e       0x94 Src\ui.o
                0x0800a30e                clearRedBorder
 *fill*         0x0800a3a2        0x2 
 .text.arm_max_f32
                0x0800a3a4       0xd4 C:/Users/Anirudh/STM32Cube/Repository/CMSIS-PACK\ARM\CMSIS\5.7.0\CMSIS\DSP\Lib\GCC\libarm_cortexM7lfsp_math.a(arm_max_f32.o)
                0x0800a3a4                arm_max_f32
 .text.arm_cfft_init_f32
                0x0800a478       0xa0 C:/Users/Anirudh/STM32Cube/Repository/CMSIS-PACK\ARM\CMSIS\5.7.0\CMSIS\DSP\Lib\GCC\libarm_cortexM7lfsp_math.a(arm_cfft_init_f32.o)
                0x0800a478                arm_cfft_init_f32
 .text.arm_rfft_32_fast_init_f32
                0x0800a518       0x24 C:/Users/Anirudh/STM32Cube/Repository/CMSIS-PACK\ARM\CMSIS\5.7.0\CMSIS\DSP\Lib\GCC\libarm_cortexM7lfsp_math.a(arm_rfft_fast_init_f32.o)
 .text.arm_rfft_64_fast_init_f32
                0x0800a53c       0x24 C:/Users/Anirudh/STM32Cube/Repository/CMSIS-PACK\ARM\CMSIS\5.7.0\CMSIS\DSP\Lib\GCC\libarm_cortexM7lfsp_math.a(arm_rfft_fast_init_f32.o)
 .text.arm_rfft_128_fast_init_f32
                0x0800a560       0x24 C:/Users/Anirudh/STM32Cube/Repository/CMSIS-PACK\ARM\CMSIS\5.7.0\CMSIS\DSP\Lib\GCC\libarm_cortexM7lfsp_math.a(arm_rfft_fast_init_f32.o)
 .text.arm_rfft_256_fast_init_f32
                0x0800a584       0x24 C:/Users/Anirudh/STM32Cube/Repository/CMSIS-PACK\ARM\CMSIS\5.7.0\CMSIS\DSP\Lib\GCC\libarm_cortexM7lfsp_math.a(arm_rfft_fast_init_f32.o)
 .text.arm_rfft_512_fast_init_f32
                0x0800a5a8       0x28 C:/Users/Anirudh/STM32Cube/Repository/CMSIS-PACK\ARM\CMSIS\5.7.0\CMSIS\DSP\Lib\GCC\libarm_cortexM7lfsp_math.a(arm_rfft_fast_init_f32.o)
 .text.arm_rfft_1024_fast_init_f32
                0x0800a5d0       0x28 C:/Users/Anirudh/STM32Cube/Repository/CMSIS-PACK\ARM\CMSIS\5.7.0\CMSIS\DSP\Lib\GCC\libarm_cortexM7lfsp_math.a(arm_rfft_fast_init_f32.o)
 .text.arm_rfft_2048_fast_init_f32
                0x0800a5f8       0x28 C:/Users/Anirudh/STM32Cube/Repository/CMSIS-PACK\ARM\CMSIS\5.7.0\CMSIS\DSP\Lib\GCC\libarm_cortexM7lfsp_math.a(arm_rfft_fast_init_f32.o)
 .text.arm_rfft_4096_fast_init_f32
                0x0800a620       0x28 C:/Users/Anirudh/STM32Cube/Repository/CMSIS-PACK\ARM\CMSIS\5.7.0\CMSIS\DSP\Lib\GCC\libarm_cortexM7lfsp_math.a(arm_rfft_fast_init_f32.o)
 .text.arm_rfft_fast_init_f32
                0x0800a648       0x74 C:/Users/Anirudh/STM32Cube/Repository/CMSIS-PACK\ARM\CMSIS\5.7.0\CMSIS\DSP\Lib\GCC\libarm_cortexM7lfsp_math.a(arm_rfft_fast_init_f32.o)
                0x0800a648                arm_rfft_fast_init_f32
 .text.stage_rfft_f32
                0x0800a6bc       0xbc C:/Users/Anirudh/STM32Cube/Repository/CMSIS-PACK\ARM\CMSIS\5.7.0\CMSIS\DSP\Lib\GCC\libarm_cortexM7lfsp_math.a(arm_rfft_fast_f32.o)
                0x0800a6bc                stage_rfft_f32
 .text.merge_rfft_f32
                0x0800a778       0xac C:/Users/Anirudh/STM32Cube/Repository/CMSIS-PACK\ARM\CMSIS\5.7.0\CMSIS\DSP\Lib\GCC\libarm_cortexM7lfsp_math.a(arm_rfft_fast_f32.o)
                0x0800a778                merge_rfft_f32
 .text.arm_rfft_fast_f32
                0x0800a824       0x38 C:/Users/Anirudh/STM32Cube/Repository/CMSIS-PACK\ARM\CMSIS\5.7.0\CMSIS\DSP\Lib\GCC\libarm_cortexM7lfsp_math.a(arm_rfft_fast_f32.o)
                0x0800a824                arm_rfft_fast_f32
 .text.arm_cfft_radix8by2_f32
                0x0800a85c      0x19c C:/Users/Anirudh/STM32Cube/Repository/CMSIS-PACK\ARM\CMSIS\5.7.0\CMSIS\DSP\Lib\GCC\libarm_cortexM7lfsp_math.a(arm_cfft_f32.o)
                0x0800a85c                arm_cfft_radix8by2_f32
 .text.arm_cfft_radix8by4_f32
                0x0800a9f8      0x4bc C:/Users/Anirudh/STM32Cube/Repository/CMSIS-PACK\ARM\CMSIS\5.7.0\CMSIS\DSP\Lib\GCC\libarm_cortexM7lfsp_math.a(arm_cfft_f32.o)
                0x0800a9f8                arm_cfft_radix8by4_f32
 .text.arm_cfft_f32
                0x0800aeb4       0xec C:/Users/Anirudh/STM32Cube/Repository/CMSIS-PACK\ARM\CMSIS\5.7.0\CMSIS\DSP\Lib\GCC\libarm_cortexM7lfsp_math.a(arm_cfft_f32.o)
                0x0800aeb4                arm_cfft_f32
 .text.arm_bitreversal_32
                0x0800afa0       0x50 C:/Users/Anirudh/STM32Cube/Repository/CMSIS-PACK\ARM\CMSIS\5.7.0\CMSIS\DSP\Lib\GCC\libarm_cortexM7lfsp_math.a(arm_bitreversal2.o)
                0x0800afa0                arm_bitreversal_32
 .text.arm_fir_interpolate_init_f32
                0x0800aff0       0x34 C:/Users/Anirudh/STM32Cube/Repository/CMSIS-PACK\ARM\CMSIS\5.7.0\CMSIS\DSP\Lib\GCC\libarm_cortexM7lfsp_math.a(arm_fir_interpolate_init_f32.o)
                0x0800aff0                arm_fir_interpolate_init_f32
 .text.arm_fir_interpolate_f32
                0x0800b024      0x4a0 C:/Users/Anirudh/STM32Cube/Repository/CMSIS-PACK\ARM\CMSIS\5.7.0\CMSIS\DSP\Lib\GCC\libarm_cortexM7lfsp_math.a(arm_fir_interpolate_f32.o)
                0x0800b024                arm_fir_interpolate_f32
 .text.arm_fir_decimate_init_f32
                0x0800b4c4       0x3c C:/Users/Anirudh/STM32Cube/Repository/CMSIS-PACK\ARM\CMSIS\5.7.0\CMSIS\DSP\Lib\GCC\libarm_cortexM7lfsp_math.a(arm_fir_decimate_init_f32.o)
                0x0800b4c4                arm_fir_decimate_init_f32
 .text.arm_fir_decimate_f32
                0x0800b500      0x374 C:/Users/Anirudh/STM32Cube/Repository/CMSIS-PACK\ARM\CMSIS\5.7.0\CMSIS\DSP\Lib\GCC\libarm_cortexM7lfsp_math.a(arm_fir_decimate_f32.o)
                0x0800b500                arm_fir_decimate_f32
 .text.arm_cmplx_mult_cmplx_f32
                0x0800b874      0x194 C:/Users/Anirudh/STM32Cube/Repository/CMSIS-PACK\ARM\CMSIS\5.7.0\CMSIS\DSP\Lib\GCC\libarm_cortexM7lfsp_math.a(arm_cmplx_mult_cmplx_f32.o)
                0x0800b874                arm_cmplx_mult_cmplx_f32
 .text.arm_cmplx_mag_squared_f32
                0x0800ba08       0xe0 C:/Users/Anirudh/STM32Cube/Repository/CMSIS-PACK\ARM\CMSIS\5.7.0\CMSIS\DSP\Lib\GCC\libarm_cortexM7lfsp_math.a(arm_cmplx_mag_squared_f32.o)
                0x0800ba08                arm_cmplx_mag_squared_f32
 .text.arm_sin_f32
                0x0800bae8       0x8c C:/Users/Anirudh/STM32Cube/Repository/CMSIS-PACK\ARM\CMSIS\5.7.0\CMSIS\DSP\Lib\GCC\libarm_cortexM7lfsp_math.a(arm_sin_f32.o)
                0x0800bae8                arm_sin_f32
 .text.arm_cos_f32
                0x0800bb74       0x94 C:/Users/Anirudh/STM32Cube/Repository/CMSIS-PACK\ARM\CMSIS\5.7.0\CMSIS\DSP\Lib\GCC\libarm_cortexM7lfsp_math.a(arm_cos_f32.o)
                0x0800bb74                arm_cos_f32
 .text.arm_radix8_butterfly_f32
                0x0800bc08      0x580 C:/Users/Anirudh/STM32Cube/Repository/CMSIS-PACK\ARM\CMSIS\5.7.0\CMSIS\DSP\Lib\GCC\libarm_cortexM7lfsp_math.a(arm_cfft_radix8_f32.o)
                0x0800bc08                arm_radix8_butterfly_f32
 .text.gcvt     0x0800c188       0x58 c:/program files (x86)/atollic/truestudio for stm32 9.3.0/armtools/bin/../lib/gcc/arm-atollic-eabi/6.3.1/../../../../arm-atollic-eabi/lib/armv7e-m/fpu/fpv5-sp-d16\libc.a(lib_a-efgcvt.o)
                0x0800c188                gcvt
 .text.__libc_init_array
                0x0800c1e0       0x48 c:/program files (x86)/atollic/truestudio for stm32 9.3.0/armtools/bin/../lib/gcc/arm-atollic-eabi/6.3.1/../../../../arm-atollic-eabi/lib/armv7e-m/fpu/fpv5-sp-d16\libc.a(lib_a-init.o)
                0x0800c1e0                __libc_init_array
 .text.__itoa   0x0800c228       0x30 c:/program files (x86)/atollic/truestudio for stm32 9.3.0/armtools/bin/../lib/gcc/arm-atollic-eabi/6.3.1/../../../../arm-atollic-eabi/lib/armv7e-m/fpu/fpv5-sp-d16\libc.a(lib_a-itoa.o)
                0x0800c228                __itoa
 .text.itoa     0x0800c258        0x4 c:/program files (x86)/atollic/truestudio for stm32 9.3.0/armtools/bin/../lib/gcc/arm-atollic-eabi/6.3.1/../../../../arm-atollic-eabi/lib/armv7e-m/fpu/fpv5-sp-d16\libc.a(lib_a-itoa.o)
                0x0800c258                itoa
 .text.memset   0x0800c25c       0x10 c:/program files (x86)/atollic/truestudio for stm32 9.3.0/armtools/bin/../lib/gcc/arm-atollic-eabi/6.3.1/../../../../arm-atollic-eabi/lib/armv7e-m/fpu/fpv5-sp-d16\libc.a(lib_a-memset.o)
                0x0800c25c                memset
 .text.strcat   0x0800c26c       0x1e c:/program files (x86)/atollic/truestudio for stm32 9.3.0/armtools/bin/../lib/gcc/arm-atollic-eabi/6.3.1/../../../../arm-atollic-eabi/lib/armv7e-m/fpu/fpv5-sp-d16\libc.a(lib_a-strcat.o)
                0x0800c26c                strcat
 .text.strcpy   0x0800c28a       0x10 c:/program files (x86)/atollic/truestudio for stm32 9.3.0/armtools/bin/../lib/gcc/arm-atollic-eabi/6.3.1/../../../../arm-atollic-eabi/lib/armv7e-m/fpu/fpv5-sp-d16\libc.a(lib_a-strcpy.o)
                0x0800c28a                strcpy
 *fill*         0x0800c29a        0x2 
 .text.__utoa   0x0800c29c       0x80 c:/program files (x86)/atollic/truestudio for stm32 9.3.0/armtools/bin/../lib/gcc/arm-atollic-eabi/6.3.1/../../../../arm-atollic-eabi/lib/armv7e-m/fpu/fpv5-sp-d16\libc.a(lib_a-utoa.o)
                0x0800c29c                __utoa
 .text.print_e  0x0800c31c       0xe8 c:/program files (x86)/atollic/truestudio for stm32 9.3.0/armtools/bin/../lib/gcc/arm-atollic-eabi/6.3.1/../../../../arm-atollic-eabi/lib/armv7e-m/fpu/fpv5-sp-d16\libc.a(lib_a-ecvtbuf.o)
 *fill*         0x0800c404        0x4 
 .text._gcvt    0x0800c408      0x18c c:/program files (x86)/atollic/truestudio for stm32 9.3.0/armtools/bin/../lib/gcc/arm-atollic-eabi/6.3.1/../../../../arm-atollic-eabi/lib/armv7e-m/fpu/fpv5-sp-d16\libc.a(lib_a-ecvtbuf.o)
                0x0800c408                _gcvt
 .text._Balloc  0x0800c594       0x68 c:/program files (x86)/atollic/truestudio for stm32 9.3.0/armtools/bin/../lib/gcc/arm-atollic-eabi/6.3.1/../../../../arm-atollic-eabi/lib/armv7e-m/fpu/fpv5-sp-d16\libc.a(lib_a-mprec.o)
                0x0800c594                _Balloc
 .text._Bfree   0x0800c5fc       0x2e c:/program files (x86)/atollic/truestudio for stm32 9.3.0/armtools/bin/../lib/gcc/arm-atollic-eabi/6.3.1/../../../../arm-atollic-eabi/lib/armv7e-m/fpu/fpv5-sp-d16\libc.a(lib_a-mprec.o)
                0x0800c5fc                _Bfree
 .text.__multadd
                0x0800c62a       0x76 c:/program files (x86)/atollic/truestudio for stm32 9.3.0/armtools/bin/../lib/gcc/arm-atollic-eabi/6.3.1/../../../../arm-atollic-eabi/lib/armv7e-m/fpu/fpv5-sp-d16\libc.a(lib_a-mprec.o)
                0x0800c62a                __multadd
 .text.__hi0bits
                0x0800c6a0       0x3e c:/program files (x86)/atollic/truestudio for stm32 9.3.0/armtools/bin/../lib/gcc/arm-atollic-eabi/6.3.1/../../../../arm-atollic-eabi/lib/armv7e-m/fpu/fpv5-sp-d16\libc.a(lib_a-mprec.o)
                0x0800c6a0                __hi0bits
 .text.__lo0bits
                0x0800c6de       0x5e c:/program files (x86)/atollic/truestudio for stm32 9.3.0/armtools/bin/../lib/gcc/arm-atollic-eabi/6.3.1/../../../../arm-atollic-eabi/lib/armv7e-m/fpu/fpv5-sp-d16\libc.a(lib_a-mprec.o)
                0x0800c6de                __lo0bits
 .text.__i2b    0x0800c73c       0x12 c:/program files (x86)/atollic/truestudio for stm32 9.3.0/armtools/bin/../lib/gcc/arm-atollic-eabi/6.3.1/../../../../arm-atollic-eabi/lib/armv7e-m/fpu/fpv5-sp-d16\libc.a(lib_a-mprec.o)
                0x0800c73c                __i2b
 .text.__multiply
                0x0800c74e      0x11a c:/program files (x86)/atollic/truestudio for stm32 9.3.0/armtools/bin/../lib/gcc/arm-atollic-eabi/6.3.1/../../../../arm-atollic-eabi/lib/armv7e-m/fpu/fpv5-sp-d16\libc.a(lib_a-mprec.o)
                0x0800c74e                __multiply
 .text.__pow5mult
                0x0800c868       0x9c c:/program files (x86)/atollic/truestudio for stm32 9.3.0/armtools/bin/../lib/gcc/arm-atollic-eabi/6.3.1/../../../../arm-atollic-eabi/lib/armv7e-m/fpu/fpv5-sp-d16\libc.a(lib_a-mprec.o)
                0x0800c868                __pow5mult
 .text.__lshift
                0x0800c904       0xa2 c:/program files (x86)/atollic/truestudio for stm32 9.3.0/armtools/bin/../lib/gcc/arm-atollic-eabi/6.3.1/../../../../arm-atollic-eabi/lib/armv7e-m/fpu/fpv5-sp-d16\libc.a(lib_a-mprec.o)
                0x0800c904                __lshift
 .text.__mcmp   0x0800c9a6       0x34 c:/program files (x86)/atollic/truestudio for stm32 9.3.0/armtools/bin/../lib/gcc/arm-atollic-eabi/6.3.1/../../../../arm-atollic-eabi/lib/armv7e-m/fpu/fpv5-sp-d16\libc.a(lib_a-mprec.o)
                0x0800c9a6                __mcmp
 .text.__mdiff  0x0800c9da       0xbc c:/program files (x86)/atollic/truestudio for stm32 9.3.0/armtools/bin/../lib/gcc/arm-atollic-eabi/6.3.1/../../../../arm-atollic-eabi/lib/armv7e-m/fpu/fpv5-sp-d16\libc.a(lib_a-mprec.o)
                0x0800c9da                __mdiff
 .text.__d2b    0x0800ca96       0x9e c:/program files (x86)/atollic/truestudio for stm32 9.3.0/armtools/bin/../lib/gcc/arm-atollic-eabi/6.3.1/../../../../arm-atollic-eabi/lib/armv7e-m/fpu/fpv5-sp-d16\libc.a(lib_a-mprec.o)
                0x0800ca96                __d2b
 .text._mprec_log10
                0x0800cb34       0x3c c:/program files (x86)/atollic/truestudio for stm32 9.3.0/armtools/bin/../lib/gcc/arm-atollic-eabi/6.3.1/../../../../arm-atollic-eabi/lib/armv7e-m/fpu/fpv5-sp-d16\libc.a(lib_a-mprec.o)
                0x0800cb34                _mprec_log10
 .text._calloc_r
                0x0800cb70       0x5a c:/program files (x86)/atollic/truestudio for stm32 9.3.0/armtools/bin/../lib/gcc/arm-atollic-eabi/6.3.1/../../../../arm-atollic-eabi/lib/armv7e-m/fpu/fpv5-sp-d16\libc.a(lib_a-callocr.o)
                0x0800cb70                _calloc_r
 .text.quorem   0x0800cbca      0x118 c:/program files (x86)/atollic/truestudio for stm32 9.3.0/armtools/bin/../lib/gcc/arm-atollic-eabi/6.3.1/../../../../arm-atollic-eabi/lib/armv7e-m/fpu/fpv5-sp-d16\libc.a(lib_a-dtoa.o)
 *fill*         0x0800cce2        0x6 
 .text._dtoa_r  0x0800cce8      0xb9c c:/program files (x86)/atollic/truestudio for stm32 9.3.0/armtools/bin/../lib/gcc/arm-atollic-eabi/6.3.1/../../../../arm-atollic-eabi/lib/armv7e-m/fpu/fpv5-sp-d16\libc.a(lib_a-dtoa.o)
                0x0800cce8                _dtoa_r
 .text._malloc_trim_r
                0x0800d884       0xac c:/program files (x86)/atollic/truestudio for stm32 9.3.0/armtools/bin/../lib/gcc/arm-atollic-eabi/6.3.1/../../../../arm-atollic-eabi/lib/armv7e-m/fpu/fpv5-sp-d16\libc.a(lib_a-freer.o)
                0x0800d884                _malloc_trim_r
 .text._free_r  0x0800d930      0x178 c:/program files (x86)/atollic/truestudio for stm32 9.3.0/armtools/bin/../lib/gcc/arm-atollic-eabi/6.3.1/../../../../arm-atollic-eabi/lib/armv7e-m/fpu/fpv5-sp-d16\libc.a(lib_a-freer.o)
                0x0800d930                _free_r
 .text.malloc   0x0800daa8       0x10 c:/program files (x86)/atollic/truestudio for stm32 9.3.0/armtools/bin/../lib/gcc/arm-atollic-eabi/6.3.1/../../../../arm-atollic-eabi/lib/armv7e-m/fpu/fpv5-sp-d16\libc.a(lib_a-malloc.o)
                0x0800daa8                malloc
 .text._malloc_r
                0x0800dab8      0x41c c:/program files (x86)/atollic/truestudio for stm32 9.3.0/armtools/bin/../lib/gcc/arm-atollic-eabi/6.3.1/../../../../arm-atollic-eabi/lib/armv7e-m/fpu/fpv5-sp-d16\libc.a(lib_a-mallocr.o)
                0x0800dab8                _malloc_r
 .text.memcpy   0x0800ded4       0x16 c:/program files (x86)/atollic/truestudio for stm32 9.3.0/armtools/bin/../lib/gcc/arm-atollic-eabi/6.3.1/../../../../arm-atollic-eabi/lib/armv7e-m/fpu/fpv5-sp-d16\libc.a(lib_a-memcpy-stub.o)
                0x0800ded4                memcpy
 *fill*         0x0800deea        0x2 
 .text.__malloc_lock
                0x0800deec        0xc c:/program files (x86)/atollic/truestudio for stm32 9.3.0/armtools/bin/../lib/gcc/arm-atollic-eabi/6.3.1/../../../../arm-atollic-eabi/lib/armv7e-m/fpu/fpv5-sp-d16\libc.a(lib_a-mlock.o)
                0x0800deec                __malloc_lock
 .text.__malloc_unlock
                0x0800def8        0xc c:/program files (x86)/atollic/truestudio for stm32 9.3.0/armtools/bin/../lib/gcc/arm-atollic-eabi/6.3.1/../../../../arm-atollic-eabi/lib/armv7e-m/fpu/fpv5-sp-d16\libc.a(lib_a-mlock.o)
                0x0800def8                __malloc_unlock
 .text._sbrk_r  0x0800df04       0x20 c:/program files (x86)/atollic/truestudio for stm32 9.3.0/armtools/bin/../lib/gcc/arm-atollic-eabi/6.3.1/../../../../arm-atollic-eabi/lib/armv7e-m/fpu/fpv5-sp-d16\libc.a(lib_a-sbrkr.o)
                0x0800df04                _sbrk_r
 .text.__retarget_lock_acquire_recursive
                0x0800df24        0x2 c:/program files (x86)/atollic/truestudio for stm32 9.3.0/armtools/bin/../lib/gcc/arm-atollic-eabi/6.3.1/../../../../arm-atollic-eabi/lib/armv7e-m/fpu/fpv5-sp-d16\libc.a(lib_a-lock.o)
                0x0800df24                __retarget_lock_acquire_recursive
 .text.__retarget_lock_release_recursive
                0x0800df26        0x2 c:/program files (x86)/atollic/truestudio for stm32 9.3.0/armtools/bin/../lib/gcc/arm-atollic-eabi/6.3.1/../../../../arm-atollic-eabi/lib/armv7e-m/fpu/fpv5-sp-d16\libc.a(lib_a-lock.o)
                0x0800df26                __retarget_lock_release_recursive
 .text.ceil     0x0800df28      0x108 c:/program files (x86)/atollic/truestudio for stm32 9.3.0/armtools/bin/../lib/gcc/arm-atollic-eabi/6.3.1/../../../../arm-atollic-eabi/lib/armv7e-m/fpu/fpv5-sp-d16\libm.a(lib_a-s_ceil.o)
                0x0800df28                ceil
 .text.floor    0x0800e030      0x108 c:/program files (x86)/atollic/truestudio for stm32 9.3.0/armtools/bin/../lib/gcc/arm-atollic-eabi/6.3.1/../../../../arm-atollic-eabi/lib/armv7e-m/fpu/fpv5-sp-d16\libm.a(lib_a-s_floor.o)
                0x0800e030                floor
 .text.round    0x0800e138       0x8c c:/program files (x86)/atollic/truestudio for stm32 9.3.0/armtools/bin/../lib/gcc/arm-atollic-eabi/6.3.1/../../../../arm-atollic-eabi/lib/armv7e-m/fpu/fpv5-sp-d16\libm.a(lib_a-s_round.o)
                0x0800e138                round
 .text.log10    0x0800e1c4      0x100 c:/program files (x86)/atollic/truestudio for stm32 9.3.0/armtools/bin/../lib/gcc/arm-atollic-eabi/6.3.1/../../../../arm-atollic-eabi/lib/armv7e-m/fpu/fpv5-sp-d16\libm.a(lib_a-w_log10.o)
                0x0800e1c4                log10
 .text.sqrtf    0x0800e2c4       0xa0 c:/program files (x86)/atollic/truestudio for stm32 9.3.0/armtools/bin/../lib/gcc/arm-atollic-eabi/6.3.1/../../../../arm-atollic-eabi/lib/armv7e-m/fpu/fpv5-sp-d16\libm.a(lib_a-wf_sqrt.o)
                0x0800e2c4                sqrtf
 *fill*         0x0800e364        0x4 
 .text.__ieee754_log10
                0x0800e368      0x11c c:/program files (x86)/atollic/truestudio for stm32 9.3.0/armtools/bin/../lib/gcc/arm-atollic-eabi/6.3.1/../../../../arm-atollic-eabi/lib/armv7e-m/fpu/fpv5-sp-d16\libm.a(lib_a-e_log10.o)
                0x0800e368                __ieee754_log10
 .text.__ieee754_sqrtf
                0x0800e484       0x8e c:/program files (x86)/atollic/truestudio for stm32 9.3.0/armtools/bin/../lib/gcc/arm-atollic-eabi/6.3.1/../../../../arm-atollic-eabi/lib/armv7e-m/fpu/fpv5-sp-d16\libm.a(lib_a-ef_sqrt.o)
                0x0800e484                __ieee754_sqrtf
 .text.matherr  0x0800e512        0x4 c:/program files (x86)/atollic/truestudio for stm32 9.3.0/armtools/bin/../lib/gcc/arm-atollic-eabi/6.3.1/../../../../arm-atollic-eabi/lib/armv7e-m/fpu/fpv5-sp-d16\libm.a(lib_a-s_matherr.o)
                0x0800e512                matherr
 *fill*         0x0800e516        0x2 
 .text.nan      0x0800e518       0x10 c:/program files (x86)/atollic/truestudio for stm32 9.3.0/armtools/bin/../lib/gcc/arm-atollic-eabi/6.3.1/../../../../arm-atollic-eabi/lib/armv7e-m/fpu/fpv5-sp-d16\libm.a(lib_a-s_nan.o)
                0x0800e518                nan
 .text.__ieee754_log
                0x0800e528      0x3b0 c:/program files (x86)/atollic/truestudio for stm32 9.3.0/armtools/bin/../lib/gcc/arm-atollic-eabi/6.3.1/../../../../arm-atollic-eabi/lib/armv7e-m/fpu/fpv5-sp-d16\libm.a(lib_a-e_log.o)
                0x0800e528                __ieee754_log
 .text.__errno  0x0800e8d8        0xc c:/program files (x86)/atollic/truestudio for stm32 9.3.0/armtools/bin/../lib/gcc/arm-atollic-eabi/6.3.1/../../../../arm-atollic-eabi/lib/armv7e-m/fpu/fpv5-sp-d16\libc.a(lib_a-errno.o)
                0x0800e8d8                __errno
 .text._sbrk    0x0800e8e4       0x1c c:/program files (x86)/atollic/truestudio for stm32 9.3.0/armtools/bin/../lib/gcc/arm-atollic-eabi/6.3.1/../../../../arm-atollic-eabi/lib/armv7e-m/fpu/fpv5-sp-d16\libnosys.a(sbrk.o)
                0x0800e8e4                _sbrk
 *(.glue_7)
 .glue_7        0x0800e900        0x0 linker stubs
 *(.glue_7t)
 .glue_7t       0x0800e900        0x0 linker stubs
 *(.eh_frame)
 .eh_frame      0x0800e900        0x0 c:/program files (x86)/atollic/truestudio for stm32 9.3.0/armtools/bin/../lib/gcc/arm-atollic-eabi/6.3.1/armv7e-m/fpu/fpv5-sp-d16/crtbegin.o
 *(.init)
 .init          0x0800e900        0x4 c:/program files (x86)/atollic/truestudio for stm32 9.3.0/armtools/bin/../lib/gcc/arm-atollic-eabi/6.3.1/armv7e-m/fpu/fpv5-sp-d16/crti.o
                0x0800e900                _init
 .init          0x0800e904        0x8 c:/program files (x86)/atollic/truestudio for stm32 9.3.0/armtools/bin/../lib/gcc/arm-atollic-eabi/6.3.1/armv7e-m/fpu/fpv5-sp-d16/crtn.o
 *(.fini)
 .fini          0x0800e90c        0x4 c:/program files (x86)/atollic/truestudio for stm32 9.3.0/armtools/bin/../lib/gcc/arm-atollic-eabi/6.3.1/armv7e-m/fpu/fpv5-sp-d16/crti.o
                0x0800e90c                _fini
 .fini          0x0800e910        0x8 c:/program files (x86)/atollic/truestudio for stm32 9.3.0/armtools/bin/../lib/gcc/arm-atollic-eabi/6.3.1/armv7e-m/fpu/fpv5-sp-d16/crtn.o
                0x0800e918                . = ALIGN (0x4)
                0x0800e918                _etext = .

.vfp11_veneer   0x0800e918        0x0
 .vfp11_veneer  0x0800e918        0x0 linker stubs

.v4_bx          0x0800e918        0x0
 .v4_bx         0x0800e918        0x0 linker stubs

.iplt           0x0800e918        0x0
 .iplt          0x0800e918        0x0 c:/program files (x86)/atollic/truestudio for stm32 9.3.0/armtools/bin/../lib/gcc/arm-atollic-eabi/6.3.1/armv7e-m/fpu/fpv5-sp-d16/crtbegin.o

.rodata         0x0800e918    0x27b88
                0x0800e918                . = ALIGN (0x4)
 *(.rodata)
 *(.rodata*)
 .rodata.runstopDispVals
                0x0800e918        0xa Src\globals.o
                0x0800e918                runstopDispVals
 *fill*         0x0800e922        0x2 
 .rodata.runstopVals
                0x0800e924        0x2 Src\globals.o
                0x0800e924                runstopVals
 *fill*         0x0800e926        0x2 
 .rodata.samprateVals
                0x0800e928       0x1c Src\globals.o
                0x0800e928                samprateVals
 .rodata.trigmodeDispVals
                0x0800e944        0xf Src\globals.o
                0x0800e944                trigmodeDispVals
 *fill*         0x0800e953        0x1 
 .rodata.trigmodeVals
                0x0800e954        0x3 Src\globals.o
                0x0800e954                trigmodeVals
 *fill*         0x0800e957        0x1 
 .rodata.trigsrcVals
                0x0800e958        0x2 Src\globals.o
                0x0800e958                trigsrcVals
 *fill*         0x0800e95a        0x2 
 .rodata.trigtypeDispVals
                0x0800e95c        0xc Src\globals.o
                0x0800e95c                trigtypeDispVals
 .rodata.trigtypeVals
                0x0800e968        0x3 Src\globals.o
                0x0800e968                trigtypeVals
 *fill*         0x0800e96b        0x1 
 .rodata.tscaleDispVals
                0x0800e96c       0x31 Src\globals.o
                0x0800e96c                tscaleDispVals
 *fill*         0x0800e99d        0x3 
 .rodata.vscaleDispVals
                0x0800e9a0       0x30 Src\globals.o
                0x0800e9a0                vscaleDispVals
 .rodata.vscaleVals
                0x0800e9d0       0x20 Src\globals.o
                0x0800e9d0                vscaleVals
 .rodata.chrp480
                0x0800e9f0     0x1108 Src\measure.o
 .rodata.chrp545
                0x0800faf8     0x1108 Src\measure.o
 .rodata.fftchrp480
                0x08010c00     0x2000 Src\measure.o
 .rodata.fftchrp545
                0x08012c00     0x2000 Src\measure.o
 .rodata.hann480
                0x08014c00      0x780 Src\measure.o
 .rodata.measParamTexts
                0x08015380       0x28 Src\measure.o
                0x08015380                measParamTexts
 .rodata.firlp10
                0x080153a8      0x1b8 Src\triggers.o
 .rodata.firlp2
                0x08015560      0x198 Src\triggers.o
 .rodata.firlp23
                0x080156f8      0x3f4 Src\triggers.o
 .rodata.firlp4
                0x08015aec      0x1a0 Src\triggers.o
 .rodata.firlp5
                0x08015c8c      0x1a4 Src\triggers.o
 .rodata.firlp6
                0x08015e30      0x198 Src\triggers.o
 .rodata.firlp8
                0x08015fc8      0x1a0 Src\triggers.o
 .rodata.FONT_6X8
                0x08016168       0x14 Src\ugui.o
                0x08016168                FONT_6X8
 .rodata.FONT_7X12
                0x0801617c       0x14 Src\ugui.o
                0x0801617c                FONT_7X12
 .rodata.FONT_8X12
                0x08016190       0x14 Src\ugui.o
                0x08016190                FONT_8X12
 .rodata.UG_ButtonCreate.str1.4
                0x080161a4        0x2 Src\ugui.o
 *fill*         0x080161a6        0x2 
 .rodata.font_6x8
                0x080161a8      0x800 Src\ugui.o
                0x080161a8                font_6x8
 .rodata.font_7x12
                0x080169a8      0xc00 Src\ugui.o
                0x080169a8                font_7x12
 .rodata.font_8x12
                0x080175a8      0xc00 Src\ugui.o
                0x080175a8                font_8x12
 .rodata.pal_button_pressed
                0x080181a8       0x18 Src\ugui.o
                0x080181a8                pal_button_pressed
 .rodata.pal_button_released
                0x080181c0       0x18 Src\ugui.o
                0x080181c0                pal_button_released
 .rodata.pal_window
                0x080181d8       0x18 Src\ugui.o
                0x080181d8                pal_window
 .rodata.DisplayMeasurements.str1.4
                0x080181f0        0x6 Src\ui.o
                                  0xa (size before relaxing)
 *fill*         0x080181f6        0x2 
 .rodata.ch1RefCursorImg
                0x080181f8       0x82 Src\ui.o
 *fill*         0x0801827a        0x2 
 .rodata.ch2RefCursorImg
                0x0801827c       0x82 Src\ui.o
 *fill*         0x080182fe        0x2 
 .rodata.hertzToStr.str1.4
                0x08018300       0x1c Src\ui.o
 .rodata.initUI.str1.4
                0x0801831c       0xdd Src\ui.o
 *fill*         0x080183f9        0x3 
 .rodata.mathRefCursorImg
                0x080183fc       0x82 Src\ui.o
 *fill*         0x0801847e        0x2 
 .rodata.secToStr.str1.4
                0x08018480        0x7 Src\ui.o
 *fill*         0x08018487        0x1 
 .rodata.toffCursorImg
                0x08018488       0x82 Src\ui.o
 *fill*         0x0801850a        0x2 
 .rodata.toffLeftCursorImg
                0x0801850c       0x82 Src\ui.o
 *fill*         0x0801858e        0x2 
 .rodata.toffRightCursorImg
                0x08018590       0x82 Src\ui.o
 *fill*         0x08018612        0x2 
 .rodata.trigCursorImg
                0x08018614       0x82 Src\ui.o
 *fill*         0x08018696        0x2 
 .rodata.voltsToStr.str1.4
                0x08018698        0xc Src\ui.o
                                 0x12 (size before relaxing)
 .rodata.window_10_callback.str1.4
                0x080186a4       0x13 Src\ui.o
 *fill*         0x080186b7        0x1 
 .rodata.window_5_callback.str1.4
                0x080186b8        0x8 Src\ui.o
 .rodata.window_6_callback.str1.4
                0x080186c0        0xe Src\ui.o
 *fill*         0x080186ce        0x2 
 .rodata.window_9_callback.str1.4
                0x080186d0       0x20 Src\ui.o
                                 0x1e (size before relaxing)
 .rodata.arm_cfft_sR_f32_len1024
                0x080186f0       0x10 C:/Users/Anirudh/STM32Cube/Repository/CMSIS-PACK\ARM\CMSIS\5.7.0\CMSIS\DSP\Lib\GCC\libarm_cortexM7lfsp_math.a(arm_const_structs.o)
                0x080186f0                arm_cfft_sR_f32_len1024
 .rodata.arm_cfft_sR_f32_len128
                0x08018700       0x10 C:/Users/Anirudh/STM32Cube/Repository/CMSIS-PACK\ARM\CMSIS\5.7.0\CMSIS\DSP\Lib\GCC\libarm_cortexM7lfsp_math.a(arm_const_structs.o)
                0x08018700                arm_cfft_sR_f32_len128
 .rodata.arm_cfft_sR_f32_len16
                0x08018710       0x10 C:/Users/Anirudh/STM32Cube/Repository/CMSIS-PACK\ARM\CMSIS\5.7.0\CMSIS\DSP\Lib\GCC\libarm_cortexM7lfsp_math.a(arm_const_structs.o)
                0x08018710                arm_cfft_sR_f32_len16
 .rodata.arm_cfft_sR_f32_len2048
                0x08018720       0x10 C:/Users/Anirudh/STM32Cube/Repository/CMSIS-PACK\ARM\CMSIS\5.7.0\CMSIS\DSP\Lib\GCC\libarm_cortexM7lfsp_math.a(arm_const_structs.o)
                0x08018720                arm_cfft_sR_f32_len2048
 .rodata.arm_cfft_sR_f32_len256
                0x08018730       0x10 C:/Users/Anirudh/STM32Cube/Repository/CMSIS-PACK\ARM\CMSIS\5.7.0\CMSIS\DSP\Lib\GCC\libarm_cortexM7lfsp_math.a(arm_const_structs.o)
                0x08018730                arm_cfft_sR_f32_len256
 .rodata.arm_cfft_sR_f32_len32
                0x08018740       0x10 C:/Users/Anirudh/STM32Cube/Repository/CMSIS-PACK\ARM\CMSIS\5.7.0\CMSIS\DSP\Lib\GCC\libarm_cortexM7lfsp_math.a(arm_const_structs.o)
                0x08018740                arm_cfft_sR_f32_len32
 .rodata.arm_cfft_sR_f32_len4096
                0x08018750       0x10 C:/Users/Anirudh/STM32Cube/Repository/CMSIS-PACK\ARM\CMSIS\5.7.0\CMSIS\DSP\Lib\GCC\libarm_cortexM7lfsp_math.a(arm_const_structs.o)
                0x08018750                arm_cfft_sR_f32_len4096
 .rodata.arm_cfft_sR_f32_len512
                0x08018760       0x10 C:/Users/Anirudh/STM32Cube/Repository/CMSIS-PACK\ARM\CMSIS\5.7.0\CMSIS\DSP\Lib\GCC\libarm_cortexM7lfsp_math.a(arm_const_structs.o)
                0x08018760                arm_cfft_sR_f32_len512
 .rodata.arm_cfft_sR_f32_len64
                0x08018770       0x10 C:/Users/Anirudh/STM32Cube/Repository/CMSIS-PACK\ARM\CMSIS\5.7.0\CMSIS\DSP\Lib\GCC\libarm_cortexM7lfsp_math.a(arm_const_structs.o)
                0x08018770                arm_cfft_sR_f32_len64
 .rodata.armBitRevIndexTable1024
                0x08018780      0xe10 C:/Users/Anirudh/STM32Cube/Repository/CMSIS-PACK\ARM\CMSIS\5.7.0\CMSIS\DSP\Lib\GCC\libarm_cortexM7lfsp_math.a(arm_common_tables.o)
                0x08018780                armBitRevIndexTable1024
 .rodata.armBitRevIndexTable128
                0x08019590      0x1a0 C:/Users/Anirudh/STM32Cube/Repository/CMSIS-PACK\ARM\CMSIS\5.7.0\CMSIS\DSP\Lib\GCC\libarm_cortexM7lfsp_math.a(arm_common_tables.o)
                0x08019590                armBitRevIndexTable128
 .rodata.armBitRevIndexTable16
                0x08019730       0x28 C:/Users/Anirudh/STM32Cube/Repository/CMSIS-PACK\ARM\CMSIS\5.7.0\CMSIS\DSP\Lib\GCC\libarm_cortexM7lfsp_math.a(arm_common_tables.o)
                0x08019730                armBitRevIndexTable16
 .rodata.armBitRevIndexTable2048
                0x08019758     0x1dc0 C:/Users/Anirudh/STM32Cube/Repository/CMSIS-PACK\ARM\CMSIS\5.7.0\CMSIS\DSP\Lib\GCC\libarm_cortexM7lfsp_math.a(arm_common_tables.o)
                0x08019758                armBitRevIndexTable2048
 .rodata.armBitRevIndexTable256
                0x0801b518      0x370 C:/Users/Anirudh/STM32Cube/Repository/CMSIS-PACK\ARM\CMSIS\5.7.0\CMSIS\DSP\Lib\GCC\libarm_cortexM7lfsp_math.a(arm_common_tables.o)
                0x0801b518                armBitRevIndexTable256
 .rodata.armBitRevIndexTable32
                0x0801b888       0x60 C:/Users/Anirudh/STM32Cube/Repository/CMSIS-PACK\ARM\CMSIS\5.7.0\CMSIS\DSP\Lib\GCC\libarm_cortexM7lfsp_math.a(arm_common_tables.o)
                0x0801b888                armBitRevIndexTable32
 .rodata.armBitRevIndexTable4096
                0x0801b8e8     0x1f80 C:/Users/Anirudh/STM32Cube/Repository/CMSIS-PACK\ARM\CMSIS\5.7.0\CMSIS\DSP\Lib\GCC\libarm_cortexM7lfsp_math.a(arm_common_tables.o)
                0x0801b8e8                armBitRevIndexTable4096
 .rodata.armBitRevIndexTable512
                0x0801d868      0x380 C:/Users/Anirudh/STM32Cube/Repository/CMSIS-PACK\ARM\CMSIS\5.7.0\CMSIS\DSP\Lib\GCC\libarm_cortexM7lfsp_math.a(arm_common_tables.o)
                0x0801d868                armBitRevIndexTable512
 .rodata.armBitRevIndexTable64
                0x0801dbe8       0x70 C:/Users/Anirudh/STM32Cube/Repository/CMSIS-PACK\ARM\CMSIS\5.7.0\CMSIS\DSP\Lib\GCC\libarm_cortexM7lfsp_math.a(arm_common_tables.o)
                0x0801dbe8                armBitRevIndexTable64
 .rodata.sinTable_f32
                0x0801dc58      0x804 C:/Users/Anirudh/STM32Cube/Repository/CMSIS-PACK\ARM\CMSIS\5.7.0\CMSIS\DSP\Lib\GCC\libarm_cortexM7lfsp_math.a(arm_common_tables.o)
                0x0801dc58                sinTable_f32
 .rodata.twiddleCoef_1024
                0x0801e45c     0x2000 C:/Users/Anirudh/STM32Cube/Repository/CMSIS-PACK\ARM\CMSIS\5.7.0\CMSIS\DSP\Lib\GCC\libarm_cortexM7lfsp_math.a(arm_common_tables.o)
                0x0801e45c                twiddleCoef_1024
 .rodata.twiddleCoef_128
                0x0802045c      0x400 C:/Users/Anirudh/STM32Cube/Repository/CMSIS-PACK\ARM\CMSIS\5.7.0\CMSIS\DSP\Lib\GCC\libarm_cortexM7lfsp_math.a(arm_common_tables.o)
                0x0802045c                twiddleCoef_128
 .rodata.twiddleCoef_16
                0x0802085c       0x80 C:/Users/Anirudh/STM32Cube/Repository/CMSIS-PACK\ARM\CMSIS\5.7.0\CMSIS\DSP\Lib\GCC\libarm_cortexM7lfsp_math.a(arm_common_tables.o)
                0x0802085c                twiddleCoef_16
 .rodata.twiddleCoef_2048
                0x080208dc     0x4000 C:/Users/Anirudh/STM32Cube/Repository/CMSIS-PACK\ARM\CMSIS\5.7.0\CMSIS\DSP\Lib\GCC\libarm_cortexM7lfsp_math.a(arm_common_tables.o)
                0x080208dc                twiddleCoef_2048
 .rodata.twiddleCoef_256
                0x080248dc      0x800 C:/Users/Anirudh/STM32Cube/Repository/CMSIS-PACK\ARM\CMSIS\5.7.0\CMSIS\DSP\Lib\GCC\libarm_cortexM7lfsp_math.a(arm_common_tables.o)
                0x080248dc                twiddleCoef_256
 .rodata.twiddleCoef_32
                0x080250dc      0x100 C:/Users/Anirudh/STM32Cube/Repository/CMSIS-PACK\ARM\CMSIS\5.7.0\CMSIS\DSP\Lib\GCC\libarm_cortexM7lfsp_math.a(arm_common_tables.o)
                0x080250dc                twiddleCoef_32
 .rodata.twiddleCoef_4096
                0x080251dc     0x8000 C:/Users/Anirudh/STM32Cube/Repository/CMSIS-PACK\ARM\CMSIS\5.7.0\CMSIS\DSP\Lib\GCC\libarm_cortexM7lfsp_math.a(arm_common_tables.o)
                0x080251dc                twiddleCoef_4096
 .rodata.twiddleCoef_512
                0x0802d1dc     0x1000 C:/Users/Anirudh/STM32Cube/Repository/CMSIS-PACK\ARM\CMSIS\5.7.0\CMSIS\DSP\Lib\GCC\libarm_cortexM7lfsp_math.a(arm_common_tables.o)
                0x0802d1dc                twiddleCoef_512
 .rodata.twiddleCoef_64
                0x0802e1dc      0x200 C:/Users/Anirudh/STM32Cube/Repository/CMSIS-PACK\ARM\CMSIS\5.7.0\CMSIS\DSP\Lib\GCC\libarm_cortexM7lfsp_math.a(arm_common_tables.o)
                0x0802e1dc                twiddleCoef_64
 .rodata.twiddleCoef_rfft_1024
                0x0802e3dc     0x1000 C:/Users/Anirudh/STM32Cube/Repository/CMSIS-PACK\ARM\CMSIS\5.7.0\CMSIS\DSP\Lib\GCC\libarm_cortexM7lfsp_math.a(arm_common_tables.o)
                0x0802e3dc                twiddleCoef_rfft_1024
 .rodata.twiddleCoef_rfft_128
                0x0802f3dc      0x200 C:/Users/Anirudh/STM32Cube/Repository/CMSIS-PACK\ARM\CMSIS\5.7.0\CMSIS\DSP\Lib\GCC\libarm_cortexM7lfsp_math.a(arm_common_tables.o)
                0x0802f3dc                twiddleCoef_rfft_128
 .rodata.twiddleCoef_rfft_2048
                0x0802f5dc     0x2000 C:/Users/Anirudh/STM32Cube/Repository/CMSIS-PACK\ARM\CMSIS\5.7.0\CMSIS\DSP\Lib\GCC\libarm_cortexM7lfsp_math.a(arm_common_tables.o)
                0x0802f5dc                twiddleCoef_rfft_2048
 .rodata.twiddleCoef_rfft_256
                0x080315dc      0x400 C:/Users/Anirudh/STM32Cube/Repository/CMSIS-PACK\ARM\CMSIS\5.7.0\CMSIS\DSP\Lib\GCC\libarm_cortexM7lfsp_math.a(arm_common_tables.o)
                0x080315dc                twiddleCoef_rfft_256
 .rodata.twiddleCoef_rfft_32
                0x080319dc       0x80 C:/Users/Anirudh/STM32Cube/Repository/CMSIS-PACK\ARM\CMSIS\5.7.0\CMSIS\DSP\Lib\GCC\libarm_cortexM7lfsp_math.a(arm_common_tables.o)
                0x080319dc                twiddleCoef_rfft_32
 .rodata.twiddleCoef_rfft_4096
                0x08031a5c     0x4000 C:/Users/Anirudh/STM32Cube/Repository/CMSIS-PACK\ARM\CMSIS\5.7.0\CMSIS\DSP\Lib\GCC\libarm_cortexM7lfsp_math.a(arm_common_tables.o)
                0x08031a5c                twiddleCoef_rfft_4096
 .rodata.twiddleCoef_rfft_512
                0x08035a5c      0x800 C:/Users/Anirudh/STM32Cube/Repository/CMSIS-PACK\ARM\CMSIS\5.7.0\CMSIS\DSP\Lib\GCC\libarm_cortexM7lfsp_math.a(arm_common_tables.o)
                0x08035a5c                twiddleCoef_rfft_512
 .rodata.twiddleCoef_rfft_64
                0x0803625c      0x100 C:/Users/Anirudh/STM32Cube/Repository/CMSIS-PACK\ARM\CMSIS\5.7.0\CMSIS\DSP\Lib\GCC\libarm_cortexM7lfsp_math.a(arm_common_tables.o)
                0x0803625c                twiddleCoef_rfft_64
 .rodata.__utoa.str1.1
                0x0803635c       0x25 c:/program files (x86)/atollic/truestudio for stm32 9.3.0/armtools/bin/../lib/gcc/arm-atollic-eabi/6.3.1/../../../../arm-atollic-eabi/lib/armv7e-m/fpu/fpv5-sp-d16\libc.a(lib_a-utoa.o)
 *fill*         0x08036381        0x7 
 .rodata.__mprec_bigtens
                0x08036388       0x28 c:/program files (x86)/atollic/truestudio for stm32 9.3.0/armtools/bin/../lib/gcc/arm-atollic-eabi/6.3.1/../../../../arm-atollic-eabi/lib/armv7e-m/fpu/fpv5-sp-d16\libc.a(lib_a-mprec.o)
                0x08036388                __mprec_bigtens
 .rodata.__mprec_tens
                0x080363b0       0xc8 c:/program files (x86)/atollic/truestudio for stm32 9.3.0/armtools/bin/../lib/gcc/arm-atollic-eabi/6.3.1/../../../../arm-atollic-eabi/lib/armv7e-m/fpu/fpv5-sp-d16\libc.a(lib_a-mprec.o)
                0x080363b0                __mprec_tens
 .rodata.p05.7196
                0x08036478        0xc c:/program files (x86)/atollic/truestudio for stm32 9.3.0/armtools/bin/../lib/gcc/arm-atollic-eabi/6.3.1/../../../../arm-atollic-eabi/lib/armv7e-m/fpu/fpv5-sp-d16\libc.a(lib_a-mprec.o)
 .rodata._dtoa_r.str1.1
                0x08036484        0xd c:/program files (x86)/atollic/truestudio for stm32 9.3.0/armtools/bin/../lib/gcc/arm-atollic-eabi/6.3.1/../../../../arm-atollic-eabi/lib/armv7e-m/fpu/fpv5-sp-d16\libc.a(lib_a-dtoa.o)
                                  0xf (size before relaxing)
 .rodata.log10.str1.1
                0x08036491        0x6 c:/program files (x86)/atollic/truestudio for stm32 9.3.0/armtools/bin/../lib/gcc/arm-atollic-eabi/6.3.1/../../../../arm-atollic-eabi/lib/armv7e-m/fpu/fpv5-sp-d16\libm.a(lib_a-w_log10.o)
                                  0x7 (size before relaxing)
 .rodata.sqrtf.str1.1
                0x08036497        0x6 c:/program files (x86)/atollic/truestudio for stm32 9.3.0/armtools/bin/../lib/gcc/arm-atollic-eabi/6.3.1/../../../../arm-atollic-eabi/lib/armv7e-m/fpu/fpv5-sp-d16\libm.a(lib_a-wf_sqrt.o)
                0x080364a0                . = ALIGN (0x4)
 *fill*         0x0803649d        0x3 

.rel.dyn        0x080364a0        0x0
 .rel.iplt      0x080364a0        0x0 c:/program files (x86)/atollic/truestudio for stm32 9.3.0/armtools/bin/../lib/gcc/arm-atollic-eabi/6.3.1/armv7e-m/fpu/fpv5-sp-d16/crtbegin.o

.ARM.extab
 *(.ARM.extab* .gnu.linkonce.armextab.*)

.ARM            0x080364a0        0x0
                0x080364a0                __exidx_start = .
 *(.ARM.exidx*)
                0x080364a0                __exidx_end = .

.preinit_array  0x080364a0        0x0
                0x080364a0                PROVIDE (__preinit_array_start, .)
 *(.preinit_array*)
                0x080364a0                PROVIDE (__preinit_array_end, .)

.init_array     0x080364a0        0x4
                0x080364a0                PROVIDE (__init_array_start, .)
 *(SORT(.init_array.*))
 *(.init_array*)
 .init_array    0x080364a0        0x4 c:/program files (x86)/atollic/truestudio for stm32 9.3.0/armtools/bin/../lib/gcc/arm-atollic-eabi/6.3.1/armv7e-m/fpu/fpv5-sp-d16/crtbegin.o
                0x080364a4                PROVIDE (__init_array_end, .)

.fini_array     0x080364a4        0x4
                [!provide]                PROVIDE (__fini_array_start, .)
 *(SORT(.fini_array.*))
 *(.fini_array*)
 .fini_array    0x080364a4        0x4 c:/program files (x86)/atollic/truestudio for stm32 9.3.0/armtools/bin/../lib/gcc/arm-atollic-eabi/6.3.1/armv7e-m/fpu/fpv5-sp-d16/crtbegin.o
                [!provide]                PROVIDE (__fini_array_end, .)
                0x080364a8                _sidata = LOADADDR (.data)

.data           0x20000000      0x544 load address 0x080364a8
                0x20000000                . = ALIGN (0x4)
                0x20000000                _sdata = .
 *(.data)
 *(.data*)
 .data.mathVoff
                0x20000000        0x2 Src\globals.o
                0x20000000                mathVoff
 .data.mathVscale
                0x20000002        0x1 Src\globals.o
                0x20000002                mathVscale
 *fill*         0x20000003        0x1 
 .data.toff     0x20000004        0x2 Src\globals.o
                0x20000004                toff
 *fill*         0x20000006        0x2 
 .data.toffStm  0x20000008        0x4 Src\globals.o
                0x20000008                toffStm
 .data.triglvl  0x2000000c        0x1 Src\globals.o
                0x2000000c                triglvl
 .data.tscale   0x2000000d        0x1 Src\globals.o
                0x2000000d                tscale
 .data.vscale1  0x2000000e        0x1 Src\globals.o
                0x2000000e                vscale1
 .data.vscale2  0x2000000f        0x1 Src\globals.o
                0x2000000f                vscale2
 .data.SystemCoreClock
                0x20000010        0x4 Src\system_stm32f7xx.o
                0x20000010                SystemCoreClock
 .data.bufw1tb3
                0x20000014        0x8 Src\ui.o
 .data.ch1offCurPosPrev.16231
                0x2000001c        0x4 Src\ui.o
 .data.ch2offCurPosPrev.16232
                0x20000020        0x4 Src\ui.o
 .data.currWind.16188
                0x20000024        0x1 Src\ui.o
 *fill*         0x20000025        0x1 
 .data.cursorApos
                0x20000026        0x2 Src\ui.o
 .data.cursorBpos
                0x20000028        0x2 Src\ui.o
 *fill*         0x2000002a        0x2 
 .data.toffCurPosPrev.16233
                0x2000002c        0x4 Src\ui.o
 .data.trigCurPosPrev.16230
                0x20000030        0x4 Src\ui.o
 .data.voffCurPosPrev.16389
                0x20000034        0x4 Src\ui.o
 .data.wind8PosPrev.16234
                0x20000038        0x4 Src\ui.o
 .data._impure_ptr
                0x2000003c        0x4 c:/program files (x86)/atollic/truestudio for stm32 9.3.0/armtools/bin/../lib/gcc/arm-atollic-eabi/6.3.1/../../../../arm-atollic-eabi/lib/armv7e-m/fpu/fpv5-sp-d16\libc.a(lib_a-impure.o)
                0x2000003c                _impure_ptr
 .data.impure_data
                0x20000040       0xf0 c:/program files (x86)/atollic/truestudio for stm32 9.3.0/armtools/bin/../lib/gcc/arm-atollic-eabi/6.3.1/../../../../arm-atollic-eabi/lib/armv7e-m/fpu/fpv5-sp-d16\libc.a(lib_a-impure.o)
 .data.__malloc_av_
                0x20000130      0x408 c:/program files (x86)/atollic/truestudio for stm32 9.3.0/armtools/bin/../lib/gcc/arm-atollic-eabi/6.3.1/../../../../arm-atollic-eabi/lib/armv7e-m/fpu/fpv5-sp-d16\libc.a(lib_a-mallocr.o)
                0x20000130                __malloc_av_
 .data.__malloc_sbrk_base
                0x20000538        0x4 c:/program files (x86)/atollic/truestudio for stm32 9.3.0/armtools/bin/../lib/gcc/arm-atollic-eabi/6.3.1/../../../../arm-atollic-eabi/lib/armv7e-m/fpu/fpv5-sp-d16\libc.a(lib_a-mallocr.o)
                0x20000538                __malloc_sbrk_base
 .data.__malloc_trim_threshold
                0x2000053c        0x4 c:/program files (x86)/atollic/truestudio for stm32 9.3.0/armtools/bin/../lib/gcc/arm-atollic-eabi/6.3.1/../../../../arm-atollic-eabi/lib/armv7e-m/fpu/fpv5-sp-d16\libc.a(lib_a-mallocr.o)
                0x2000053c                __malloc_trim_threshold
 .data.__fdlib_version
                0x20000540        0x1 c:/program files (x86)/atollic/truestudio for stm32 9.3.0/armtools/bin/../lib/gcc/arm-atollic-eabi/6.3.1/../../../../arm-atollic-eabi/lib/armv7e-m/fpu/fpv5-sp-d16\libm.a(lib_a-s_lib_ver.o)
                0x20000540                __fdlib_version
                0x20000544                . = ALIGN (0x4)
 *fill*         0x20000541        0x3 
                0x20000544                _edata = .

.igot.plt       0x20000544        0x0 load address 0x080369ec
 .igot.plt      0x20000544        0x0 c:/program files (x86)/atollic/truestudio for stm32 9.3.0/armtools/bin/../lib/gcc/arm-atollic-eabi/6.3.1/armv7e-m/fpu/fpv5-sp-d16/crtbegin.o
                0x20000544                . = ALIGN (0x4)

.bss            0x20000544     0x40cc load address 0x080369ec
                0x20000544                _sbss = .
                0x20000544                __bss_start__ = _sbss
 *(.bss)
 .bss           0x20000544       0x1c c:/program files (x86)/atollic/truestudio for stm32 9.3.0/armtools/bin/../lib/gcc/arm-atollic-eabi/6.3.1/armv7e-m/fpu/fpv5-sp-d16/crtbegin.o
 *(.bss*)
 .bss.CH1_acq_comp
                0x20000560        0x1 Src\globals.o
                0x20000560                CH1_acq_comp
 .bss.CH2_acq_comp
                0x20000561        0x1 Src\globals.o
                0x20000561                CH2_acq_comp
 .bss.DMA2D_error_flag
                0x20000562        0x1 Src\globals.o
                0x20000562                DMA2D_error_flag
 .bss.LTDC_error_flag
                0x20000563        0x1 Src\globals.o
                0x20000563                LTDC_error_flag
 .bss.QE_PB_interrupt
                0x20000564        0x1 Src\globals.o
                0x20000564                QE_PB_interrupt
 *fill*         0x20000565        0x3 
 .bss.Tick_1ms  0x20000568        0x4 Src\globals.o
                0x20000568                Tick_1ms
 .bss.chDispMode
                0x2000056c        0x1 Src\globals.o
                0x2000056c                chDispMode
 .bss.fftSrcChannel
                0x2000056d        0x1 Src\globals.o
                0x2000056d                fftSrcChannel
 .bss.mathOp    0x2000056e        0x1 Src\globals.o
                0x2000056e                mathOp
 .bss.measPending
                0x2000056f        0x1 Src\globals.o
                0x2000056f                measPending
 .bss.runstop   0x20000570        0x1 Src\globals.o
                0x20000570                runstop
 .bss.staticMode
                0x20000571        0x1 Src\globals.o
                0x20000571                staticMode
 .bss.toffChanged
                0x20000572        0x1 Src\globals.o
                0x20000572                toffChanged
 .bss.trigmode  0x20000573        0x1 Src\globals.o
                0x20000573                trigmode
 .bss.trigsrc   0x20000574        0x1 Src\globals.o
                0x20000574                trigsrc
 .bss.trigtype  0x20000575        0x1 Src\globals.o
                0x20000575                trigtype
 .bss.voff1     0x20000576        0x2 Src\globals.o
                0x20000576                voff1
 .bss.voff1Changed
                0x20000578        0x1 Src\globals.o
                0x20000578                voff1Changed
 *fill*         0x20000579        0x1 
 .bss.voff2     0x2000057a        0x2 Src\globals.o
                0x2000057a                voff2
 .bss.voff2Changed
                0x2000057c        0x1 Src\globals.o
                0x2000057c                voff2Changed
 .bss.vscale1Changed
                0x2000057d        0x1 Src\globals.o
                0x2000057d                vscale1Changed
 .bss.vscale2Changed
                0x2000057e        0x1 Src\globals.o
                0x2000057e                vscale2Changed
 *fill*         0x2000057f        0x1 
 .bss.S_cfft_1024
                0x20000580       0x10 Src\measure.o
 .bss.S_rfft_512
                0x20000590       0x18 Src\measure.o
 .bss.prev_time.15988
                0x200005a8        0x4 Src\stm32f7xx_it.o
 .bss.TS_read_pending
                0x200005ac        0x1 Src\touch.o
                0x200005ac                TS_read_pending
 *fill*         0x200005ad        0x3 
 .bss.gui       0x200005b0        0x4 Src\ugui.o
 .bss.msg.8135  0x200005b4        0x8 Src\ugui.o
 .bss.buf1.16196
                0x200005bc        0xb Src\ui.o
 *fill*         0x200005c7        0x1 
 .bss.buf2.16197
                0x200005c8        0xb Src\ui.o
 *fill*         0x200005d3        0x1 
 .bss.buf3.16198
                0x200005d4        0xb Src\ui.o
 *fill*         0x200005df        0x1 
 .bss.buf4.16199
                0x200005e0        0xb Src\ui.o
 *fill*         0x200005eb        0x1 
 .bss.bufw10btn1
                0x200005ec        0x8 Src\ui.o
 .bss.bufw10btn2
                0x200005f4        0x8 Src\ui.o
 .bss.bufw10tb4
                0x200005fc        0x8 Src\ui.o
 .bss.bufw1tb4  0x20000604        0x6 Src\ui.o
 *fill*         0x2000060a        0x2 
 .bss.bufw2tb0  0x2000060c        0x6 Src\ui.o
 *fill*         0x20000612        0x2 
 .bss.bufw2tb1  0x20000614        0x6 Src\ui.o
 *fill*         0x2000061a        0x2 
 .bss.bufw2tb2  0x2000061c        0x8 Src\ui.o
 .bss.bufw8tb0  0x20000624        0x9 Src\ui.o
 *fill*         0x2000062d        0x3 
 .bss.bufw9btn2
                0x20000630        0x6 Src\ui.o
 .bss.currField
                0x20000636        0x1 Src\ui.o
 .bss.cursorField
                0x20000637        0x1 Src\ui.o
 .bss.cursorMode
                0x20000638        0x1 Src\ui.o
 .bss.mathField
                0x20000639        0x1 Src\ui.o
 .bss.menu_button_state.16107
                0x2000063a        0x1 Src\ui.o
 .bss.showWindow10
                0x2000063b        0x1 Src\ui.o
 .bss.showWindow3
                0x2000063c        0x1 Src\ui.o
 .bss.showWindow4
                0x2000063d        0x1 Src\ui.o
 .bss.showWindow5
                0x2000063e        0x1 Src\ui.o
 .bss.showWindow6
                0x2000063f        0x1 Src\ui.o
 .bss.showWindow7
                0x20000640        0x1 Src\ui.o
 .bss.showWindow8
                0x20000641        0x1 Src\ui.o
 .bss.showWindow9
                0x20000642        0x1 Src\ui.o
 .bss.wind5OpenedBy
                0x20000643        0x1 Src\ui.o
 .bss.__malloc_current_mallinfo
                0x20000644       0x28 c:/program files (x86)/atollic/truestudio for stm32 9.3.0/armtools/bin/../lib/gcc/arm-atollic-eabi/6.3.1/../../../../arm-atollic-eabi/lib/armv7e-m/fpu/fpv5-sp-d16\libc.a(lib_a-mallocr.o)
                0x20000644                __malloc_current_mallinfo
 .bss.__malloc_max_sbrked_mem
                0x2000066c        0x4 c:/program files (x86)/atollic/truestudio for stm32 9.3.0/armtools/bin/../lib/gcc/arm-atollic-eabi/6.3.1/../../../../arm-atollic-eabi/lib/armv7e-m/fpu/fpv5-sp-d16\libc.a(lib_a-mallocr.o)
                0x2000066c                __malloc_max_sbrked_mem
 .bss.__malloc_max_total_mem
                0x20000670        0x4 c:/program files (x86)/atollic/truestudio for stm32 9.3.0/armtools/bin/../lib/gcc/arm-atollic-eabi/6.3.1/../../../../arm-atollic-eabi/lib/armv7e-m/fpu/fpv5-sp-d16\libc.a(lib_a-mallocr.o)
                0x20000670                __malloc_max_total_mem
 .bss.__malloc_top_pad
                0x20000674        0x4 c:/program files (x86)/atollic/truestudio for stm32 9.3.0/armtools/bin/../lib/gcc/arm-atollic-eabi/6.3.1/../../../../arm-atollic-eabi/lib/armv7e-m/fpu/fpv5-sp-d16\libc.a(lib_a-mallocr.o)
                0x20000674                __malloc_top_pad
 .bss.heap_end.5239
                0x20000678        0x4 c:/program files (x86)/atollic/truestudio for stm32 9.3.0/armtools/bin/../lib/gcc/arm-atollic-eabi/6.3.1/../../../../arm-atollic-eabi/lib/armv7e-m/fpu/fpv5-sp-d16\libnosys.a(sbrk.o)
 *(COMMON)
 COMMON         0x2000067c      0xb28 Src\globals.o
                0x2000067c                CH1_ADC_vals
                0x20000c10                CH2_ADC_vals
 COMMON         0x200011a4      0x1ee Src\measure.o
                0x200011a4                measure1
                0x200011a8                chSpectrum
                0x20001388                measure3
                0x2000138c                measure2
                0x20001390                measure4
 COMMON         0x20001392        0x4 Src\touch.o
                0x20001392                TS_X
                0x20001394                TS_Y
 *fill*         0x20001396        0x2 
 COMMON         0x20001398     0x2580 Src\triggers.o
                0x20001398                CH2_ResampledVals
                0x20002658                CH1_ResampledVals
 COMMON         0x20003918      0xce8 Src\ui.o
                0x20003918                txtb2_4
                0x2000392c                obj_buff_wnd_2
                0x20003a0c                button4_1
                0x20003a24                button10_0
                0x20003a3c                txtb10_3
                0x20003a50                obj_buff_wnd_6
                0x20003a90                button9_0
                0x20003aa8                button3_1
                0x20003ac0                window_5
                0x20003af4                window_6
                0x20003b28                txtb5_0
                0x20003b3c                button5_1
                0x20003b54                button3_2
                0x20003b6c                txtb9_0
                0x20003b80                txtb1_2
                0x20003b94                button10_2
                0x20003bac                button9_1
                0x20003bc4                button4_4
                0x20003bdc                txtb2_5
                0x20003bf0                txtb2_0
                0x20003c04                obj_buff_wnd_1
                0x20003d04                txtb6_0
                0x20003d18                txtb10_0
                0x20003d2c                button4_0
                0x20003d44                button6_0
                0x20003d5c                button3_3
                0x20003d74                txtb4_0
                0x20003d88                window_8
                0x20003dbc                txtb2_3
                0x20003dd0                obj_buff_wnd_10
                0x20003ed0                obj_buff_wnd_3
                0x20003f90                obj_buff_wnd_9
                0x20004050                button7_0
                0x20004068                window_2
                0x2000409c                window_1
                0x200040d0                txtb3_0
                0x200040e4                txtb2_2
                0x200040f8                txtb10_2
                0x2000410c                obj_buff_wnd_7
                0x2000414c                txtb1_0
                0x20004160                button5_0
                0x20004178                gui
                0x200041dc                txtb1_5
                0x200041f0                window_7
                0x20004224                txtb7_0
                0x20004238                button1_0
                0x20004250                txtb1_6
                0x20004264                button4_2
                0x2000427c                obj_buff_wnd_5
                0x200042fc                button3_4
                0x20004314                button3_0
                0x2000432c                txtb1_4
                0x20004340                window_9
                0x20004374                txtb9_1
                0x20004388                txtb2_6
                0x2000439c                txtb2_1
                0x200043b0                txtb1_3
                0x200043c4                window_3
                0x200043f8                button10_1
                0x20004410                txtb10_1
                0x20004424                txtb10_4
                0x20004438                obj_buff_wnd_8
                0x20004458                button9_2
                0x20004470                window_10
                0x200044a4                window_4
                0x200044d8                button4_3
                0x200044f0                txtb1_1
                0x20004504                txtb5_1
                0x20004518                txtb9_2
                0x2000452c                obj_buff_wnd_4
                0x200045ec                txtb8_0
 COMMON         0x20004600        0x9 c:/program files (x86)/atollic/truestudio for stm32 9.3.0/armtools/bin/../lib/gcc/arm-atollic-eabi/6.3.1/../../../../arm-atollic-eabi/lib/armv7e-m/fpu/fpv5-sp-d16\libc.a(lib_a-lock.o)
                0x20004600                __lock___atexit_recursive_mutex
                0x20004601                __lock___arc4random_mutex
                0x20004602                __lock___env_recursive_mutex
                0x20004603                __lock___sinit_recursive_mutex
                0x20004604                __lock___malloc_recursive_mutex
                0x20004605                __lock___at_quick_exit_mutex
                0x20004606                __lock___dd_hash_mutex
                0x20004607                __lock___tz_mutex
                0x20004608                __lock___sfp_recursive_mutex
 *fill*         0x20004609        0x3 
 COMMON         0x2000460c        0x4 c:/program files (x86)/atollic/truestudio for stm32 9.3.0/armtools/bin/../lib/gcc/arm-atollic-eabi/6.3.1/../../../../arm-atollic-eabi/lib/armv7e-m/fpu/fpv5-sp-d16\libc.a(lib_a-reent.o)
                0x2000460c                errno
                0x20004610                . = ALIGN (0x4)
                0x20004610                _ebss = .
                0x20004610                __bss_end__ = _ebss

._user_heap_stack
                0x20004610      0x600 load address 0x080369ec
                0x20004610                . = ALIGN (0x8)
                0x20004610                PROVIDE (end, .)
                [!provide]                PROVIDE (_end, .)
                0x20004810                . = (. + _Min_Heap_Size)
 *fill*         0x20004610      0x200 
                0x20004c10                . = (. + _Min_Stack_Size)
 *fill*         0x20004810      0x400 
                0x20004c10                . = ALIGN (0x8)

/DISCARD/
 libc.a(*)
 libm.a(*)
 libgcc.a(*)

.ARM.attributes
                0x00000000       0x30
 *(.ARM.attributes)
 .ARM.attributes
                0x00000000       0x22 c:/program files (x86)/atollic/truestudio for stm32 9.3.0/armtools/bin/../lib/gcc/arm-atollic-eabi/6.3.1/armv7e-m/fpu/fpv5-sp-d16/crti.o
 .ARM.attributes
                0x00000022       0x34 c:/program files (x86)/atollic/truestudio for stm32 9.3.0/armtools/bin/../lib/gcc/arm-atollic-eabi/6.3.1/armv7e-m/fpu/fpv5-sp-d16/crtbegin.o
 .ARM.attributes
                0x00000056       0x39 Drivers\STM32F7xx_LL_Driver\stm32f7xx_ll_utils.o
 .ARM.attributes
                0x0000008f       0x39 Src\display.o
 .ARM.attributes
                0x000000c8       0x39 Src\globals.o
 .ARM.attributes
                0x00000101       0x39 Src\i2c.o
 .ARM.attributes
                0x0000013a       0x39 Src\inits.o
 .ARM.attributes
                0x00000173       0x39 Src\main.o
 .ARM.attributes
                0x000001ac       0x39 Src\measure.o
 .ARM.attributes
                0x000001e5       0x21 Src\startup_stm32f746xx.o
 .ARM.attributes
                0x00000206       0x39 Src\stm32f7xx_it.o
 .ARM.attributes
                0x0000023f       0x39 Src\system_stm32f7xx.o
 .ARM.attributes
                0x00000278       0x39 Src\touch.o
 .ARM.attributes
                0x000002b1       0x39 Src\triggers.o
 .ARM.attributes
                0x000002ea       0x39 Src\ugui.o
 .ARM.attributes
                0x00000323       0x39 Src\ui.o
 .ARM.attributes
                0x0000035c       0x34 C:/Users/Anirudh/STM32Cube/Repository/CMSIS-PACK\ARM\CMSIS\5.7.0\CMSIS\DSP\Lib\GCC\libarm_cortexM7lfsp_math.a(arm_max_f32.o)
 .ARM.attributes
                0x00000390       0x34 C:/Users/Anirudh/STM32Cube/Repository/CMSIS-PACK\ARM\CMSIS\5.7.0\CMSIS\DSP\Lib\GCC\libarm_cortexM7lfsp_math.a(arm_cfft_init_f32.o)
 .ARM.attributes
                0x000003c4       0x34 C:/Users/Anirudh/STM32Cube/Repository/CMSIS-PACK\ARM\CMSIS\5.7.0\CMSIS\DSP\Lib\GCC\libarm_cortexM7lfsp_math.a(arm_rfft_fast_init_f32.o)
 .ARM.attributes
                0x000003f8       0x34 C:/Users/Anirudh/STM32Cube/Repository/CMSIS-PACK\ARM\CMSIS\5.7.0\CMSIS\DSP\Lib\GCC\libarm_cortexM7lfsp_math.a(arm_rfft_fast_f32.o)
 .ARM.attributes
                0x0000042c       0x34 C:/Users/Anirudh/STM32Cube/Repository/CMSIS-PACK\ARM\CMSIS\5.7.0\CMSIS\DSP\Lib\GCC\libarm_cortexM7lfsp_math.a(arm_cfft_f32.o)
 .ARM.attributes
                0x00000460       0x34 C:/Users/Anirudh/STM32Cube/Repository/CMSIS-PACK\ARM\CMSIS\5.7.0\CMSIS\DSP\Lib\GCC\libarm_cortexM7lfsp_math.a(arm_bitreversal2.o)
 .ARM.attributes
                0x00000494       0x34 C:/Users/Anirudh/STM32Cube/Repository/CMSIS-PACK\ARM\CMSIS\5.7.0\CMSIS\DSP\Lib\GCC\libarm_cortexM7lfsp_math.a(arm_fir_interpolate_init_f32.o)
 .ARM.attributes
                0x000004c8       0x34 C:/Users/Anirudh/STM32Cube/Repository/CMSIS-PACK\ARM\CMSIS\5.7.0\CMSIS\DSP\Lib\GCC\libarm_cortexM7lfsp_math.a(arm_fir_interpolate_f32.o)
 .ARM.attributes
                0x000004fc       0x34 C:/Users/Anirudh/STM32Cube/Repository/CMSIS-PACK\ARM\CMSIS\5.7.0\CMSIS\DSP\Lib\GCC\libarm_cortexM7lfsp_math.a(arm_fir_decimate_init_f32.o)
 .ARM.attributes
                0x00000530       0x34 C:/Users/Anirudh/STM32Cube/Repository/CMSIS-PACK\ARM\CMSIS\5.7.0\CMSIS\DSP\Lib\GCC\libarm_cortexM7lfsp_math.a(arm_fir_decimate_f32.o)
 .ARM.attributes
                0x00000564       0x34 C:/Users/Anirudh/STM32Cube/Repository/CMSIS-PACK\ARM\CMSIS\5.7.0\CMSIS\DSP\Lib\GCC\libarm_cortexM7lfsp_math.a(arm_cmplx_mult_cmplx_f32.o)
 .ARM.attributes
                0x00000598       0x34 C:/Users/Anirudh/STM32Cube/Repository/CMSIS-PACK\ARM\CMSIS\5.7.0\CMSIS\DSP\Lib\GCC\libarm_cortexM7lfsp_math.a(arm_cmplx_mag_squared_f32.o)
 .ARM.attributes
                0x000005cc       0x34 C:/Users/Anirudh/STM32Cube/Repository/CMSIS-PACK\ARM\CMSIS\5.7.0\CMSIS\DSP\Lib\GCC\libarm_cortexM7lfsp_math.a(arm_sin_f32.o)
 .ARM.attributes
                0x00000600       0x34 C:/Users/Anirudh/STM32Cube/Repository/CMSIS-PACK\ARM\CMSIS\5.7.0\CMSIS\DSP\Lib\GCC\libarm_cortexM7lfsp_math.a(arm_cos_f32.o)
 .ARM.attributes
                0x00000634       0x39 C:/Users/Anirudh/STM32Cube/Repository/CMSIS-PACK\ARM\CMSIS\5.7.0\CMSIS\DSP\Lib\GCC\libarm_cortexM7lfsp_math.a(arm_const_structs.o)
 .ARM.attributes
                0x0000066d       0x39 C:/Users/Anirudh/STM32Cube/Repository/CMSIS-PACK\ARM\CMSIS\5.7.0\CMSIS\DSP\Lib\GCC\libarm_cortexM7lfsp_math.a(arm_common_tables.o)
 .ARM.attributes
                0x000006a6       0x34 C:/Users/Anirudh/STM32Cube/Repository/CMSIS-PACK\ARM\CMSIS\5.7.0\CMSIS\DSP\Lib\GCC\libarm_cortexM7lfsp_math.a(arm_cfft_radix8_f32.o)
 .ARM.attributes
                0x000006da       0x34 c:/program files (x86)/atollic/truestudio for stm32 9.3.0/armtools/bin/../lib/gcc/arm-atollic-eabi/6.3.1/../../../../arm-atollic-eabi/lib/armv7e-m/fpu/fpv5-sp-d16\libc.a(lib_a-efgcvt.o)
 .ARM.attributes
                0x0000070e       0x34 c:/program files (x86)/atollic/truestudio for stm32 9.3.0/armtools/bin/../lib/gcc/arm-atollic-eabi/6.3.1/../../../../arm-atollic-eabi/lib/armv7e-m/fpu/fpv5-sp-d16\libc.a(lib_a-impure.o)
 .ARM.attributes
                0x00000742       0x34 c:/program files (x86)/atollic/truestudio for stm32 9.3.0/armtools/bin/../lib/gcc/arm-atollic-eabi/6.3.1/../../../../arm-atollic-eabi/lib/armv7e-m/fpu/fpv5-sp-d16\libc.a(lib_a-init.o)
 .ARM.attributes