ff.c:3238:13:check_fs.part.7	16	static
ff.c:1047:16:move_window	16	static
ff.c:1078:16:sync_fs	24	static
ff.c:3332:16:mount_volume	40	static
ff.c:1209:16:put_fat.part.8	40	static
ff.c:1399:16:remove_chain	40	static
ff.c:1131:14:get_fat.isra.9	32	static
ff.c:1494:14:create_chain	48	static
ff.c:1666:16:dir_sdi.constprop	48	static
ff.c:2434:16:dir_register	72	static
ff.c:3003:16:follow_path	56	static
ff.c:3605:9:f_mount	16	static
ff.c:3653:9:f_open	88	static
ff.c:3850:9:f_read	48	static
ff.c:3950:9:f_write	48	static
ff.c:4071:9:f_sync	24	static
ff.c:4152:9:f_close	24	static
ff.c:4367:9:f_lseek	56	static
ff.c:4531:9:f_opendir	48	static
ff.c:4597:9:f_closedir	8	static
ff.c:4627:9:f_readdir	40	static
ff.c:4715:9:f_stat	96	static
ff.c:4750:9:f_getfree	56	static
ff.c:4842:9:f_truncate	16	static
ff.c:4892:9:f_unlink	136	static
ff.c:4986:9:f_mkdir	112	static
ff.c:5070:9:f_rename	160	static
ff.c:5802:9:f_mkfs	128	static
