inits.c:33:6:TimQE_init	16	static
inits.c:17:6:Timers_init	40	static
inits.c:69:6:TimADC_init	16	static
inits.c:98:6:TimTS_init	24	static
inits.c:117:6:TimMeas_init	24	static
inits.c:150:6:ADC_Ch1_init	40	static
inits.c:193:6:ADC_Ch1_reinit	4	static
inits.c:212:6:ADC_Ch2_init	40	static
inits.c:136:6:ADC_init	8	static
inits.c:255:6:ADC_Ch2_reinit	4	static
inits.c:274:6:LEDs_Buttons_init	32	static
inits.c:312:6:LTDC_init	48	static
inits.c:411:6:SDRAM_init	56	static
inits.c:527:6:DMA2D_init	24	static
inits.c:568:6:I2C_TS_init	8	static
inits.c:610:6:SystemClock_Config	32	static
inits.c:665:6:CPU_CACHE_Enable	20	static
inits.c:679:6:MPU_Config	4	static
