inits.c:31:6:TimQE_init	16	static
inits.c:17:6:Timers_init	32	static
inits.c:67:6:TimADC_init	16	static
inits.c:96:6:TimTS_init	24	static
inits.c:129:6:ADC_Ch1_init	40	static
inits.c:172:6:ADC_Ch2_init	40	static
inits.c:115:6:ADC_init	40	static
inits.c:215:6:LEDs_Buttons_init	32	static
inits.c:253:6:LTDC_init	48	static
inits.c:352:6:SDRAM_init	56	static
inits.c:467:6:DMA2D_init	24	static
inits.c:508:6:I2C_TS_init	8	static
inits.c:550:6:SystemClock_Config	32	static
inits.c:605:6:CPU_CACHE_Enable	20	static
