qspif.c:588:13:QSPI_flash_statuspoll_quad	12	static
qspif.c:539:13:QSPI_flash_wren_quad	4	static
qspif.c:707:13:QSPI_flash_clr_errors_quad	4	static
qspif.c:616:13:QSPI_flash_statuspoll_quad_nb.constprop	8	static
qspif.c:400:16:QSPI_flash_write_page_nb	24	static
qspif.c:484:16:QSPI_flash_erase_subsector_nb	8	static
qspif.c:519:13:QSPI_flash_wren_single	12	static
qspif.c:52:6:QSPI_init	40	static
qspif.c:107:6:QSPI_flash_init	24	static
qspif.c:181:9:QSPI_flash_read	20	static
qspif.c:313:9:QSPI_flash_write_nb	16	static
qspif.c:767:9:QSPI_is_busy	0	static
