stm32f7xx_ll_exti.h:905:22:LL_EXTI_ClearFlag_0_31	16	static
stm32f7xx_ll_gpio.h:940:22:LL_GPIO_TogglePin	16	static
stm32f7xx_it.c:22:6:NMI_Handler	4	static
stm32f7xx_it.c:31:6:HardFault_Handler	4	static
stm32f7xx_it.c:44:6:MemManage_Handler	4	static
stm32f7xx_it.c:57:6:BusFault_Handler	4	static
stm32f7xx_it.c:70:6:UsageFault_Handler	4	static
stm32f7xx_it.c:83:6:SVC_Handler	4	static
stm32f7xx_it.c:92:6:DebugMon_Handler	4	static
stm32f7xx_it.c:101:6:PendSV_Handler	4	static
stm32f7xx_it.c:110:6:SysTick_Handler	4	static
stm32f7xx_it.c:127:6:EXTI9_5_IRQHandler	16	static
stm32f7xx_it.c:146:6:EXTI15_10_IRQHandler	8	static
stm32f7xx_it.c:157:6:DMA2_Stream0_IRQHandler	4	static
stm32f7xx_it.c:168:6:DMA2_Stream1_IRQHandler	4	static
stm32f7xx_it.c:179:6:LTDC_ER_IRQHandler	4	static
stm32f7xx_it.c:192:6:DMA2D_IRQHandler	4	static
stm32f7xx_it.c:205:6:TIM4_IRQHandler	4	static
