ui.c:77:6:initUI	24	static
ui.c:276:6:drawGrid	24	static
ui.c:310:6:voltsToStr	40	static
ui.c:352:6:hertzToStr	40	static
ui.c:397:6:secToStr	24	static
ui.c:417:6:window_1_callback	24	static
ui.c:452:6:window_2_callback	16	static
ui.c:458:6:window_3_callback	24	static
ui.c:547:6:window_4_callback	16	static
ui.c:569:6:window_5_callback	24	static
ui.c:633:6:switchNextWindow	8	static
ui.c:672:6:DisplayMeasurements	16	static
ui.c:784:6:switchNextField	8	static
ui.c:801:13:selectField	24	static
ui.c:869:6:changeFieldValue	32	static
