ui.c:1166:13:window_8_callback	0	static
ui.c:1595:13:selectField	8	static
ui.c:898:13:window_5_callback	16	static
ui.c:802:13:window_2_callback	0	static
ui.c:228:6:initUI	56	static
ui.c:553:6:drawGrid	4	static
ui.c:808:13:window_3_callback	32	static
ui.c:614:6:voltsToStr	24	static
ui.c:656:6:hertzToStr	24	static
ui.c:717:6:secToStr	16	static
ui.c:1357:6:switchNextWindow	8	static
ui.c:1421:6:clearWind4Submenus	16	static
ui.c:958:13:window_4_callback	32	static
ui.c:1440:6:DisplayMeasurements	24	static
ui.c:1552:9:getCurrField	0	static
ui.c:1562:6:goToField	16	static
ui.c:1578:6:switchNextField	8	static
ui.c:2001:6:dispToff	56	static
ui.c:2218:9:getCurrMathField	0	static
ui.c:2228:9:getCurrCursorField	0	static
ui.c:2238:6:initFields	56	static
ui.c:2379:6:drawRedBorder	16	static
ui.c:2091:6:changeFieldValueCursor	56	static
ui.c:1663:6:changeFieldValue	96	static
ui.c:1110:13:window_7_callback	24	static
ui.c:1063:13:window_6_callback	16	static
ui.c:2026:6:changeFieldValueMath	32	static
ui.c:1172:13:window_9_callback	24	static
ui.c:1261:13:window_10_callback	24	static
ui.c:737:13:window_1_callback	32	static
ui.c:2402:6:clearRedBorder	16	static
ui.c:2427:6:captureScreenshot	48	static
ui.c:2476:6:deleteCurrScreenshot	56	static
ui.c:2509:6:displayScreenshot	32	static
ui.c:2539:6:displayOlderScreenshot	48	static
ui.c:2560:9:displayNewerScreenshot	48	static
ui.c:2581:9:enterScrnshtViewMode	32	static
