ui.c:1369:13:window_11_callback	0	static
ui.c:1617:13:selectField	8	static
ui.c:914:13:window_5_callback	16	static
ui.c:1182:13:window_8_callback	0	static
ui.c:818:13:window_2_callback	0	static
ui.c:233:6:initUI	56	static
ui.c:569:6:drawGrid	4	static
ui.c:824:13:window_3_callback	32	static
ui.c:630:6:voltsToStr	24	static
ui.c:672:6:hertzToStr	24	static
ui.c:733:6:secToStr	16	static
ui.c:1379:6:switchNextWindow	8	static
ui.c:1443:6:clearWind4Submenus	16	static
ui.c:974:13:window_4_callback	32	static
ui.c:1462:6:DisplayMeasurements	24	static
ui.c:1574:9:getCurrField	0	static
ui.c:1584:6:goToField	16	static
ui.c:1600:6:switchNextField	8	static
ui.c:2023:6:dispToff	56	static
ui.c:2240:9:getCurrMathField	0	static
ui.c:2250:9:getCurrCursorField	0	static
ui.c:2260:6:initFields	56	static
ui.c:2401:6:drawRedBorder	16	static
ui.c:2113:6:changeFieldValueCursor	56	static
ui.c:1685:6:changeFieldValue	96	static
ui.c:1126:13:window_7_callback	24	static
ui.c:1079:13:window_6_callback	16	static
ui.c:2048:6:changeFieldValueMath	32	static
ui.c:1188:13:window_9_callback	24	static
ui.c:1277:13:window_10_callback	24	static
ui.c:753:13:window_1_callback	32	static
ui.c:2424:6:clearRedBorder	16	static
ui.c:2450:6:displayInfo	16	static
ui.c:2467:6:captureScreenshot	56	static
ui.c:2514:6:deleteCurrScreenshot	56	static
ui.c:2547:6:displayScreenshot	32	static
ui.c:2577:9:displayOlderScreenshot	48	static
ui.c:2598:9:displayNewerScreenshot	48	static
ui.c:2619:9:enterScrnshtViewMode	32	static
